Collecting mujoco==3.3.7
  Downloading mujoco-3.3.7-cp311-cp311-manylinux_2_27_x86_64.manylinux_2_28_x86_64.whl.metadata (41 kB)
Collecting imageio
  Downloading imageio-2.37.4-py3-none-any.whl.metadata (9.6 kB)
Collecting imageio-ffmpeg
  Downloading imageio_ffmpeg-0.6.0-py3-none-manylinux2014_x86_64.whl.metadata (1.5 kB)
Collecting matplotlib
  Downloading matplotlib-3.11.2-cp311-cp311-manylinux2014_x86_64.manylinux_2_17_x86_64.whl.metadata (80 kB)
Collecting absl-py (from mujoco==3.3.7)
  Downloading absl_py-2.5.0-py3-none-any.whl.metadata (3.3 kB)
Collecting etils[epath] (from mujoco==3.3.7)
  Downloading etils-1.14.0-py3-none-any.whl.metadata (6.5 kB)
Collecting glfw (from mujoco==3.3.7)
  Downloading glfw-2.10.2-py2.py3-none-manylinux_2_28_x86_64.whl.metadata (5.5 kB)
Collecting numpy (from mujoco==3.3.7)
  Downloading numpy-2.4.6-cp311-cp311-manylinux_2_27_x86_64.manylinux_2_28_x86_64.whl.metadata (6.6 kB)
Collecting pyopengl (from mujoco==3.3.7)
  Downloading pyopengl-3.1.10-py3-none-any.whl.metadata (3.3 kB)
Collecting pillow>=8.3.2 (from imageio)
  Downloading pillow-12.3.0-cp311-cp311-manylinux_2_27_x86_64.manylinux_2_28_x86_64.whl.metadata (9.1 kB)
Collecting contourpy>=1.0.1 (from matplotlib)
  Downloading contourpy-1.3.3-cp311-cp311-manylinux_2_27_x86_64.manylinux_2_28_x86_64.whl.metadata (5.5 kB)
Collecting cycler>=0.10 (from matplotlib)
  Downloading cycler-0.12.1-py3-none-any.whl.metadata (3.8 kB)
Collecting fonttools>=4.28.2 (from matplotlib)
  Downloading fonttools-4.65.0-cp311-cp311-manylinux2014_x86_64.manylinux_2_17_x86_64.whl.metadata (125 kB)
Collecting kiwisolver>=1.3.1 (from matplotlib)
  Downloading kiwisolver-1.5.1-cp311-cp311-manylinux2014_x86_64.manylinux_2_17_x86_64.whl.metadata (5.2 kB)
Requirement already satisfied: packaging>=20.0 in ./runs/sim2sim_dvgc/.venv/lib/python3.11/site-packages (from matplotlib) (26.3)
Collecting pyparsing>=3 (from matplotlib)
  Downloading pyparsing-3.3.2-py3-none-any.whl.metadata (5.8 kB)
Collecting python-dateutil>=2.7 (from matplotlib)
  Downloading python_dateutil-2.9.0.post0-py2.py3-none-any.whl.metadata (8.4 kB)
Collecting six>=1.5 (from python-dateutil>=2.7->matplotlib)
  Downloading six-1.17.0-py2.py3-none-any.whl.metadata (1.7 kB)
Collecting fsspec (from etils[epath]->mujoco==3.3.7)
  Downloading fsspec-2026.9.0-py3-none-any.whl.metadata (10 kB)
Collecting typing_extensions (from etils[epath]->mujoco==3.3.7)
  Downloading typing_extensions-4.16.0-py3-none-any.whl.metadata (3.3 kB)
Collecting zipp (from etils[epath]->mujoco==3.3.7)
  Downloading zipp-4.1.0-py3-none-any.whl.metadata (3.6 kB)
Downloading mujoco-3.3.7-cp311-cp311-manylinux_2_27_x86_64.manylinux_2_28_x86_64.whl (6.8 MB)
   ━━━━━━━━━━━━━━━━━━━━━━━━━━━━━━━━━━━━━━━━ 6.8/6.8 MB 4.7 MB/s  0:00:01
Downloading imageio-2.37.4-py3-none-any.whl (318 kB)
Downloading imageio_ffmpeg-0.6.0-py3-none-manylinux2014_x86_64.whl (29.5 MB)
   ━━━━━━━━━━━━━━━━━━━━━━━━━━━━━━━━━━━━━━━━ 29.5/29.5 MB 6.2 MB/s  0:00:04
Downloading matplotlib-3.11.2-cp311-cp311-manylinux2014_x86_64.manylinux_2_17_x86_64.whl (9.9 MB)
   ━━━━━━━━━━━━━━━━━━━━━━━━━━━━━━━━━━━━━━━━ 9.9/9.9 MB 2.3 MB/s  0:00:04
Downloading contourpy-1.3.3-cp311-cp311-manylinux_2_27_x86_64.manylinux_2_28_x86_64.whl (355 kB)
Downloading cycler-0.12.1-py3-none-any.whl (8.3 kB)
Downloading fonttools-4.65.0-cp311-cp311-manylinux2014_x86_64.manylinux_2_17_x86_64.whl (5.5 MB)
   ━━━━━━━━━━━━━━━━━━━━━━━━━━━━━━━━━━━━━━━━ 5.5/5.5 MB 2.1 MB/s  0:00:02
Downloading kiwisolver-1.5.1-cp311-cp311-manylinux2014_x86_64.manylinux_2_17_x86_64.whl (1.4 MB)
   ━━━━━━━━━━━━━━━━━━━━━━━━━━━━━━━━━━━━━━━━ 1.4/1.4 MB 2.6 MB/s  0:00:00
Downloading numpy-2.4.6-cp311-cp311-manylinux_2_27_x86_64.manylinux_2_28_x86_64.whl (16.9 MB)
   ━━━━━━━━━━━━━━━━━━━━━━━━━━━━━━━━━━━━━━━━ 16.9/16.9 MB 3.2 MB/s  0:00:05
Downloading pillow-12.3.0-cp311-cp311-manylinux_2_27_x86_64.manylinux_2_28_x86_64.whl (6.9 MB)
   ━━━━━━━━━━━━━━━━━━━━━━━━━━━━━━━━━━━━━━━━ 6.9/6.9 MB 1.4 MB/s  0:00:05
Downloading pyparsing-3.3.2-py3-none-any.whl (122 kB)
Downloading python_dateutil-2.9.0.post0-py2.py3-none-any.whl (229 kB)
Downloading six-1.17.0-py2.py3-none-any.whl (11 kB)
Downloading absl_py-2.5.0-py3-none-any.whl (137 kB)
Downloading etils-1.14.0-py3-none-any.whl (172 kB)
Downloading fsspec-2026.9.0-py3-none-any.whl (221 kB)
Downloading glfw-2.10.2-py2.py3-none-manylinux_2_28_x86_64.whl (248 kB)
Downloading pyopengl-3.1.10-py3-none-any.whl (3.2 MB)
   ━━━━━━━━━━━━━━━━━━━━━━━━━━━━━━━━━━━━━━━━ 3.2/3.2 MB 2.6 MB/s  0:00:01
Downloading typing_extensions-4.16.0-py3-none-any.whl (45 kB)
Downloading zipp-4.1.0-py3-none-any.whl (10 kB)
Installing collected packages: pyopengl, glfw, zipp, typing_extensions, six, pyparsing, pillow, numpy, kiwisolver, imageio-ffmpeg, fsspec, fonttools, etils, cycler, absl-py, python-dateutil, imageio, contourpy, matplotlib, mujoco

Successfully installed absl-py-2.5.0 contourpy-1.3.3 cycler-0.12.1 etils-1.14.0 fonttools-4.65.0 fsspec-2026.9.0 glfw-2.10.2 imageio-2.37.4 imageio-ffmpeg-0.6.0 kiwisolver-1.5.1 matplotlib-3.11.2 mujoco-3.3.7 numpy-2.4.6 pillow-12.3.0 pyopengl-3.1.10 pyparsing-3.3.2 python-dateutil-2.9.0.post0 six-1.17.0 typing_extensions-4.16.0 zipp-4.1.0
