Collecting jax==0.6.2 (from jax[cpu]==0.6.2)
  Downloading jax-0.6.2-py3-none-any.whl.metadata (13 kB)
Collecting flax==0.11.2
  Downloading flax-0.11.2-py3-none-any.whl.metadata (11 kB)
Collecting orbax-checkpoint==0.11.31
  Downloading orbax_checkpoint-0.11.31-py3-none-any.whl.metadata (2.5 kB)
Collecting optax==0.2.6
  Downloading optax-0.2.6-py3-none-any.whl.metadata (7.6 kB)
Collecting chex==0.1.90
  Downloading chex-0.1.90-py3-none-any.whl.metadata (18 kB)
Requirement already satisfied: numpy==1.26.0 in /home/qy/ISAAC——SIM/.venv/lib/python3.11/site-packages (1.26.0)
Collecting jaxlib<=0.6.2,>=0.6.2 (from jax==0.6.2->jax[cpu]==0.6.2)
  Downloading jaxlib-0.6.2-cp311-cp311-manylinux2014_x86_64.whl.metadata (1.3 kB)
Collecting ml_dtypes>=0.5.0 (from jax==0.6.2->jax[cpu]==0.6.2)
  Downloading ml_dtypes-0.6.0-cp311-cp311-manylinux_2_27_x86_64.manylinux_2_28_x86_64.whl.metadata (8.8 kB)
Collecting opt_einsum (from jax==0.6.2->jax[cpu]==0.6.2)
  Using cached opt_einsum-3.4.0-py3-none-any.whl.metadata (6.3 kB)
Requirement already satisfied: scipy>=1.12 in /home/qy/ISAAC——SIM/.venv/lib/python3.11/site-packages (from jax==0.6.2->jax[cpu]==0.6.2) (1.15.3)
Collecting msgpack (from flax==0.11.2)
  Downloading msgpack-1.2.2-cp311-cp311-manylinux2014_x86_64.manylinux_2_17_x86_64.manylinux_2_28_x86_64.whl.metadata (8.3 kB)
Collecting tensorstore (from flax==0.11.2)
  Downloading tensorstore-0.1.85-cp311-cp311-manylinux_2_27_x86_64.manylinux_2_28_x86_64.whl.metadata (3.3 kB)
Collecting rich>=11.1 (from flax==0.11.2)
  Using cached rich-15.0.0-py3-none-any.whl.metadata (18 kB)
Requirement already satisfied: typing_extensions>=4.2 in /home/qy/ISAAC——SIM/.venv/lib/python3.11/site-packages (from flax==0.11.2) (4.12.2)
Requirement already satisfied: PyYAML>=5.4.1 in /home/qy/ISAAC——SIM/.venv/lib/python3.11/site-packages (from flax==0.11.2) (6.0.2)
Collecting treescope>=0.1.7 (from flax==0.11.2)
  Using cached treescope-0.1.10-py3-none-any.whl.metadata (6.6 kB)
Requirement already satisfied: absl-py in /home/qy/ISAAC——SIM/.venv/lib/python3.11/site-packages (from orbax-checkpoint==0.11.31) (2.5.0)
Requirement already satisfied: etils[epath,epy] in /home/qy/ISAAC——SIM/.venv/lib/python3.11/site-packages (from orbax-checkpoint==0.11.31) (1.14.0)
Requirement already satisfied: nest_asyncio in /home/qy/ISAAC——SIM/.venv/lib/python3.11/site-packages (from orbax-checkpoint==0.11.31) (1.5.6)
Requirement already satisfied: aiofiles in /home/qy/ISAAC——SIM/.venv/lib/python3.11/site-packages (from orbax-checkpoint==0.11.31) (23.2.1)
Collecting protobuf (from orbax-checkpoint==0.11.31)
  Downloading protobuf-7.36.2-cp310-abi3-manylinux2014_x86_64.whl.metadata (595 bytes)
Collecting humanize (from orbax-checkpoint==0.11.31)
  Downloading humanize-4.16.0-py3-none-any.whl.metadata (8.0 kB)
Collecting simplejson>=3.16.0 (from orbax-checkpoint==0.11.31)
  Downloading simplejson-4.1.2-cp311-cp311-manylinux1_x86_64.manylinux_2_28_x86_64.manylinux_2_5_x86_64.whl.metadata (3.8 kB)
Requirement already satisfied: psutil in /home/qy/ISAAC——SIM/.venv/lib/python3.11/site-packages (from orbax-checkpoint==0.11.31) (5.9.8)
Collecting toolz>=0.9.0 (from chex==0.1.90)
  Downloading toolz-1.1.0-py3-none-any.whl.metadata (5.1 kB)
INFO: pip is looking at multiple versions of ml-dtypes to determine which version is compatible with other requirements. This could take a while.
Collecting ml_dtypes>=0.5.0 (from jax==0.6.2->jax[cpu]==0.6.2)
  Using cached ml_dtypes-0.5.4-cp311-cp311-manylinux_2_27_x86_64.manylinux_2_28_x86_64.whl.metadata (8.9 kB)
Collecting markdown-it-py>=2.2.0 (from rich>=11.1->flax==0.11.2)
  Using cached markdown_it_py-4.2.0-py3-none-any.whl.metadata (7.4 kB)
Collecting pygments<3.0.0,>=2.13.0 (from rich>=11.1->flax==0.11.2)
  Downloading pygments-2.21.0-py3-none-any.whl.metadata (2.5 kB)
Collecting mdurl~=0.1 (from markdown-it-py>=2.2.0->rich>=11.1->flax==0.11.2)
  Using cached mdurl-0.1.2-py3-none-any.whl.metadata (1.6 kB)
Requirement already satisfied: fsspec in /home/qy/ISAAC——SIM/.venv/lib/python3.11/site-packages (from etils[epath,epy]->orbax-checkpoint==0.11.31) (2024.6.1)
Requirement already satisfied: zipp in /home/qy/ISAAC——SIM/.venv/lib/python3.11/site-packages (from etils[epath,epy]->orbax-checkpoint==0.11.31) (4.1.0)
Downloading jax-0.6.2-py3-none-any.whl (2.7 MB)
   ━━━━━━━━━━━━━━━━━━━━━━━━━━━━━━━━━━━━━━━━ 2.7/2.7 MB 4.2 MB/s  0:00:01
Downloading flax-0.11.2-py3-none-any.whl (458 kB)
Downloading orbax_checkpoint-0.11.31-py3-none-any.whl (602 kB)
   ━━━━━━━━━━━━━━━━━━━━━━━━━━━━━━━━━━━━━━━━ 602.4/602.4 kB 11.2 MB/s  0:00:00
Downloading optax-0.2.6-py3-none-any.whl (367 kB)
Downloading chex-0.1.90-py3-none-any.whl (101 kB)
Downloading jaxlib-0.6.2-cp311-cp311-manylinux2014_x86_64.whl (89.9 MB)
   ━━━━━━━━━━━━━━━━━━━━━━━━━━━━━━━━━━━━━━━━ 89.9/89.9 MB 6.6 MB/s  0:00:13
Using cached ml_dtypes-0.5.4-cp311-cp311-manylinux_2_27_x86_64.manylinux_2_28_x86_64.whl (5.0 MB)
Using cached rich-15.0.0-py3-none-any.whl (310 kB)
Downloading pygments-2.21.0-py3-none-any.whl (1.3 MB)
   ━━━━━━━━━━━━━━━━━━━━━━━━━━━━━━━━━━━━━━━━ 1.3/1.3 MB 4.9 MB/s  0:00:00
Using cached markdown_it_py-4.2.0-py3-none-any.whl (91 kB)
Using cached mdurl-0.1.2-py3-none-any.whl (10.0 kB)
Downloading simplejson-4.1.2-cp311-cp311-manylinux1_x86_64.manylinux_2_28_x86_64.manylinux_2_5_x86_64.whl (187 kB)
Downloading tensorstore-0.1.85-cp311-cp311-manylinux_2_27_x86_64.manylinux_2_28_x86_64.whl (21.6 MB)
   ━━━━━━━━━━━━━━━━━━━━━━━━━━━━━━━━━━━━━━━━ 21.6/21.6 MB 6.6 MB/s  0:00:03
Downloading toolz-1.1.0-py3-none-any.whl (58 kB)
Using cached treescope-0.1.10-py3-none-any.whl (182 kB)
Downloading humanize-4.16.0-py3-none-any.whl (137 kB)
Downloading msgpack-1.2.2-cp311-cp311-manylinux2014_x86_64.manylinux_2_17_x86_64.manylinux_2_28_x86_64.whl (422 kB)
Using cached opt_einsum-3.4.0-py3-none-any.whl (71 kB)
Downloading protobuf-7.36.2-cp310-abi3-manylinux2014_x86_64.whl (343 kB)
Installing collected packages: treescope, toolz, simplejson, pygments, protobuf, opt_einsum, msgpack, ml_dtypes, mdurl, humanize, tensorstore, markdown-it-py, jaxlib, rich, jax, orbax-checkpoint, chex, optax, flax

Successfully installed chex-0.1.90 flax-0.11.2 humanize-4.16.0 jax-0.6.2 jaxlib-0.6.2 markdown-it-py-4.2.0 mdurl-0.1.2 ml_dtypes-0.5.4 msgpack-1.2.2 opt_einsum-3.4.0 optax-0.2.6 orbax-checkpoint-0.11.31 protobuf-7.36.2 pygments-2.21.0 rich-15.0.0 simplejson-4.1.2 tensorstore-0.1.85 toolz-1.1.0 treescope-0.1.10
