[Info] [carb] Logging to file: /home/qy/ISAAC——SIM/.venv/lib/python3.11/site-packages/isaacsim/kit/logs/Kit/Isaac-Sim Python/5.1/kit_20260920_141745.log
[0.038s] [ext: omni.kit.async_engine-0.0.3] startup
[0.087s] [ext: omni.metrics.core-0.0.3] startup
[0.087s] [ext: omni.client.lib-1.1.0] startup
[0.095s] [ext: omni.blobkey-1.1.2] startup
[0.096s] [ext: omni.stats-1.0.1] startup
[0.096s] [ext: omni.datastore-0.0.0] startup
[0.100s] [ext: omni.client-1.3.0] startup
[0.102s] [ext: omni.ujitso.default-1.0.0] startup
[0.103s] [ext: omni.hsscclient-1.1.2] startup
[0.105s] [ext: omni.gpu_foundation.shadercache.vulkan-1.0.0] startup
[0.106s] [ext: omni.assets.plugins-0.0.0] startup
[0.107s] [ext: omni.gpu_foundation-0.0.0] startup
[0.111s] [ext: carb.windowing.plugins-1.0.0] startup
[0.117s] [ext: omni.kit.renderer.init-0.0.0] startup

|---------------------------------------------------------------------------------------------|
| Driver Version: 580.159.03    | Graphics API: Vulkan
|=============================================================================================|
| GPU | Name                             | Active | LDA | GPU Memory | Vendor-ID | LUID       |
|     |                                  |        |     |            | Device-ID | UUID       |
|     |                                  |        |     |            | Bus-ID    |            |
|---------------------------------------------------------------------------------------------|
| 0   | NVIDIA GeForce RTX 4090 D        | Yes: 0 |     | 24564   MB | 10de      | 0          |
|     |                                  |        |     |            | 2685      | 23608a80.. |
|     |                                  |        |     |            | 1         |            |
|=============================================================================================|
| OS: 22.04.4 LTS (Jammy Jellyfish) ubuntu, Version: 22.04.4, Kernel: 6.8.0-111-generic
| XServer Vendor: The X.Org Foundation, XServer Version: 12101004 (1.21.1.4)
| Processor: Intel(R) Core(TM) i9-14900KF
| Cores: 24 | Logical Cores: 32
|---------------------------------------------------------------------------------------------|
| Total Memory (MB): 31931 | Free Memory: 16396
| Total Page/Swap (MB): 2047 | Free Page/Swap: 0
|---------------------------------------------------------------------------------------------|
2026-09-20T06:17:46Z [509ms] [Warning] [gpu.foundation.plugin] CPU performance profile is set to powersave. This profile sets the CPU to the lowest frequency reducing performance.
2026-09-20T06:17:46Z [518ms] [Warning] [gpu.foundation.plugin] IOMMU is enabled.
[0.639s] [ext: omni.materialx.libs-1.0.7] startup
[0.644s] [ext: omni.kit.telemetry-0.5.2] startup
[0.654s] [ext: omni.usd.config-1.0.6] startup
[0.656s] [ext: omni.gpucompute.plugins-0.0.0] startup
[0.657s] [ext: omni.usd.libs-1.0.1] startup
[0.711s] [ext: omni.kit.loop-isaac-1.3.7] startup
[0.712s] [ext: omni.kit.test-2.0.1] startup
[0.740s] [ext: omni.mdl-56.0.3] startup
[0.777s] [ext: omni.iray.libs-0.0.0] startup
[0.780s] [ext: omni.mdl.neuraylib-0.2.12] startup
[0.781s] [ext: omni.kit.usd.mdl-1.1.5] startup
[0.836s] [ext: omni.kit.pipapi-0.0.0] startup
[0.836s] [ext: omni.appwindow-1.1.10] startup
[0.837s] [ext: omni.kit.renderer.core-1.1.0] startup
[1.497s] [ext: omni.kit.renderer.capture-0.0.0] startup
[1.499s] [ext: omni.kit.renderer.imgui-2.0.5] startup
[1.783s] [ext: omni.ui-2.27.1] startup
[1.789s] [ext: omni.kit.mainwindow-1.0.3] startup
[1.790s] [ext: carb.audio-0.1.0] startup
[1.792s] [ext: omni.uiaudio-1.0.0] startup
[1.792s] [ext: omni.kit.uiapp-0.0.0] startup
[1.792s] [ext: omni.usd.schema.metrics.assembler-107.3.1] startup
[1.794s] [ext: omni.usd.schema.physx-107.3.26] startup
[1.812s] [ext: omni.usd.schema.geospatial-0.0.0] startup
[1.814s] [ext: omni.usd.schema.audio-0.0.0] startup
[1.816s] [ext: omni.usd.schema.anim-0.0.0] startup
[1.826s] [ext: omni.usd.schema.flow-107.1.1] startup
[1.827s] [ext: omni.usd_resolver-1.0.0] startup
[1.829s] [ext: omni.usd.core-1.5.3] startup
[1.830s] [ext: omni.usd.schema.omni_sensors-0.0.0] startup
[1.843s] [ext: omni.usd.schema.semantics-0.0.0] startup
[1.845s] [ext: omni.usd.schema.omniscripting-1.0.0] startup
[1.847s] [ext: omni.usd.schema.omni_lens_distortion-0.0.0] startup
[1.847s] [ext: omni.usd.schema.omnigraph-1.0.0] startup
[1.850s] [ext: omni.kit.window.popup_dialog-2.0.24] startup
[1.852s] [ext: omni.graph.exec-0.9.6] startup
[1.852s] [ext: omni.kit.widget.nucleus_connector-2.0.1] startup
[1.854s] [ext: omni.kit.usd_undo-0.1.8] startup
[1.854s] [ext: omni.kit.exec.core-0.13.4] startup
[1.855s] [ext: omni.kit.actions.core-1.0.0] startup
[1.856s] [ext: omni.resourcemonitor-107.0.1] startup
[1.857s] [ext: omni.activity.core-1.0.3] startup
[1.858s] [ext: omni.timeline-1.0.14] startup
[1.859s] [ext: omni.kit.commands-1.4.10] startup
[1.861s] [ext: usdrt.scenegraph-7.6.1] startup
[1.882s] [ext: omni.kit.audiodeviceenum-1.0.2] startup
[1.882s] [ext: omni.hydra.usdrt_delegate-7.5.1] startup
[1.886s] [ext: omni.hydra.scene_delegate-0.3.4] startup
[1.888s] [ext: omni.usd-1.13.10] startup
[1.900s] [ext: omni.inspect-1.0.2] startup
[1.901s] [ext: omni.kit.notification_manager-1.0.10] startup
[1.902s] [ext: omni.graph.core-2.184.5] startup
[1.903s] [ext: isaacsim.core.deprecation_manager-0.2.7] startup
[1.904s] [ext: omni.anim.graph.schema-107.3.3] startup
[1.907s] [ext: omni.usd.schema.isaac-3.0.5] startup
[1.907s] [ext: omni.anim.navigation.schema-107.3.3] startup
[1.909s] [ext: omni.kit.asset_converter-5.0.17] startup
[1.915s] [ext: isaacsim.robot.schema-3.6.0] startup
[1.919s] [ext: omni.usd.schema.render_settings.rtx-0.0.0] startup
[1.920s] [ext: omni.kit.menu.core-1.1.2] startup
[1.920s] [ext: omni.kit.widget.path_field-2.0.11] startup
[1.920s] [ext: omni.kit.widget.context_menu-1.2.5] startup
[1.921s] [ext: omni.kit.widget.browser_bar-2.0.10] startup
[1.921s] [ext: omni.kit.clipboard-1.0.5] startup
[1.922s] [ext: omni.kit.numpy.common-0.1.3] startup
[1.922s] [ext: omni.kit.widget.options_menu-1.1.6] startup
[1.924s] [ext: omni.kit.helper.file_utils-0.1.9] startup
[1.925s] [ext: omni.ui.scene-1.11.5] startup
[1.927s] [ext: omni.kit.widget.options_button-1.0.3] startup
[1.927s] [ext: omni.kit.widget.filebrowser-2.12.3] startup
[1.930s] [ext: omni.kit.usd.layers-2.2.11] startup
[1.934s] [ext: omni.kit.window.filepicker-2.13.4] startup
[1.941s] [ext: omni.kit.hotkeys.core-1.3.10] startup
[1.942s] [ext: omni.kit.context_menu-1.8.6] startup
[1.943s] [ext: omni.kit.property.adapter.core-1.0.2] startup
[1.944s] [ext: omni.kit.window.file_exporter-1.0.33] startup
[1.945s] [ext: omni.kit.widget.searchfield-1.1.8] startup
[1.946s] [ext: omni.kit.widget.filter-1.1.4] startup
[1.946s] [ext: omni.kit.widget.graph-2.0.0] startup
[1.949s] [ext: omni.kit.widget.stage-3.1.4] startup
[1.954s] [ext: omni.kit.property.adapter.usd-1.0.2] startup
[1.955s] [ext: omni.kit.property.adapter.fabric-1.0.3] startup
[1.955s] [ext: omni.kit.graph.delegate.default-1.2.3] startup
[1.956s] [ext: omni.kit.window.file_importer-1.1.18] startup
[1.956s] [ext: omni.kit.stage_template.core-1.1.22] startup
[1.956s] [ext: omni.kit.menu.utils-2.0.5] startup
[1.959s] [ext: omni.kit.window.file-2.0.5] startup
[1.960s] [ext: omni.kit.widget.highlight_label-1.0.3] startup
[1.960s] [ext: omni.kit.window.drop_support-1.0.5] startup
[1.960s] [ext: omni.kit.window.content_browser_registry-0.0.6] startup
[1.961s] [ext: omni.kit.window.property-1.12.1] startup
[1.962s] [ext: omni.kit.window.content_browser-3.1.3] startup
[1.968s] [ext: isaacsim.core.version-2.0.6] startup
[1.968s] [ext: omni.kit.property.usd-4.5.12] startup
[1.974s] [ext: omni.kit.graph.editor.core-1.5.3] startup
[1.975s] [ext: omni.kit.material.library-2.0.7] startup
[1.977s] [ext: omni.kit.graph.usd.commands-1.3.1] startup
[1.977s] [ext: omni.kvdb-107.3.26] startup
[1.978s] [ext: omni.usdphysics-107.3.26] startup
[1.979s] [ext: omni.physx.foundation-107.3.26] startup
[1.980s] [ext: omni.localcache-107.3.26] startup
[1.981s] [ext: omni.convexdecomposition-107.3.26] startup
[1.983s] [ext: omni.physics-107.3.26] startup
[1.984s] [ext: omni.physx.cooking-107.3.26] startup
[1.986s] [ext: omni.physics.stageupdate-107.3.26] startup
[1.987s] [ext: omni.physx-107.3.26] startup
[1.992s] [ext: omni.index.libs-380600.8087.0] startup
[1.992s] [ext: omni.physics.physx-107.3.26] startup
2026-09-20T06:17:47Z [1,987ms] [Warning] [carb] Acquiring non optional plugin interface which is not listed as dependency: [omni::physx::IPhysxBenchmarks v1.0] (plugin: <default plugin>), by client: omni.physics.physx.plugin. Add it to CARB_PLUGIN_IMPL_DEPS() macro of a client.
[1.993s] [ext: omni.index-1.0.1] startup
[1.993s] [ext: omni.volume-0.5.2] startup
[1.995s] [ext: omni.ujitso.client-0.0.0] startup
[1.995s] [ext: omni.hydra.rtx.shadercache.vulkan-1.0.0] startup
[1.995s] [ext: omni.kit.widget.searchable_combobox-1.0.6] startup
[1.996s] [ext: omni.hydra.rtx-1.0.0] startup
2026-09-20T06:17:47Z [2,001ms] [Warning] [omni.log] Source: omni.hydra was already registered.
[2.014s] [ext: omni.kit.widget.settings-1.2.6] startup
[2.016s] [ext: omni.kit.hydra_texture-1.4.6] startup
[2.017s] [ext: omni.graph.tools-1.79.2] startup
[2.030s] [ext: omni.kit.window.preferences-1.8.0] startup
[2.032s] [ext: omni.kit.widget.material_preview-1.0.16] startup
[2.033s] [ext: omni.graph-1.141.2] startup
[2.055s] [ext: omni.kit.window.material_graph-1.9.1] startup
[2.060s] [ext: omni.isaac.dynamic_control-2.0.7] startup
2026-09-20T06:17:47Z [2,057ms] [Warning] [omni.isaac.dynamic_control] omni.isaac.dynamic_control is deprecated as of Isaac Sim 4.5. No action is needed from end-users.
[2.063s] [ext: isaacsim.storage.native-1.5.1] startup
[2.065s] [ext: omni.graph.scriptnode-1.50.0] startup
[2.066s] [ext: omni.hydra.engine.stats-1.0.3] startup
[2.069s] [ext: omni.kit.viewport.legacy_gizmos-1.0.19] startup
[2.070s] [ext: omni.kit.raycast.query-1.1.0] startup
[2.074s] [ext: omni.graph.action_core-1.1.7] startup
[2.075s] [ext: omni.kit.viewport.scene_camera_model-1.0.6] startup
[2.078s] [ext: omni.graph.image.core-0.6.1] startup
[2.079s] [ext: omni.kit.widget.viewport-107.1.3] startup
[2.085s] [ext: omni.kit.viewport.registry-104.0.6] startup
[2.086s] [ext: omni.usd.metrics.assembler-107.3.1] startup
[2.088s] [ext: omni.kit.viewport.window-107.2.0] startup
[2.098s] [ext: omni.kit.viewport.menubar.core-107.2.1] startup
[2.106s] [ext: omni.graph.image.nodes-1.3.1] startup
[2.106s] [ext: omni.usd.metrics.assembler.physics-107.3.26] startup
[2.107s] [ext: omni.warp.core-1.8.2] startup
[2.211s] [ext: omni.kit.viewport.utility-1.1.2] startup
[2.211s] [ext: omni.physics.tensors-107.3.26] startup
[2.216s] [ext: omni.syntheticdata-0.6.13] startup
[2.229s] [ext: isaacsim.test.docstring-1.1.0] startup
[2.233s] [ext: isaacsim.core.utils-3.5.1] startup
[2.237s] [ext: omni.physx.tensors-107.3.26] startup
[2.240s] [ext: omni.graph.nodes-1.170.10] startup
[2.248s] [ext: omni.graph.action_nodes-1.50.4] startup
[2.250s] [ext: omni.kit.primitive.mesh-1.0.17] startup
[2.254s] [ext: isaacsim.core.simulation_manager-1.4.4] startup
[3.017s] [ext: omni.graph.ui_nodes-1.50.5] startup
[3.020s] [ext: omni.graph.action-1.130.0] startup
[3.021s] [ext: omni.kit.stage_templates-2.0.0] startup
[3.025s] [ext: isaacsim.core.prims-0.6.1] startup
[3.045s] [ext: omni.warp-1.8.2] startup
[3.049s] [ext: omni.videoencoding-0.1.2] startup
[3.052s] [ext: isaacsim.core.api-4.8.0] startup
[3.062s] [ext: isaacsim.core.experimental.utils-0.3.0] startup
[3.066s] [ext: omni.replicator.core-1.12.27] startup
2026-09-20T06:17:48Z [3,067ms] [Warning] [pxr.Semantics] pxr.Semantics is deprecated - please use Semantics instead
2026-09-20T06:17:48Z [3,139ms] [Warning] [omni.graph.core.plugin] Found duplicate of category 'Replicator' - was 'Annotators', adding 'Fabric Reader'
2026-09-20T06:17:48Z [3,139ms] [Warning] [omni.graph.core.plugin] Category 'Replicator' not accepted on node type 'omni.replicator.core.FabricReader' in extension 'omni.replicator.core'
2026-09-20T06:17:48Z [3,140ms] [Warning] [omni.replicator.core.scripts.extension] No material configuration file, adding configuration to material settings directly.
[3.156s] [ext: isaacsim.core.experimental.prims-0.8.1] startup
[3.191s] [ext: omni.kit.window.extensions-1.4.27] startup
[3.198s] [ext: isaacsim.core.experimental.objects-0.4.0] startup
[3.202s] [ext: omni.ui_query-1.1.8] startup
[3.204s] [ext: omni.kit.manipulator.viewport-107.0.1] startup
[3.206s] [ext: isaacsim.robot.surface_gripper-3.3.1] startup
[3.211s] [ext: omni.kit.ui_test-1.3.7] startup
[3.213s] [ext: omni.graph.visualization.nodes-2.1.3] startup
[3.250s] [ext: isaacsim.robot_motion.lula-4.0.8] startup
[3.259s] [ext: isaacsim.core.nodes-3.4.3] startup
[3.265s] [ext: isaacsim.gui.components-1.2.1] startup
[3.270s] [ext: isaacsim.robot_motion.motion_generation-8.0.26] startup
[3.286s] [ext: isaacsim.robot.manipulators-3.3.6] startup
[3.295s] [ext: isaacsim.core.experimental.materials-0.4.0] startup
[3.333s] [ext: isaacsim.robot.manipulators.examples-1.1.2] startup
[3.340s] [ext: isaacsim.cortex.framework-1.0.12] startup
[3.387s] [ext: isaacsim.cortex.behaviors-2.0.14] startup
[3.390s] [ext: omni.isaac.cortex.sample_behaviors-2.0.5] startup
2026-09-20T06:17:48Z [3,387ms] [Warning] [omni.isaac.cortex] omni.isaac.cortex has been deprecated in favor of isaacsim.cortex.framework. Please update your code accordingly.
2026-09-20T06:17:48Z [3,387ms] [Warning] [omni.isaac.cortex.sample_behaviors] omni.isaac.cortex.sample_behaviors has been deprecated in favor of isaacsim.cortex.behaviors. Please update your code accordingly.
[3.392s] [ext: omni.kit.widget.zoombar-1.0.6] startup
[3.407s] [ext: isaacsim.gui.content_browser-0.1.11] startup
[3.512s] [ext: omni.kit.browser.core-2.3.13] startup
[3.569s] [ext: omni.kit.widget.stage_icons-1.0.8] startup
[3.573s] [ext: omni.kit.widget.prompt-1.0.7] startup
[3.574s] [ext: omni.kit.usd.collect-2.4.5] startup
[3.577s] [ext: omni.kit.browser.folder.core-1.10.9] startup
[3.581s] [ext: omni.kit.window.stage-2.6.1] startup
[3.585s] [ext: omni.kit.usdz_export-1.0.9] startup
[3.587s] [ext: omni.kit.tool.collect-2.2.18] startup
[3.591s] [ext: omni.kit.menu.stage-1.2.7] startup
[3.592s] [ext: omni.kit.tool.asset_importer-4.3.2] startup
[3.600s] [ext: isaacsim.robot.wheeled_robots-4.0.24] startup
[3.607s] [ext: isaacsim.examples.browser-0.2.1] startup
[3.612s] [ext: isaacsim.asset.importer.urdf-2.4.30] startup
[3.673s] [ext: omni.isaac.wheeled_robots-3.0.7] startup
2026-09-20T06:17:49Z [3,670ms] [Warning] [omni.isaac.wheeled_robots] omni.isaac.wheeled_robots has been deprecated in favor of isaacsim.robot.wheeled_robots. Please update your code accordingly.
2026-09-20T06:17:49Z [3,670ms] [Warning] [omni.isaac.wheeled_robots.controllers] omni.isaac.wheeled_robots has been deprecated in favor of isaacsim.robot.wheeled_robots. Please update your code accordingly.
2026-09-20T06:17:49Z [3,670ms] [Warning] [omni.isaac.wheeled_robots.controllers.ackermann_controller] omni.isaac.wheeled_robots has been deprecated in favor of isaacsim.robot.wheeled_robots. Please update your code accordingly.
2026-09-20T06:17:49Z [3,670ms] [Warning] [omni.isaac.wheeled_robots.controllers.differential_controller] omni.isaac.wheeled_robots has been deprecated in favor of isaacsim.robot.wheeled_robots. Please update your code accordingly.
2026-09-20T06:17:49Z [3,670ms] [Warning] [omni.isaac.wheeled_robots.controllers.holonomic_controller] omni.isaac.wheeled_robots has been deprecated in favor of isaacsim.robot.wheeled_robots. Please update your code accordingly.
2026-09-20T06:17:49Z [3,670ms] [Warning] [omni.isaac.wheeled_robots.controllers.quintic_path_planner] omni.isaac.wheeled_robots has been deprecated in favor of isaacsim.robot.wheeled_robots. Please update your code accordingly.
2026-09-20T06:17:49Z [3,670ms] [Warning] [omni.isaac.wheeled_robots.controllers.stanley_control] omni.isaac.wheeled_robots has been deprecated in favor of isaacsim.robot.wheeled_robots. Please update your code accordingly.
2026-09-20T06:17:49Z [3,670ms] [Warning] [omni.isaac.wheeled_robots.controllers.wheel_base_pose_controller] omni.isaac.wheeled_robots has been deprecated in favor of isaacsim.robot.wheeled_robots. Please update your code accordingly.
2026-09-20T06:17:49Z [3,670ms] [Warning] [omni.isaac.wheeled_robots.impl] omni.isaac.wheeled_robots has been deprecated in favor of isaacsim.robot.wheeled_robots. Please update your code accordingly.
2026-09-20T06:17:49Z [3,670ms] [Warning] [omni.isaac.wheeled_robots.robots] omni.isaac.wheeled_robots has been deprecated in favor of isaacsim.robot.wheeled_robots. Please update your code accordingly.
2026-09-20T06:17:49Z [3,670ms] [Warning] [omni.isaac.wheeled_robots.robots.holonomic_robot_usd_setup] omni.isaac.wheeled_robots has been deprecated in favor of isaacsim.robot.wheeled_robots. Please update your code accordingly.
2026-09-20T06:17:49Z [3,670ms] [Warning] [omni.isaac.wheeled_robots.robots.wheeled_robot] omni.isaac.wheeled_robots has been deprecated in favor of isaacsim.robot.wheeled_robots. Please update your code accordingly.
[3.676s] [ext: isaacsim.simulation_app-2.12.2] startup
[3.678s] [ext: omni.isaac.franka-1.0.7] startup
2026-09-20T06:17:49Z [3,673ms] [Warning] [omni.isaac.franka] omni.isaac.franka has been deprecated in favor of isaacsim.robot.manipulators.examples.franka. Please update your code accordingly.
2026-09-20T06:17:49Z [3,673ms] [Warning] [omni.isaac.franka.franka] omni.isaac.franka has been deprecated in favor of isaacsim.robot.manipulators.examples.franka. Please update your code accordingly.
2026-09-20T06:17:49Z [3,683ms] [Warning] [omni.isaac.franka.kinematics_solver] omni.isaac.franka has been deprecated in favor of isaacsim.robot.manipulators.examples.franka. Please update your code accordingly.
[3.689s] [ext: omni.isaac.kit-2.0.6] startup
2026-09-20T06:17:49Z [3,685ms] [Warning] [omni.isaac.kit] omni.isaac.kit has been deprecated in favor of isaacsim.simulation_app. Please update your code accordingly.
[3.690s] [ext: omni.kit.selection-0.1.6] startup
[3.692s] [ext: omni.isaac.lula-4.0.6] startup
2026-09-20T06:17:49Z [3,687ms] [Warning] [omni.isaac.lula] omni.isaac.lula has been deprecated in favor of isaacsim.robot_motion.lula. Please update your code accordingly.
[3.693s] [ext: isaacsim.robot_motion.lula_test_widget-1.0.12] startup
[3.697s] [ext: isaacsim.asset.browser-1.3.23] startup
[3.736s] [ext: omni.kit.viewport.actions-107.0.2] startup
[3.740s] [ext: isaacsim.gui.menu-2.4.4] startup
[3.743s] [ext: omni.isaac.manipulators-3.0.7] startup
2026-09-20T06:17:49Z [3,738ms] [Warning] [omni.isaac.manipulators] omni.isaac.manipulators has been deprecated in favor of isaacsim.robot.manipulators. Please update your code accordingly.
2026-09-20T06:17:49Z [3,738ms] [Warning] [omni.isaac.manipulators.controllers] omni.isaac.manipulators has been deprecated in favor of isaacsim.robot.manipulators. Please update your code accordingly.
2026-09-20T06:17:49Z [3,738ms] [Warning] [omni.isaac.manipulators.controllers.pick_place_controller] omni.isaac.manipulators has been deprecated in favor of isaacsim.robot.manipulators. Please update your code accordingly.
2026-09-20T06:17:49Z [3,740ms] [Warning] [omni.isaac.manipulators.controllers.stacking_controller] omni.isaac.manipulators has been deprecated in favor of isaacsim.robot.manipulators. Please update your code accordingly.
2026-09-20T06:17:49Z [3,741ms] [Warning] [omni.isaac.manipulators.grippers] omni.isaac.manipulators has been deprecated in favor of isaacsim.robot.manipulators. Please update your code accordingly.
2026-09-20T06:17:49Z [3,741ms] [Warning] [omni.isaac.manipulators.grippers.gripper] omni.isaac.manipulators has been deprecated in favor of isaacsim.robot.manipulators. Please update your code accordingly.
2026-09-20T06:17:49Z [3,741ms] [Warning] [omni.isaac.manipulators.grippers.parallel_gripper] omni.isaac.manipulators has been deprecated in favor of isaacsim.robot.manipulators. Please update your code accordingly.
2026-09-20T06:17:49Z [3,741ms] [Warning] [omni.isaac.manipulators.grippers.surface_gripper] omni.isaac.manipulators has been deprecated in favor of isaacsim.robot.manipulators. Please update your code accordingly.
2026-09-20T06:17:49Z [3,741ms] [Warning] [omni.isaac.manipulators.manipulators] omni.isaac.manipulators has been deprecated in favor of isaacsim.robot.manipulators. Please update your code accordingly.
2026-09-20T06:17:49Z [3,741ms] [Warning] [omni.isaac.manipulators.manipulators.single_manipulator] omni.isaac.manipulators has been deprecated in favor of isaacsim.robot.manipulators. Please update your code accordingly.
[3.746s] [ext: omni.isaac.lula_test_widget-1.0.6] startup
2026-09-20T06:17:49Z [3,744ms] [Warning] [omni.isaac.lula_test_widget] omni.isaac.lula_test_widget has been deprecated in favor of isaacsim.robot_motion.lula_test_widget. Please update your code accordingly.
[3.749s] [ext: omni.isaac.asset_browser-1.0.6] startup
2026-09-20T06:17:49Z [3,745ms] [Warning] [omni.isaac.asset_browser] omni.isaac.asset_browser has been deprecated in favor of isaacsim.asset.browser. Please update your code accordingly.
[3.753s] [ext: omni.kit.viewport.menubar.display-107.0.3] startup
[3.755s] [ext: omni.isaac.menu-1.0.6] startup
2026-09-20T06:17:49Z [3,751ms] [Warning] [omni.isaac.menu] omni.isaac.menu has been deprecated in favor of isaacsim.gui.menu. Please update your code accordingly.
[3.756s] [ext: omni.isaac.motion_generation-8.0.7] startup
2026-09-20T06:17:49Z [3,752ms] [Warning] [omni.isaac.motion_generation] omni.isaac.motion_generation has been deprecated in favor of isaacsim.robot_motion.motion_generation. Please update your code accordingly.
2026-09-20T06:17:49Z [3,752ms] [Warning] [omni.isaac.motion_generation.articulation_kinematics_solver] omni.isaac.motion_generation has been deprecated in favor of isaacsim.robot_motion.motion_generation. Please update your code accordingly.
2026-09-20T06:17:49Z [3,752ms] [Warning] [omni.isaac.motion_generation.articulation_motion_policy] omni.isaac.motion_generation has been deprecated in favor of isaacsim.robot_motion.motion_generation. Please update your code accordingly.
2026-09-20T06:17:49Z [3,752ms] [Warning] [omni.isaac.motion_generation.articulation_trajectory] omni.isaac.motion_generation has been deprecated in favor of isaacsim.robot_motion.motion_generation. Please update your code accordingly.
2026-09-20T06:17:49Z [3,753ms] [Warning] [omni.isaac.motion_generation.kinematics_interface] omni.isaac.motion_generation has been deprecated in favor of isaacsim.robot_motion.motion_generation. Please update your code accordingly.
2026-09-20T06:17:49Z [3,753ms] [Warning] [omni.isaac.motion_generation.lula] omni.isaac.motion_generation has been deprecated in favor of isaacsim.robot_motion.motion_generation. Please update your code accordingly.
2026-09-20T06:17:49Z [3,753ms] [Warning] [omni.isaac.motion_generation.lula.kinematics] omni.isaac.motion_generation has been deprecated in favor of isaacsim.robot_motion.motion_generation. Please update your code accordingly.
2026-09-20T06:17:49Z [3,753ms] [Warning] [omni.isaac.motion_generation.lula.motion_policies] omni.isaac.motion_generation has been deprecated in favor of isaacsim.robot_motion.motion_generation. Please update your code accordingly.
2026-09-20T06:17:49Z [3,753ms] [Warning] [omni.isaac.motion_generation.lula.path_planners] omni.isaac.motion_generation has been deprecated in favor of isaacsim.robot_motion.motion_generation. Please update your code accordingly.
2026-09-20T06:17:49Z [3,753ms] [Warning] [omni.isaac.motion_generation.lula.trajectory_generator] omni.isaac.motion_generation has been deprecated in favor of isaacsim.robot_motion.motion_generation. Please update your code accordingly.
2026-09-20T06:17:49Z [3,753ms] [Warning] [omni.isaac.motion_generation.motion_policy_controller] omni.isaac.motion_generation has been deprecated in favor of isaacsim.robot_motion.motion_generation. Please update your code accordingly.
2026-09-20T06:17:49Z [3,753ms] [Warning] [omni.isaac.motion_generation.motion_policy_interface] omni.isaac.motion_generation has been deprecated in favor of isaacsim.robot_motion.motion_generation. Please update your code accordingly.
2026-09-20T06:17:49Z [3,753ms] [Warning] [omni.isaac.motion_generation.path_planner_visualizer] omni.isaac.motion_generation has been deprecated in favor of isaacsim.robot_motion.motion_generation. Please update your code accordingly.
2026-09-20T06:17:49Z [3,753ms] [Warning] [omni.isaac.motion_generation.path_planning_interface] omni.isaac.motion_generation has been deprecated in favor of isaacsim.robot_motion.motion_generation. Please update your code accordingly.
2026-09-20T06:17:49Z [3,753ms] [Warning] [omni.isaac.motion_generation.trajectory] omni.isaac.motion_generation has been deprecated in favor of isaacsim.robot_motion.motion_generation. Please update your code accordingly.
2026-09-20T06:17:49Z [3,753ms] [Warning] [omni.isaac.motion_generation.world_interface] omni.isaac.motion_generation has been deprecated in favor of isaacsim.robot_motion.motion_generation. Please update your code accordingly.
[3.759s] [ext: omni.isaac.assets_check-0.3.13] startup
2026-09-20T06:17:49Z [3,754ms] [Warning] [omni.isaac.assets_check] omni.isaac.assets_check has been deprecated in favor of isaacsim.asset.browser. Please update your code accordingly.
[3.759s] [ext: isaacsim.gui.sensors.icon-2.0.3] startup
[3.771s] [ext: isaacsim.asset.importer.mjcf-2.5.13] startup
[3.775s] [ext: omni.sensors.nv.common-3.0.0] startup
[3.780s] [ext: isaacsim.sensors.physics-0.4.3] startup
[3.784s] [ext: omni.sensors.net-1.0.0] startup
[3.786s] [ext: omni.isaac.nucleus-1.0.6] startup
2026-09-20T06:17:49Z [3,781ms] [Warning] [omni.isaac.nucleus] omni.isaac.nucleus has been deprecated in favor of isaacsim.storage.native. Please update your code accordingly.
2026-09-20T06:17:49Z [3,781ms] [Warning] [omni.isaac.nucleus.nucleus] omni.isaac.nucleus.nucleus has been deprecated in favor of isaacsim.storage.native. Please update your code accordingly.
[3.786s] [ext: omni.sensors.nv.materials-2.0.0] startup
[3.789s] [ext: isaacsim.robot.policy.examples-4.1.11] startup
[3.790s] [ext: omni.sensors.nv.wpm-3.0.0] startup
[3.792s] [ext: omni.sensors.nv.lidar-3.0.0] startup
[3.796s] [ext: isaacsim.util.debug_draw-3.1.0] startup
[3.799s] [ext: omni.sensors.nv.radar-3.0.0] startup
[3.801s] [ext: omni.sensors.nv.ids-2.0.0] startup
[3.802s] [ext: isaacsim.core.cloner-1.4.10] startup
[3.803s] [ext: isaacsim.sensors.physx-2.3.2] startup
[3.806s] [ext: isaacsim.sensors.rtx-15.8.4] startup
[3.811s] [ext: isaacsim.sensors.camera-1.3.6] startup
[3.817s] [ext: omni.isaac.quadruped-3.0.7] startup
2026-09-20T06:17:49Z [3,815ms] [Warning] [omni.isaac.quadruped] omni.isaac.quadruped has been deprecated in favor of isaacsim.robot.policy.examples. Please update your code accordingly.
[3.820s] [ext: omni.isaac.cloner-1.0.7] startup
2026-09-20T06:17:49Z [3,815ms] [Warning] [omni.isaac.cloner] omni.isaac.cloner has been deprecated in favor of isaacsim.core.cloner. Please update your code accordingly.
[3.822s] [ext: omni.isaac.range_sensor-4.0.6] startup
2026-09-20T06:17:49Z [3,819ms] [Warning] [omni.isaac.range_sensor] omni.isaac.range_sensor has been deprecated in favor of isaacsim.sensors.physx. Please update your code accordingly.
2026-09-20T06:17:49Z [3,819ms] [Warning] [omni.isaac.range_sensor.commands] omni.isaac.range_sensor.commands has been deprecated in favor of isaacsim.sensors.physx.commands. Please update your code accordingly.
[3.824s] [ext: omni.isaac.sensor-13.0.7] startup
2026-09-20T06:17:49Z [3,820ms] [Warning] [omni.isaac.sensor] omni.isaac.sensor has been deprecated in favor of isaacsim.sensors.camera, isaacsim.sensors.physics, isaacsim.sensors.physx, and isaacsim.sensors.rtx. Please update your code accordingly.
2026-09-20T06:17:49Z [3,820ms] [Warning] [omni.isaac.sensor.camera] omni.isaac.sensor.camera has been deprecated in favor of isaacsim.sensors.camera.camera. Please update your code accordingly.
2026-09-20T06:17:49Z [3,821ms] [Warning] [omni.isaac.sensor.camera_view] omni.isaac.sensor.camera_view has been deprecated in favor of isaacsim.sensors.camera.camera_view. Please update your code accordingly.
2026-09-20T06:17:49Z [3,821ms] [Warning] [omni.isaac.sensor.commands] omni.isaac.sensor.commands has been deprecated in favor of isaacsim.sensors.physics.commands, isaacsim.sensors.physx.commands, and isaacsim.sensors.rtx.commands. Please update your code accordingly.
2026-09-20T06:17:49Z [3,823ms] [Warning] [omni.isaac.sensor.contact_sensor] omni.isaac.sensor.contact_sensor has been deprecated in favor of isaacsim.sensors.physics.contact_sensor. Please update your code accordingly.
2026-09-20T06:17:49Z [3,823ms] [Warning] [omni.isaac.sensor.imu_sensor] omni.isaac.sensor.imu_sensor has been deprecated in favor of isaacsim.sensors.physics.imu_sensor. Please update your code accordingly.
2026-09-20T06:17:49Z [3,823ms] [Warning] [omni.isaac.sensor.lidar_rtx] omni.isaac.sensor.lidar_rtx has been deprecated in favor of isaacsim.sensors.rtx.lidar_rtx. Please update your code accordingly.
2026-09-20T06:17:49Z [3,823ms] [Warning] [omni.isaac.sensor.rotating_lidar_physX] omni.isaac.sensor.imu_sensor has been deprecated in favor of isaacsim.sensors.physix.rotating_lidar_physX. Please update your code accordingly.
2026-09-20T06:17:49Z [3,823ms] [Warning] [omni.isaac.sensor.scripts.samples.contact_sensor] omni.isaac.sensor.scripts.samples.contact_sensor has been deprecated in favor of isaacsim.sensors.physics.scripts.samples.contact_sensor. Please update your code accordingly.
2026-09-20T06:17:49Z [3,823ms] [Warning] [omni.isaac.sensor.scripts.samples.imu_sensor] omni.isaac.sensor.scripts.samples.imu_sensor has been deprecated in favor of isaacsim.sensors.physics.scripts.samples.imu_sensor. Please update your code accordingly.
2026-09-20T06:17:49Z [3,823ms] [Warning] [omni.isaac.sensor.scripts.samples.lightbeam_sensor] omni.isaac.sensor.scripts.samples.lightbeam_sensor has been deprecated in favor of isaacsim.sensors.physx.scripts.samples.lightbeam_sensor. Please update your code accordingly.
[3.829s] [ext: omni.kit.menu.create-2.0.1] startup
[3.831s] [ext: omni.kit.widget.toolbar-2.0.1] startup
[3.839s] [ext: omni.kit.manipulator.transform-107.0.0] startup
[3.842s] [ext: omni.isaac.core-4.0.7] startup
2026-09-20T06:17:49Z [3,838ms] [Warning] [omni.isaac.core.physics_context.physics_context] omni.isaac.core.physics_context.physics_context has been deprecated in favor of isaacsim.core.api.physics_context.physics_context. Please update your code accordingly.
2026-09-20T06:17:49Z [3,838ms] [Warning] [omni.isaac.core.simulation_context.simulation_context] omni.isaac.core.simulation_context.simulation_context has been deprecated in favor of isaacsim.core.api.simulation_context.simulation_context. Please update your code accordingly.
2026-09-20T06:17:49Z [3,838ms] [Warning] [omni.isaac.core.world.world] omni.isaac.core.world.world has been deprecated in favor of isaacsim.core.api.world.world. Please update your code accordingly.
2026-09-20T06:17:49Z [3,838ms] [Warning] [omni.isaac.core] omni.isaac.core has been deprecated in favor of isaacsim.core.api. Please update your code accordingly.
[3.843s] [ext: omni.kit.scripting-107.3.2] startup
[3.847s] [ext: omni.kit.manipulator.tool.snap-1.5.13] startup
[3.850s] [ext: omni.kit.manipulator.selector-1.1.3] startup
[3.851s] [ext: isaacsim.app.about-2.0.11] startup
[3.854s] [ext: isaacsim.replicator.behavior-1.1.16] startup
[3.855s] [ext: omni.kit.viewport.manipulator.transform-107.0.4] startup
[3.856s] [ext: omni.isaac.window.about-2.0.7] startup
2026-09-20T06:17:49Z [3,852ms] [Warning] [omni.isaac.window.about] omni.isaac.window.about has been deprecated in favor of isaacsim.app.about. Please update your code accordingly.
2026-09-20T06:17:49Z [3,852ms] [Warning] [omni.isaac.window.about.about] omni.isaac.window.about.about has been deprecated in favor of isaacsim.app.about.about. Please update your code accordingly.
[3.857s] [ext: omni.fabric.commands-1.1.6] startup
[3.859s] [ext: omni.kit.manipulator.prim.core-107.0.8] startup
[3.863s] [ext: omni.kit.property.audio-1.0.16] startup
[3.864s] [ext: omni.kit.property.camera-1.0.10] startup
[3.865s] [ext: omni.kit.property.geometry-2.0.4] startup
[3.867s] [ext: omni.hydra.scene_api-0.1.2] startup
[3.870s] [ext: omni.kit.property.light-1.0.12] startup
[3.879s] [ext: omni.kit.manipulator.prim.fabric-107.0.4] startup
[3.880s] [ext: omni.kit.manipulator.prim.usd-107.0.3] startup
[3.881s] [ext: omni.kit.property.material-1.11.9] startup
[3.885s] [ext: omni.kit.property.render-1.2.1] startup
[3.886s] [ext: omni.kit.property.transform-1.5.13] startup
[3.888s] [ext: isaacsim.gui.property-1.1.3] startup
[3.889s] [ext: omni.kit.manipulator.camera-106.0.4] startup
[3.892s] [ext: omni.kit.manipulator.prim-107.0.0] startup
[3.892s] [ext: omni.isaac.surface_gripper-2.0.6] startup
2026-09-20T06:17:49Z [3,887ms] [Warning] [omni.isaac.surface_gripper] omni.isaac.surface_gripper has been deprecated in favor of isaacsim.robot.surface_gripper. Please update your code accordingly.
[3.892s] [ext: omni.kit.manipulator.selection-106.0.1] startup
[3.895s] [ext: omni.kit.property.bundle-1.4.1] startup
[3.895s] [ext: omni.kit.property.isaac-1.0.6] startup
2026-09-20T06:17:49Z [3,891ms] [Warning] [omni.kit.property.isaac] omni.kit.property.isaac has been deprecated in favor of isaacsim.gui.property. Please update your code accordingly.
2026-09-20T06:17:49Z [3,891ms] [Warning] [omni.kit.property.isaac.widgets] omni.kit.property.isaac.widgets has been deprecated in favor of isaacsim.gui.property.widgets. Please update your code accordingly.
[3.896s] [ext: omni.isaac.universal_robots-1.0.6] startup
2026-09-20T06:17:49Z [3,891ms] [Warning] [omni.isaac.universal_robots] omni.isaac.universal_robots has been deprecated in favor of isaacsim.robot.manipulators.examples.universal_robots. Please update your code accordingly.
2026-09-20T06:17:49Z [3,891ms] [Warning] [omni.isaac.universal_robots.kinematics_solver] omni.isaac.franka has been deprecated in favor of isaacsim.robot.manipulators.examples.universal_robots. Please update your code accordingly.
2026-09-20T06:17:49Z [3,892ms] [Warning] [omni.isaac.universal_robots.ur10] omni.isaac.franka has been deprecated in favor of isaacsim.robot.manipulators.examples.universal_robots. Please update your code accordingly.
[3.897s] [ext: omni.isaac.core_nodes-2.0.6] startup
2026-09-20T06:17:49Z [3,894ms] [Warning] [omni.isaac.core_nodes] omni.isaac.core_nodes has been deprecated in favor of isaacsim.core.nodes. Please update your code accordingly.
[3.900s] [ext: omni.kit.viewport.menubar.camera-107.0.6] startup
[3.905s] [ext: omni.kit.viewport.menubar.lighting-107.3.1] startup
[3.907s] [ext: isaacsim.replicator.writers-1.0.17] startup
[3.915s] [ext: omni.kit.viewport.menubar.render-107.0.10] startup
[3.919s] [ext: omni.kit.viewport.menubar.settings-107.0.3] startup
[3.923s] [ext: omni.kit.window.console-1.1.4] startup
[3.926s] [ext: isaacsim.replicator.domain_randomization-1.0.16] startup
[3.927s] [ext: isaacsim.replicator.examples-1.3.6] startup
[3.929s] [ext: omni.ocio-0.1.1] startup
[3.931s] [ext: omni.rtx.window.settings-0.6.19] startup
[3.937s] [ext: omni.kit.window.status_bar-0.1.9] startup
[3.939s] [ext: omni.kit.window.toolbar-2.0.0] startup
[3.944s] [ext: omni.replicator.isaac-2.0.8] startup
2026-09-20T06:17:49Z [3,940ms] [Warning] [omni.replicator.isaac] omni.replicator.isaac has been deprecated in favor of isaacsim.replicator.domain_randomization, isaacsim.replicator.examples, isaacsim.replicator.writers. Please update your code accordingly.
[3.946s] [ext: omni.replicator.replicator_yaml-2.0.11] startup
[3.960s] [ext: omni.rtx.settings.core-0.6.5] startup
[3.964s] [ext: omni.usd.metrics.assembler.ui-107.3.1] startup
[3.971s] [ext: omni.isaac.utils-2.0.6] startup
[3.972s] [ext: semantics.schema.editor-2.0.2] startup
[3.974s] [ext: omni.kit.ui.actions-1.0.5] startup
[3.976s] [ext: semantics.schema.property-2.0.1] startup
[3.977s] [ext: omni.isaac.version-2.0.7] startup
2026-09-20T06:17:49Z [3,972ms] [Warning] [omni.isaac.version] omni.isaac.version has been deprecated in favor of isaacsim.core.version. Please update your code accordingly.
[3.977s] [ext: omni.isaac.cortex-1.0.5] startup
[3.978s] [ext: omni.anim.curve.core-1.3.1] startup
[3.984s] [ext: isaacsim.core.throttling-2.2.2] startup
[3.986s] [ext: omni.kit.menu.common-2.0.1] startup
[3.987s] [ext: isaacsim.exp.base-5.1.0] startup
[3.988s] [ext: isaacsim.exp.base.python-5.1.0] startup
[3.989s] Simulation App Starting
2026-09-20T06:17:49Z [4,284ms] [Warning] [omni.fabric.plugin] Warning: attribute viewportHandle not found for bucket id 9

[4.312s] app ready
2026-09-20T06:17:50Z [4,537ms] [Warning] [carb.graphics-vulkan.plugin] NGX does not support feature SuperSamplingDenoising.Available.
2026-09-20T06:17:50Z [4,537ms] [Warning] [rtx.postprocessing.plugin] NGX cannot find DLSS-RR feature or it is not supported for the current hardware/driver.
2026-09-20T06:17:50Z [4,537ms] [Error] [rtx.postprocessing.plugin] createDLSSContext error: unable to initialize context. Optional DLSS feature is disabled.
Starting kit application with the following args:  ['/home/qy/ISAAC——SIM/.venv/lib/python3.11/site-packages/isaacsim/exts/isaacsim.simulation_app/isaacsim/simulation_app/simulation_app.py', '/home/qy/ISAAC——SIM/.venv/lib/python3.11/site-packages/isaacsim/apps/isaacsim.exp.base.python.kit', '--/app/tokens/exe-path=/home/qy/ISAAC——SIM/.venv/lib/python3.11/site-packages/isaacsim/kit', '--/persistent/app/viewport/displayOptions=3094', '--/rtx/materialDb/syncLoads=True', '--/rtx/hydra/materialSyncLoads=True', '--/omni.kit.plugin/syncUsdLoads=True', '--/app/renderer/resolution/width=640', '--/app/renderer/resolution/height=480', '--/app/window/width=1440', '--/app/window/height=900', '--/renderer/multiGpu/enabled=True', '--/app/fastShutdown=True', '--/app/installSignalHandlers=0', '--ext-folder', '/home/qy/ISAAC——SIM/.venv/lib/python3.11/site-packages/isaacsim/exts', '--ext-folder', '/home/qy/ISAAC——SIM/.venv/lib/python3.11/site-packages/isaacsim/apps', '--/app/settings/loadUserConfig=false', '--/app/settings/persistent=false', '--/physics/cudaDevice=0', '--/plugins/carb.tasking.plugin/threadCount=4', '--/plugins/omni.tbb.globalcontrol/maxThreadCount=4', '--portable', '--no-window', '--/app/window/hideUi=1']
Passing the following args to the base kit application:  ['--mode', 'fixed', '--duration', '4', '--output', '/home/qy/ISAAC——SIM/results/fixed_joint_smoke']
Warp 1.8.2 initialized:
   CUDA Toolkit 12.8, Driver 13.0
   Devices:
     "cpu"      : "x86_64"
     "cuda:0"   : "NVIDIA GeForce RTX 4090 D" (23 GiB, sm_89, mempool enabled)
   Kernel cache:
     /home/qy/ISAAC——SIM/cache/xdg/warp/1.8.2
Warp DeprecationWarning: The `warp.sim` module is deprecated and will be removed in v1.10. Please transition to using the forthcoming Newton library instead.
JOINT_NAMES ['rearwheel_joint', 'steering_joint', 'hip_joint', 'frontwheel_joint', 'knee_joint']
[6.414s] Simulation App Startup Complete
2026-09-20T06:17:52Z [7,156ms] [Warning] [isaacsim.sensors.camera.camera] 'verticalAperture' (1.5290800094604493) and 'horizontalAperture' (2.0954999923706055) are inconsistent with the pixel resolution aspect ratio (1.3333333333333333). Setting 'verticalAperture' to 1.571624994277954 to ensure square pixels.
2026-09-20T06:17:52Z [7,180ms] [Warning] [omni.fabric.plugin] USD->Fabric: Unhandled array type string[]
2026-09-20T06:17:52Z [7,184ms] [Warning] [usdrt.population.plugin] [UsdNoticeHandler] Unhandled attribute type VtArray<std::string> (prim attribute: omni:rtx:material:db:flattener:transmittance_color)
2026-09-20T06:17:52Z [7,185ms] [Warning] [usdrt.population.plugin] [UsdNoticeHandler] Unhandled attribute type VtArray<std::string> (prim attribute: omni:rtx:material:db:flattener:reflection_roughness_constant)
2026-09-20T06:17:52Z [7,185ms] [Warning] [usdrt.population.plugin] [UsdNoticeHandler] Unhandled attribute type VtArray<std::string> (prim attribute: omni:rtx:material:db:flattener:ior_constant)
2026-09-20T06:17:52Z [7,231ms] [Warning] [omni.syntheticdata.plugin] OgnSdPostRenderVarToHost : rendervar copy from texture directly to host buffer is counter-performant. Please use copy from texture to device buffer first.
2026-09-20T06:17:52Z [7,365ms] [Warning] [omni.physx.plugin] Per-joint collision setting is ignored for articulations. (/World/Bike/joints/rearwheel_joint)
2026-09-20T06:17:52Z [7,365ms] [Warning] [omni.physx.plugin] Per-joint collision setting is ignored for articulations. (/World/Bike/joints/steering_joint)
2026-09-20T06:17:52Z [7,365ms] [Warning] [omni.physx.plugin] Per-joint collision setting is ignored for articulations. (/World/Bike/joints/frontwheel_joint)
2026-09-20T06:17:52Z [7,365ms] [Warning] [omni.physx.plugin] Per-joint collision setting is ignored for articulations. (/World/Bike/joints/hip_joint)
2026-09-20T06:17:52Z [7,365ms] [Warning] [omni.physx.plugin] Per-joint collision setting is ignored for articulations. (/World/Bike/joints/knee_joint)
2026-09-20T06:17:52Z [7,365ms] [Warning] [omni.physx.plugin] Per-joint collision setting is ignored for articulations. (/World/Bike/joints/steering_joint)
2026-09-20T06:17:52Z [7,365ms] [Warning] [omni.physx.plugin] Per-joint collision setting is ignored for articulations. (/World/Bike/joints/frontwheel_joint)
2026-09-20T06:17:52Z [7,365ms] [Warning] [omni.physx.plugin] Per-joint collision setting is ignored for articulations. (/World/Bike/joints/hip_joint)
2026-09-20T06:17:52Z [7,365ms] [Warning] [omni.physx.plugin] Per-joint collision setting is ignored for articulations. (/World/Bike/joints/knee_joint)
2026-09-20T06:17:52Z [7,365ms] [Warning] [omni.physx.plugin] Per-joint collision setting is ignored for articulations. (/World/Bike/joints/hip_joint)
2026-09-20T06:17:52Z [7,365ms] [Warning] [omni.physx.plugin] Per-joint collision setting is ignored for articulations. (/World/Bike/joints/knee_joint)
2026-09-20T06:17:52Z [7,365ms] [Warning] [omni.physx.plugin] Per-joint collision setting is ignored for articulations. (/World/Bike/joints/hip_joint)
2026-09-20T06:17:52Z [7,365ms] [Warning] [omni.physx.plugin] Per-joint collision setting is ignored for articulations. (/World/Bike/joints/knee_joint)
2026-09-20T06:17:52Z [7,371ms] [Warning] [carb] Plugin interface for a client: omni.hydratexture.plugin was already released.
2026-09-20T06:17:53Z [7,532ms] [Warning] [omni.syntheticdata.plugin] SdRenderVarPtr missing valid input renderVar LdrColorSDhost
2026-09-20T06:17:53Z [7,571ms] [Warning] [isaacsim.core.simulation_manager.plugin] No adjacent samples found for interpolation at time 18/30
2026-09-20T06:17:53Z [7,597ms] [Warning] [isaacsim.core.simulation_manager.plugin] No adjacent samples found for interpolation at time 19/30
2026-09-20T06:17:53Z [7,620ms] [Warning] [isaacsim.core.simulation_manager.plugin] No adjacent samples found for interpolation at time 20/30
2026-09-20T06:17:53Z [7,639ms] [Warning] [isaacsim.core.simulation_manager.plugin] No adjacent samples found for interpolation at time 21/30
2026-09-20T06:17:53Z [7,660ms] [Warning] [isaacsim.core.simulation_manager.plugin] No adjacent samples found for interpolation at time 22/30
STEP 200 base [-1.6763806e-08 -7.7998266e-09  1.4999998e-01] q [ 1.8074402e+00  1.0594143e-02 -8.6736512e-01  1.8118953e-08
  2.0537801e+00]
STEP 400 base [-1.6763806e-08 -7.7998266e-09  1.4999998e-01] q [ 5.6329551e+00 -1.0594143e-02 -1.0372769e+00  4.0270088e-08
  2.3033140e+00]
STEP 600 base [-1.6763806e-08 -7.7998266e-09  1.4999998e-01] q [-2.3655515e+00  1.0594143e-02 -1.1070116e+00  2.8721951e-07
  2.4057865e+00]
STEP 800 base [-1.6763806e-08 -7.7998266e-09  1.4999998e-01] q [ 2.4755030e+00 -1.0594141e-02 -8.2200164e-01  4.9036981e-07
  1.9918855e+00]
SMOKE_COMPLETE {"engine": "Isaac Sim / PhysX", "isaacsim_version": "5.1.0.0", "mode": "fixed", "source_sha256": "0b56d3672773ef05a2b5982117fa53a7fdffcaf2b7f3f04a7a7941233d6e9c8a", "joint_names": ["rearwheel_joint", "steering_joint", "hip_joint", "frontwheel_joint", "knee_joint"], "mass_audit_passed": true, "physics_dt_s": 0.005, "target_update_dt_s": 0.02, "servo": "PhysX implicit force drive with source SI gains and force limits", "effort_semantics": "PhysX projected measured joint effort; not isolated motor torque", "jit_control_dt_s": 0.02, "duration_s": 4.0, "frames": 100, "endpoint": "horizon", "wall_seconds": 2.2064855098724365, "video_error": null, "max_render_body_position_error_m": 0.0, "max_fk_position_error_m": 1.775236815326764e-07, "physics_backend": "PhysX CPU; RTX GPU rendering", "physical_task_success": "not evaluated; no balance or learned policy", "root_displacement_m": [0.0, 0.0, 0.0], "joint_range_observed_rad": [12.54431438446045, 0.29991182684898376, 0.4146125316619873, 1.0310019433745765e-06, 0.5381969213485718], "limitations": ["explicit USD geometry, tessellated convex ellipsoid wheels; isotropic contact approximation not dynamically equivalent", "implicit PhysX servo integration differs from MuJoCo RK4; source gains/target/force caps retained", "fixed mode constrains root for joint diagnostics; free mode has no balance policy"]}
2026-09-20T06:17:53Z [7,680ms] [Warning] [isaacsim.core.simulation_manager.plugin] No adjacent samples found for interpolation at time 23/30
2026-09-20T06:17:53Z [7,702ms] [Warning] [isaacsim.core.simulation_manager.plugin] No adjacent samples found for interpolation at time 24/30
2026-09-20T06:17:53Z [7,723ms] [Warning] [isaacsim.core.simulation_manager.plugin] No adjacent samples found for interpolation at time 25/30
2026-09-20T06:17:53Z [7,746ms] [Warning] [isaacsim.core.simulation_manager.plugin] No adjacent samples found for interpolation at time 26/30
2026-09-20T06:17:56Z [11,159ms] [Warning] [carb] Plugin interface for a client: omni.hydratexture.plugin was already released.
[11.211s] Simulation App Shutting Down
