[Info] [carb] Logging to file: /home/qy/ISAAC——SIM/.venv/lib/python3.11/site-packages/isaacsim/kit/logs/Kit/Isaac-Sim Python/5.1/kit_20260920_141543.log
[0.034s] [ext: omni.kit.async_engine-0.0.3] startup
[0.082s] [ext: omni.metrics.core-0.0.3] startup
[0.082s] [ext: omni.client.lib-1.1.0] startup
[0.090s] [ext: omni.blobkey-1.1.2] startup
[0.090s] [ext: omni.stats-1.0.1] startup
[0.091s] [ext: omni.datastore-0.0.0] startup
[0.094s] [ext: omni.client-1.3.0] startup
[0.096s] [ext: omni.ujitso.default-1.0.0] startup
[0.097s] [ext: omni.hsscclient-1.1.2] startup
[0.099s] [ext: omni.gpu_foundation.shadercache.vulkan-1.0.0] startup
[0.100s] [ext: omni.assets.plugins-0.0.0] startup
[0.101s] [ext: omni.gpu_foundation-0.0.0] startup
[0.104s] [ext: carb.windowing.plugins-1.0.0] startup
[0.109s] [ext: omni.kit.renderer.init-0.0.0] startup

|---------------------------------------------------------------------------------------------|
| Driver Version: 580.159.03    | Graphics API: Vulkan
|=============================================================================================|
| GPU | Name                             | Active | LDA | GPU Memory | Vendor-ID | LUID       |
|     |                                  |        |     |            | Device-ID | UUID       |
|     |                                  |        |     |            | Bus-ID    |            |
|---------------------------------------------------------------------------------------------|
| 0   | NVIDIA GeForce RTX 4090 D        | Yes: 0 |     | 24564   MB | 10de      | 0          |
|     |                                  |        |     |            | 2685      | 23608a80.. |
|     |                                  |        |     |            | 1         |            |
|=============================================================================================|
| OS: 22.04.4 LTS (Jammy Jellyfish) ubuntu, Version: 22.04.4, Kernel: 6.8.0-111-generic
| XServer Vendor: The X.Org Foundation, XServer Version: 12101004 (1.21.1.4)
| Processor: Intel(R) Core(TM) i9-14900KF
| Cores: 24 | Logical Cores: 32
|---------------------------------------------------------------------------------------------|
| Total Memory (MB): 31931 | Free Memory: 16893
| Total Page/Swap (MB): 2047 | Free Page/Swap: 0
|---------------------------------------------------------------------------------------------|
2026-09-20T06:15:43Z [583ms] [Warning] [gpu.foundation.plugin] CPU performance profile is set to powersave. This profile sets the CPU to the lowest frequency reducing performance.
2026-09-20T06:15:43Z [592ms] [Warning] [gpu.foundation.plugin] IOMMU is enabled.
[0.728s] [ext: omni.materialx.libs-1.0.7] startup
[0.733s] [ext: omni.kit.telemetry-0.5.2] startup
[0.744s] [ext: omni.usd.config-1.0.6] startup
[0.746s] [ext: omni.gpucompute.plugins-0.0.0] startup
[0.747s] [ext: omni.usd.libs-1.0.1] startup
[0.794s] [ext: omni.kit.loop-isaac-1.3.7] startup
[0.795s] [ext: omni.kit.test-2.0.1] startup
[0.822s] [ext: omni.mdl-56.0.3] startup
[0.858s] [ext: omni.iray.libs-0.0.0] startup
[0.861s] [ext: omni.mdl.neuraylib-0.2.12] startup
[0.862s] [ext: omni.kit.usd.mdl-1.1.5] startup
[0.916s] [ext: omni.kit.pipapi-0.0.0] startup
[0.916s] [ext: omni.appwindow-1.1.10] startup
[0.922s] [ext: omni.kit.renderer.core-1.1.0] startup
[1.590s] [ext: omni.kit.renderer.capture-0.0.0] startup
[1.592s] [ext: omni.kit.renderer.imgui-2.0.5] startup
[1.921s] [ext: omni.ui-2.27.1] startup
[1.927s] [ext: omni.kit.mainwindow-1.0.3] startup
[1.927s] [ext: carb.audio-0.1.0] startup
[1.929s] [ext: omni.uiaudio-1.0.0] startup
[1.930s] [ext: omni.kit.uiapp-0.0.0] startup
[1.930s] [ext: omni.usd.schema.metrics.assembler-107.3.1] startup
[1.931s] [ext: omni.usd.schema.physx-107.3.26] startup
[1.949s] [ext: omni.usd.schema.geospatial-0.0.0] startup
[1.951s] [ext: omni.usd.schema.audio-0.0.0] startup
[1.952s] [ext: omni.usd.schema.anim-0.0.0] startup
[1.962s] [ext: omni.usd.schema.flow-107.1.1] startup
[1.963s] [ext: omni.usd_resolver-1.0.0] startup
[1.965s] [ext: omni.usd.core-1.5.3] startup
[1.966s] [ext: omni.usd.schema.omni_sensors-0.0.0] startup
[1.978s] [ext: omni.usd.schema.semantics-0.0.0] startup
[1.980s] [ext: omni.usd.schema.omniscripting-1.0.0] startup
[1.982s] [ext: omni.usd.schema.omni_lens_distortion-0.0.0] startup
[1.982s] [ext: omni.usd.schema.omnigraph-1.0.0] startup
[1.985s] [ext: omni.kit.window.popup_dialog-2.0.24] startup
[1.986s] [ext: omni.graph.exec-0.9.6] startup
[1.987s] [ext: omni.kit.widget.nucleus_connector-2.0.1] startup
[1.988s] [ext: omni.kit.usd_undo-0.1.8] startup
[1.988s] [ext: omni.kit.exec.core-0.13.4] startup
[1.989s] [ext: omni.kit.actions.core-1.0.0] startup
[1.990s] [ext: omni.resourcemonitor-107.0.1] startup
[1.991s] [ext: omni.activity.core-1.0.3] startup
[1.992s] [ext: omni.timeline-1.0.14] startup
[1.992s] [ext: omni.kit.commands-1.4.10] startup
[1.995s] [ext: usdrt.scenegraph-7.6.1] startup
[2.015s] [ext: omni.kit.audiodeviceenum-1.0.2] startup
[2.015s] [ext: omni.hydra.usdrt_delegate-7.5.1] startup
[2.019s] [ext: omni.hydra.scene_delegate-0.3.4] startup
[2.021s] [ext: omni.usd-1.13.10] startup
[2.033s] [ext: omni.inspect-1.0.2] startup
[2.033s] [ext: omni.kit.notification_manager-1.0.10] startup
[2.034s] [ext: omni.graph.core-2.184.5] startup
[2.035s] [ext: isaacsim.core.deprecation_manager-0.2.7] startup
[2.036s] [ext: omni.anim.graph.schema-107.3.3] startup
[2.039s] [ext: omni.usd.schema.isaac-3.0.5] startup
[2.039s] [ext: omni.anim.navigation.schema-107.3.3] startup
[2.041s] [ext: omni.kit.asset_converter-5.0.17] startup
[2.047s] [ext: isaacsim.robot.schema-3.6.0] startup
[2.051s] [ext: omni.usd.schema.render_settings.rtx-0.0.0] startup
[2.052s] [ext: omni.kit.menu.core-1.1.2] startup
[2.052s] [ext: omni.kit.widget.path_field-2.0.11] startup
[2.053s] [ext: omni.kit.widget.context_menu-1.2.5] startup
[2.053s] [ext: omni.kit.widget.browser_bar-2.0.10] startup
[2.053s] [ext: omni.kit.clipboard-1.0.5] startup
[2.054s] [ext: omni.kit.numpy.common-0.1.3] startup
[2.055s] [ext: omni.kit.widget.options_menu-1.1.6] startup
[2.056s] [ext: omni.kit.helper.file_utils-0.1.9] startup
[2.057s] [ext: omni.ui.scene-1.11.5] startup
[2.059s] [ext: omni.kit.widget.options_button-1.0.3] startup
[2.059s] [ext: omni.kit.widget.filebrowser-2.12.3] startup
[2.062s] [ext: omni.kit.usd.layers-2.2.11] startup
[2.066s] [ext: omni.kit.window.filepicker-2.13.4] startup
[2.073s] [ext: omni.kit.hotkeys.core-1.3.10] startup
[2.075s] [ext: omni.kit.context_menu-1.8.6] startup
[2.076s] [ext: omni.kit.property.adapter.core-1.0.2] startup
[2.077s] [ext: omni.kit.window.file_exporter-1.0.33] startup
[2.078s] [ext: omni.kit.widget.searchfield-1.1.8] startup
[2.078s] [ext: omni.kit.widget.filter-1.1.4] startup
[2.079s] [ext: omni.kit.widget.graph-2.0.0] startup
[2.081s] [ext: omni.kit.widget.stage-3.1.4] startup
[2.087s] [ext: omni.kit.property.adapter.usd-1.0.2] startup
[2.087s] [ext: omni.kit.property.adapter.fabric-1.0.3] startup
[2.088s] [ext: omni.kit.graph.delegate.default-1.2.3] startup
[2.088s] [ext: omni.kit.window.file_importer-1.1.18] startup
[2.088s] [ext: omni.kit.stage_template.core-1.1.22] startup
[2.088s] [ext: omni.kit.menu.utils-2.0.5] startup
[2.091s] [ext: omni.kit.window.file-2.0.5] startup
[2.092s] [ext: omni.kit.widget.highlight_label-1.0.3] startup
[2.093s] [ext: omni.kit.window.drop_support-1.0.5] startup
[2.093s] [ext: omni.kit.window.content_browser_registry-0.0.6] startup
[2.093s] [ext: omni.kit.window.property-1.12.1] startup
[2.095s] [ext: omni.kit.window.content_browser-3.1.3] startup
[2.100s] [ext: isaacsim.core.version-2.0.6] startup
[2.101s] [ext: omni.kit.property.usd-4.5.12] startup
[2.106s] [ext: omni.kit.graph.editor.core-1.5.3] startup
[2.107s] [ext: omni.kit.material.library-2.0.7] startup
[2.109s] [ext: omni.kit.graph.usd.commands-1.3.1] startup
[2.109s] [ext: omni.kvdb-107.3.26] startup
[2.110s] [ext: omni.usdphysics-107.3.26] startup
[2.111s] [ext: omni.physx.foundation-107.3.26] startup
[2.112s] [ext: omni.localcache-107.3.26] startup
[2.113s] [ext: omni.convexdecomposition-107.3.26] startup
[2.114s] [ext: omni.physics-107.3.26] startup
[2.116s] [ext: omni.physx.cooking-107.3.26] startup
[2.118s] [ext: omni.physics.stageupdate-107.3.26] startup
[2.119s] [ext: omni.physx-107.3.26] startup
[2.124s] [ext: omni.index.libs-380600.8087.0] startup
[2.124s] [ext: omni.physics.physx-107.3.26] startup
2026-09-20T06:15:45Z [2,119ms] [Warning] [carb] Acquiring non optional plugin interface which is not listed as dependency: [omni::physx::IPhysxBenchmarks v1.0] (plugin: <default plugin>), by client: omni.physics.physx.plugin. Add it to CARB_PLUGIN_IMPL_DEPS() macro of a client.
[2.125s] [ext: omni.index-1.0.1] startup
[2.125s] [ext: omni.volume-0.5.2] startup
[2.126s] [ext: omni.ujitso.client-0.0.0] startup
[2.127s] [ext: omni.hydra.rtx.shadercache.vulkan-1.0.0] startup
[2.127s] [ext: omni.kit.widget.searchable_combobox-1.0.6] startup
[2.127s] [ext: omni.hydra.rtx-1.0.0] startup
2026-09-20T06:15:45Z [2,133ms] [Warning] [omni.log] Source: omni.hydra was already registered.
[2.146s] [ext: omni.kit.widget.settings-1.2.6] startup
[2.148s] [ext: omni.kit.hydra_texture-1.4.6] startup
[2.149s] [ext: omni.graph.tools-1.79.2] startup
[2.162s] [ext: omni.kit.window.preferences-1.8.0] startup
[2.165s] [ext: omni.kit.widget.material_preview-1.0.16] startup
[2.165s] [ext: omni.graph-1.141.2] startup
[2.188s] [ext: omni.kit.window.material_graph-1.9.1] startup
[2.193s] [ext: omni.isaac.dynamic_control-2.0.7] startup
2026-09-20T06:15:45Z [2,190ms] [Warning] [omni.isaac.dynamic_control] omni.isaac.dynamic_control is deprecated as of Isaac Sim 4.5. No action is needed from end-users.
[2.196s] [ext: isaacsim.storage.native-1.5.1] startup
[2.198s] [ext: omni.graph.scriptnode-1.50.0] startup
[2.199s] [ext: omni.hydra.engine.stats-1.0.3] startup
[2.201s] [ext: omni.kit.viewport.legacy_gizmos-1.0.19] startup
[2.203s] [ext: omni.kit.raycast.query-1.1.0] startup
[2.206s] [ext: omni.graph.action_core-1.1.7] startup
[2.208s] [ext: omni.kit.viewport.scene_camera_model-1.0.6] startup
[2.211s] [ext: omni.graph.image.core-0.6.1] startup
[2.212s] [ext: omni.kit.widget.viewport-107.1.3] startup
[2.216s] [ext: omni.kit.viewport.registry-104.0.6] startup
[2.218s] [ext: omni.usd.metrics.assembler-107.3.1] startup
[2.220s] [ext: omni.kit.viewport.window-107.2.0] startup
[2.230s] [ext: omni.kit.viewport.menubar.core-107.2.1] startup
[2.237s] [ext: omni.graph.image.nodes-1.3.1] startup
[2.237s] [ext: omni.usd.metrics.assembler.physics-107.3.26] startup
[2.238s] [ext: omni.warp.core-1.8.2] startup
[2.342s] [ext: omni.kit.viewport.utility-1.1.2] startup
[2.343s] [ext: omni.physics.tensors-107.3.26] startup
[2.346s] [ext: omni.syntheticdata-0.6.13] startup
[2.359s] [ext: isaacsim.test.docstring-1.1.0] startup
[2.363s] [ext: isaacsim.core.utils-3.5.1] startup
[2.366s] [ext: omni.physx.tensors-107.3.26] startup
[2.370s] [ext: omni.graph.nodes-1.170.10] startup
[2.378s] [ext: omni.graph.action_nodes-1.50.4] startup
[2.379s] [ext: omni.kit.primitive.mesh-1.0.17] startup
[2.385s] [ext: isaacsim.core.simulation_manager-1.4.4] startup
[3.139s] [ext: omni.graph.ui_nodes-1.50.5] startup
[3.141s] [ext: omni.graph.action-1.130.0] startup
[3.142s] [ext: omni.kit.stage_templates-2.0.0] startup
[3.145s] [ext: isaacsim.core.prims-0.6.1] startup
[3.161s] [ext: omni.warp-1.8.2] startup
[3.165s] [ext: omni.videoencoding-0.1.2] startup
[3.168s] [ext: isaacsim.core.api-4.8.0] startup
[3.177s] [ext: isaacsim.core.experimental.utils-0.3.0] startup
[3.180s] [ext: omni.replicator.core-1.12.27] startup
2026-09-20T06:15:46Z [3,197ms] [Warning] [pxr.Semantics] pxr.Semantics is deprecated - please use Semantics instead
2026-09-20T06:15:46Z [3,275ms] [Warning] [omni.graph.core.plugin] Found duplicate of category 'Replicator' - was 'Annotators', adding 'Fabric Reader'
2026-09-20T06:15:46Z [3,275ms] [Warning] [omni.graph.core.plugin] Category 'Replicator' not accepted on node type 'omni.replicator.core.FabricReader' in extension 'omni.replicator.core'
2026-09-20T06:15:46Z [3,275ms] [Warning] [omni.replicator.core.scripts.extension] No material configuration file, adding configuration to material settings directly.
[3.283s] [ext: isaacsim.core.experimental.prims-0.8.1] startup
[3.309s] [ext: omni.kit.window.extensions-1.4.27] startup
[3.315s] [ext: isaacsim.core.experimental.objects-0.4.0] startup
[3.318s] [ext: omni.ui_query-1.1.8] startup
[3.320s] [ext: omni.kit.manipulator.viewport-107.0.1] startup
[3.321s] [ext: isaacsim.robot.surface_gripper-3.3.1] startup
[3.323s] [ext: omni.kit.ui_test-1.3.7] startup
[3.326s] [ext: omni.graph.visualization.nodes-2.1.3] startup
[3.344s] [ext: isaacsim.robot_motion.lula-4.0.8] startup
[3.367s] [ext: isaacsim.core.nodes-3.4.3] startup
[3.392s] [ext: isaacsim.gui.components-1.2.1] startup
[3.440s] [ext: isaacsim.robot_motion.motion_generation-8.0.26] startup
[3.616s] [ext: isaacsim.robot.manipulators-3.3.6] startup
[3.634s] [ext: isaacsim.core.experimental.materials-0.4.0] startup
[3.655s] [ext: isaacsim.robot.manipulators.examples-1.1.2] startup
[3.663s] [ext: isaacsim.cortex.framework-1.0.12] startup
[3.669s] [ext: isaacsim.cortex.behaviors-2.0.14] startup
[3.674s] [ext: omni.isaac.cortex.sample_behaviors-2.0.5] startup
2026-09-20T06:15:47Z [3,670ms] [Warning] [omni.isaac.cortex] omni.isaac.cortex has been deprecated in favor of isaacsim.cortex.framework. Please update your code accordingly.
2026-09-20T06:15:47Z [3,671ms] [Warning] [omni.isaac.cortex.sample_behaviors] omni.isaac.cortex.sample_behaviors has been deprecated in favor of isaacsim.cortex.behaviors. Please update your code accordingly.
[3.676s] [ext: omni.kit.widget.zoombar-1.0.6] startup
[3.681s] [ext: isaacsim.gui.content_browser-0.1.11] startup
[3.683s] [ext: omni.kit.browser.core-2.3.13] startup
[3.688s] [ext: omni.kit.widget.stage_icons-1.0.8] startup
[3.694s] [ext: omni.kit.widget.prompt-1.0.7] startup
[3.698s] [ext: omni.kit.usd.collect-2.4.5] startup
[3.703s] [ext: omni.kit.browser.folder.core-1.10.9] startup
[3.713s] [ext: omni.kit.window.stage-2.6.1] startup
[3.722s] [ext: omni.kit.usdz_export-1.0.9] startup
[3.724s] [ext: omni.kit.tool.collect-2.2.18] startup
[3.726s] [ext: omni.kit.menu.stage-1.2.7] startup
[3.728s] [ext: omni.kit.tool.asset_importer-4.3.2] startup
[3.732s] [ext: isaacsim.robot.wheeled_robots-4.0.24] startup
[3.736s] [ext: isaacsim.examples.browser-0.2.1] startup
[3.740s] [ext: isaacsim.asset.importer.urdf-2.4.30] startup
[3.787s] [ext: omni.isaac.wheeled_robots-3.0.7] startup
2026-09-20T06:15:47Z [3,782ms] [Warning] [omni.isaac.wheeled_robots] omni.isaac.wheeled_robots has been deprecated in favor of isaacsim.robot.wheeled_robots. Please update your code accordingly.
2026-09-20T06:15:47Z [3,784ms] [Warning] [omni.isaac.wheeled_robots.controllers] omni.isaac.wheeled_robots has been deprecated in favor of isaacsim.robot.wheeled_robots. Please update your code accordingly.
2026-09-20T06:15:47Z [3,784ms] [Warning] [omni.isaac.wheeled_robots.controllers.ackermann_controller] omni.isaac.wheeled_robots has been deprecated in favor of isaacsim.robot.wheeled_robots. Please update your code accordingly.
2026-09-20T06:15:47Z [3,784ms] [Warning] [omni.isaac.wheeled_robots.controllers.differential_controller] omni.isaac.wheeled_robots has been deprecated in favor of isaacsim.robot.wheeled_robots. Please update your code accordingly.
2026-09-20T06:15:47Z [3,784ms] [Warning] [omni.isaac.wheeled_robots.controllers.holonomic_controller] omni.isaac.wheeled_robots has been deprecated in favor of isaacsim.robot.wheeled_robots. Please update your code accordingly.
2026-09-20T06:15:47Z [3,784ms] [Warning] [omni.isaac.wheeled_robots.controllers.quintic_path_planner] omni.isaac.wheeled_robots has been deprecated in favor of isaacsim.robot.wheeled_robots. Please update your code accordingly.
2026-09-20T06:15:47Z [3,784ms] [Warning] [omni.isaac.wheeled_robots.controllers.stanley_control] omni.isaac.wheeled_robots has been deprecated in favor of isaacsim.robot.wheeled_robots. Please update your code accordingly.
2026-09-20T06:15:47Z [3,784ms] [Warning] [omni.isaac.wheeled_robots.controllers.wheel_base_pose_controller] omni.isaac.wheeled_robots has been deprecated in favor of isaacsim.robot.wheeled_robots. Please update your code accordingly.
2026-09-20T06:15:47Z [3,784ms] [Warning] [omni.isaac.wheeled_robots.impl] omni.isaac.wheeled_robots has been deprecated in favor of isaacsim.robot.wheeled_robots. Please update your code accordingly.
2026-09-20T06:15:47Z [3,784ms] [Warning] [omni.isaac.wheeled_robots.robots] omni.isaac.wheeled_robots has been deprecated in favor of isaacsim.robot.wheeled_robots. Please update your code accordingly.
2026-09-20T06:15:47Z [3,784ms] [Warning] [omni.isaac.wheeled_robots.robots.holonomic_robot_usd_setup] omni.isaac.wheeled_robots has been deprecated in favor of isaacsim.robot.wheeled_robots. Please update your code accordingly.
2026-09-20T06:15:47Z [3,784ms] [Warning] [omni.isaac.wheeled_robots.robots.wheeled_robot] omni.isaac.wheeled_robots has been deprecated in favor of isaacsim.robot.wheeled_robots. Please update your code accordingly.
[3.790s] [ext: isaacsim.simulation_app-2.12.2] startup
[3.791s] [ext: omni.isaac.franka-1.0.7] startup
2026-09-20T06:15:47Z [3,787ms] [Warning] [omni.isaac.franka] omni.isaac.franka has been deprecated in favor of isaacsim.robot.manipulators.examples.franka. Please update your code accordingly.
2026-09-20T06:15:47Z [3,787ms] [Warning] [omni.isaac.franka.franka] omni.isaac.franka has been deprecated in favor of isaacsim.robot.manipulators.examples.franka. Please update your code accordingly.
2026-09-20T06:15:47Z [3,799ms] [Warning] [omni.isaac.franka.kinematics_solver] omni.isaac.franka has been deprecated in favor of isaacsim.robot.manipulators.examples.franka. Please update your code accordingly.
[3.804s] [ext: omni.isaac.kit-2.0.6] startup
2026-09-20T06:15:47Z [3,801ms] [Warning] [omni.isaac.kit] omni.isaac.kit has been deprecated in favor of isaacsim.simulation_app. Please update your code accordingly.
[3.807s] [ext: omni.kit.selection-0.1.6] startup
[3.810s] [ext: omni.isaac.lula-4.0.6] startup
2026-09-20T06:15:47Z [3,808ms] [Warning] [omni.isaac.lula] omni.isaac.lula has been deprecated in favor of isaacsim.robot_motion.lula. Please update your code accordingly.
[3.814s] [ext: isaacsim.robot_motion.lula_test_widget-1.0.12] startup
[3.816s] [ext: isaacsim.asset.browser-1.3.23] startup
[3.848s] [ext: omni.kit.viewport.actions-107.0.2] startup
[3.852s] [ext: isaacsim.gui.menu-2.4.4] startup
[3.856s] [ext: omni.isaac.manipulators-3.0.7] startup
2026-09-20T06:15:47Z [3,850ms] [Warning] [omni.isaac.manipulators] omni.isaac.manipulators has been deprecated in favor of isaacsim.robot.manipulators. Please update your code accordingly.
2026-09-20T06:15:47Z [3,852ms] [Warning] [omni.isaac.manipulators.controllers] omni.isaac.manipulators has been deprecated in favor of isaacsim.robot.manipulators. Please update your code accordingly.
2026-09-20T06:15:47Z [3,852ms] [Warning] [omni.isaac.manipulators.controllers.pick_place_controller] omni.isaac.manipulators has been deprecated in favor of isaacsim.robot.manipulators. Please update your code accordingly.
2026-09-20T06:15:47Z [3,852ms] [Warning] [omni.isaac.manipulators.controllers.stacking_controller] omni.isaac.manipulators has been deprecated in favor of isaacsim.robot.manipulators. Please update your code accordingly.
2026-09-20T06:15:47Z [3,852ms] [Warning] [omni.isaac.manipulators.grippers] omni.isaac.manipulators has been deprecated in favor of isaacsim.robot.manipulators. Please update your code accordingly.
2026-09-20T06:15:47Z [3,852ms] [Warning] [omni.isaac.manipulators.grippers.gripper] omni.isaac.manipulators has been deprecated in favor of isaacsim.robot.manipulators. Please update your code accordingly.
2026-09-20T06:15:47Z [3,852ms] [Warning] [omni.isaac.manipulators.grippers.parallel_gripper] omni.isaac.manipulators has been deprecated in favor of isaacsim.robot.manipulators. Please update your code accordingly.
2026-09-20T06:15:47Z [3,853ms] [Warning] [omni.isaac.manipulators.grippers.surface_gripper] omni.isaac.manipulators has been deprecated in favor of isaacsim.robot.manipulators. Please update your code accordingly.
2026-09-20T06:15:47Z [3,853ms] [Warning] [omni.isaac.manipulators.manipulators] omni.isaac.manipulators has been deprecated in favor of isaacsim.robot.manipulators. Please update your code accordingly.
2026-09-20T06:15:47Z [3,853ms] [Warning] [omni.isaac.manipulators.manipulators.single_manipulator] omni.isaac.manipulators has been deprecated in favor of isaacsim.robot.manipulators. Please update your code accordingly.
[3.858s] [ext: omni.isaac.lula_test_widget-1.0.6] startup
2026-09-20T06:15:47Z [3,854ms] [Warning] [omni.isaac.lula_test_widget] omni.isaac.lula_test_widget has been deprecated in favor of isaacsim.robot_motion.lula_test_widget. Please update your code accordingly.
[3.860s] [ext: omni.isaac.asset_browser-1.0.6] startup
2026-09-20T06:15:47Z [3,856ms] [Warning] [omni.isaac.asset_browser] omni.isaac.asset_browser has been deprecated in favor of isaacsim.asset.browser. Please update your code accordingly.
[3.862s] [ext: omni.kit.viewport.menubar.display-107.0.3] startup
[3.867s] [ext: omni.isaac.menu-1.0.6] startup
2026-09-20T06:15:47Z [3,862ms] [Warning] [omni.isaac.menu] omni.isaac.menu has been deprecated in favor of isaacsim.gui.menu. Please update your code accordingly.
[3.868s] [ext: omni.isaac.motion_generation-8.0.7] startup
2026-09-20T06:15:47Z [3,864ms] [Warning] [omni.isaac.motion_generation] omni.isaac.motion_generation has been deprecated in favor of isaacsim.robot_motion.motion_generation. Please update your code accordingly.
2026-09-20T06:15:47Z [3,864ms] [Warning] [omni.isaac.motion_generation.articulation_kinematics_solver] omni.isaac.motion_generation has been deprecated in favor of isaacsim.robot_motion.motion_generation. Please update your code accordingly.
2026-09-20T06:15:47Z [3,864ms] [Warning] [omni.isaac.motion_generation.articulation_motion_policy] omni.isaac.motion_generation has been deprecated in favor of isaacsim.robot_motion.motion_generation. Please update your code accordingly.
2026-09-20T06:15:47Z [3,865ms] [Warning] [omni.isaac.motion_generation.articulation_trajectory] omni.isaac.motion_generation has been deprecated in favor of isaacsim.robot_motion.motion_generation. Please update your code accordingly.
2026-09-20T06:15:47Z [3,865ms] [Warning] [omni.isaac.motion_generation.kinematics_interface] omni.isaac.motion_generation has been deprecated in favor of isaacsim.robot_motion.motion_generation. Please update your code accordingly.
2026-09-20T06:15:47Z [3,865ms] [Warning] [omni.isaac.motion_generation.lula] omni.isaac.motion_generation has been deprecated in favor of isaacsim.robot_motion.motion_generation. Please update your code accordingly.
2026-09-20T06:15:47Z [3,865ms] [Warning] [omni.isaac.motion_generation.lula.kinematics] omni.isaac.motion_generation has been deprecated in favor of isaacsim.robot_motion.motion_generation. Please update your code accordingly.
2026-09-20T06:15:47Z [3,865ms] [Warning] [omni.isaac.motion_generation.lula.motion_policies] omni.isaac.motion_generation has been deprecated in favor of isaacsim.robot_motion.motion_generation. Please update your code accordingly.
2026-09-20T06:15:47Z [3,865ms] [Warning] [omni.isaac.motion_generation.lula.path_planners] omni.isaac.motion_generation has been deprecated in favor of isaacsim.robot_motion.motion_generation. Please update your code accordingly.
2026-09-20T06:15:47Z [3,865ms] [Warning] [omni.isaac.motion_generation.lula.trajectory_generator] omni.isaac.motion_generation has been deprecated in favor of isaacsim.robot_motion.motion_generation. Please update your code accordingly.
2026-09-20T06:15:47Z [3,865ms] [Warning] [omni.isaac.motion_generation.motion_policy_controller] omni.isaac.motion_generation has been deprecated in favor of isaacsim.robot_motion.motion_generation. Please update your code accordingly.
2026-09-20T06:15:47Z [3,865ms] [Warning] [omni.isaac.motion_generation.motion_policy_interface] omni.isaac.motion_generation has been deprecated in favor of isaacsim.robot_motion.motion_generation. Please update your code accordingly.
2026-09-20T06:15:47Z [3,865ms] [Warning] [omni.isaac.motion_generation.path_planner_visualizer] omni.isaac.motion_generation has been deprecated in favor of isaacsim.robot_motion.motion_generation. Please update your code accordingly.
2026-09-20T06:15:47Z [3,865ms] [Warning] [omni.isaac.motion_generation.path_planning_interface] omni.isaac.motion_generation has been deprecated in favor of isaacsim.robot_motion.motion_generation. Please update your code accordingly.
2026-09-20T06:15:47Z [3,865ms] [Warning] [omni.isaac.motion_generation.trajectory] omni.isaac.motion_generation has been deprecated in favor of isaacsim.robot_motion.motion_generation. Please update your code accordingly.
2026-09-20T06:15:47Z [3,865ms] [Warning] [omni.isaac.motion_generation.world_interface] omni.isaac.motion_generation has been deprecated in favor of isaacsim.robot_motion.motion_generation. Please update your code accordingly.
[3.871s] [ext: omni.isaac.assets_check-0.3.13] startup
2026-09-20T06:15:47Z [3,867ms] [Warning] [omni.isaac.assets_check] omni.isaac.assets_check has been deprecated in favor of isaacsim.asset.browser. Please update your code accordingly.
[3.872s] [ext: isaacsim.gui.sensors.icon-2.0.3] startup
[3.881s] [ext: isaacsim.asset.importer.mjcf-2.5.13] startup
[3.885s] [ext: omni.sensors.nv.common-3.0.0] startup
[3.890s] [ext: isaacsim.sensors.physics-0.4.3] startup
[3.893s] [ext: omni.sensors.net-1.0.0] startup
[3.896s] [ext: omni.isaac.nucleus-1.0.6] startup
2026-09-20T06:15:47Z [3,891ms] [Warning] [omni.isaac.nucleus] omni.isaac.nucleus has been deprecated in favor of isaacsim.storage.native. Please update your code accordingly.
2026-09-20T06:15:47Z [3,891ms] [Warning] [omni.isaac.nucleus.nucleus] omni.isaac.nucleus.nucleus has been deprecated in favor of isaacsim.storage.native. Please update your code accordingly.
[3.897s] [ext: omni.sensors.nv.materials-2.0.0] startup
[3.899s] [ext: isaacsim.robot.policy.examples-4.1.11] startup
[3.901s] [ext: omni.sensors.nv.wpm-3.0.0] startup
[3.903s] [ext: omni.sensors.nv.lidar-3.0.0] startup
[3.907s] [ext: isaacsim.util.debug_draw-3.1.0] startup
[3.909s] [ext: omni.sensors.nv.radar-3.0.0] startup
[3.911s] [ext: omni.sensors.nv.ids-2.0.0] startup
[3.912s] [ext: isaacsim.core.cloner-1.4.10] startup
[3.913s] [ext: isaacsim.sensors.physx-2.3.2] startup
[3.916s] [ext: isaacsim.sensors.rtx-15.8.4] startup
[3.920s] [ext: isaacsim.sensors.camera-1.3.6] startup
[3.925s] [ext: omni.isaac.quadruped-3.0.7] startup
2026-09-20T06:15:47Z [3,921ms] [Warning] [omni.isaac.quadruped] omni.isaac.quadruped has been deprecated in favor of isaacsim.robot.policy.examples. Please update your code accordingly.
[3.929s] [ext: omni.isaac.cloner-1.0.7] startup
2026-09-20T06:15:47Z [3,925ms] [Warning] [omni.isaac.cloner] omni.isaac.cloner has been deprecated in favor of isaacsim.core.cloner. Please update your code accordingly.
[3.932s] [ext: omni.isaac.range_sensor-4.0.6] startup
2026-09-20T06:15:47Z [3,929ms] [Warning] [omni.isaac.range_sensor] omni.isaac.range_sensor has been deprecated in favor of isaacsim.sensors.physx. Please update your code accordingly.
2026-09-20T06:15:47Z [3,933ms] [Warning] [omni.isaac.range_sensor.commands] omni.isaac.range_sensor.commands has been deprecated in favor of isaacsim.sensors.physx.commands. Please update your code accordingly.
[3.939s] [ext: omni.isaac.sensor-13.0.7] startup
2026-09-20T06:15:47Z [3,935ms] [Warning] [omni.isaac.sensor] omni.isaac.sensor has been deprecated in favor of isaacsim.sensors.camera, isaacsim.sensors.physics, isaacsim.sensors.physx, and isaacsim.sensors.rtx. Please update your code accordingly.
2026-09-20T06:15:47Z [3,936ms] [Warning] [omni.isaac.sensor.camera] omni.isaac.sensor.camera has been deprecated in favor of isaacsim.sensors.camera.camera. Please update your code accordingly.
2026-09-20T06:15:47Z [3,936ms] [Warning] [omni.isaac.sensor.camera_view] omni.isaac.sensor.camera_view has been deprecated in favor of isaacsim.sensors.camera.camera_view. Please update your code accordingly.
2026-09-20T06:15:47Z [3,936ms] [Warning] [omni.isaac.sensor.commands] omni.isaac.sensor.commands has been deprecated in favor of isaacsim.sensors.physics.commands, isaacsim.sensors.physx.commands, and isaacsim.sensors.rtx.commands. Please update your code accordingly.
2026-09-20T06:15:47Z [3,936ms] [Warning] [omni.isaac.sensor.contact_sensor] omni.isaac.sensor.contact_sensor has been deprecated in favor of isaacsim.sensors.physics.contact_sensor. Please update your code accordingly.
2026-09-20T06:15:47Z [3,936ms] [Warning] [omni.isaac.sensor.imu_sensor] omni.isaac.sensor.imu_sensor has been deprecated in favor of isaacsim.sensors.physics.imu_sensor. Please update your code accordingly.
2026-09-20T06:15:47Z [3,936ms] [Warning] [omni.isaac.sensor.lidar_rtx] omni.isaac.sensor.lidar_rtx has been deprecated in favor of isaacsim.sensors.rtx.lidar_rtx. Please update your code accordingly.
2026-09-20T06:15:47Z [3,937ms] [Warning] [omni.isaac.sensor.rotating_lidar_physX] omni.isaac.sensor.imu_sensor has been deprecated in favor of isaacsim.sensors.physix.rotating_lidar_physX. Please update your code accordingly.
2026-09-20T06:15:47Z [3,937ms] [Warning] [omni.isaac.sensor.scripts.samples.contact_sensor] omni.isaac.sensor.scripts.samples.contact_sensor has been deprecated in favor of isaacsim.sensors.physics.scripts.samples.contact_sensor. Please update your code accordingly.
2026-09-20T06:15:47Z [3,937ms] [Warning] [omni.isaac.sensor.scripts.samples.imu_sensor] omni.isaac.sensor.scripts.samples.imu_sensor has been deprecated in favor of isaacsim.sensors.physics.scripts.samples.imu_sensor. Please update your code accordingly.
2026-09-20T06:15:47Z [3,937ms] [Warning] [omni.isaac.sensor.scripts.samples.lightbeam_sensor] omni.isaac.sensor.scripts.samples.lightbeam_sensor has been deprecated in favor of isaacsim.sensors.physx.scripts.samples.lightbeam_sensor. Please update your code accordingly.
[3.943s] [ext: omni.kit.menu.create-2.0.1] startup
[3.945s] [ext: omni.kit.widget.toolbar-2.0.1] startup
[3.953s] [ext: omni.kit.manipulator.transform-107.0.0] startup
[3.956s] [ext: omni.isaac.core-4.0.7] startup
2026-09-20T06:15:47Z [3,951ms] [Warning] [omni.isaac.core.physics_context.physics_context] omni.isaac.core.physics_context.physics_context has been deprecated in favor of isaacsim.core.api.physics_context.physics_context. Please update your code accordingly.
2026-09-20T06:15:47Z [3,951ms] [Warning] [omni.isaac.core.simulation_context.simulation_context] omni.isaac.core.simulation_context.simulation_context has been deprecated in favor of isaacsim.core.api.simulation_context.simulation_context. Please update your code accordingly.
2026-09-20T06:15:47Z [3,951ms] [Warning] [omni.isaac.core.world.world] omni.isaac.core.world.world has been deprecated in favor of isaacsim.core.api.world.world. Please update your code accordingly.
2026-09-20T06:15:47Z [3,951ms] [Warning] [omni.isaac.core] omni.isaac.core has been deprecated in favor of isaacsim.core.api. Please update your code accordingly.
[3.957s] [ext: omni.kit.scripting-107.3.2] startup
[3.961s] [ext: omni.kit.manipulator.tool.snap-1.5.13] startup
[3.964s] [ext: omni.kit.manipulator.selector-1.1.3] startup
[3.965s] [ext: isaacsim.app.about-2.0.11] startup
[3.968s] [ext: isaacsim.replicator.behavior-1.1.16] startup
[3.969s] [ext: omni.kit.viewport.manipulator.transform-107.0.4] startup
[3.971s] [ext: omni.isaac.window.about-2.0.7] startup
2026-09-20T06:15:47Z [3,966ms] [Warning] [omni.isaac.window.about] omni.isaac.window.about has been deprecated in favor of isaacsim.app.about. Please update your code accordingly.
2026-09-20T06:15:47Z [3,966ms] [Warning] [omni.isaac.window.about.about] omni.isaac.window.about.about has been deprecated in favor of isaacsim.app.about.about. Please update your code accordingly.
[3.972s] [ext: omni.fabric.commands-1.1.6] startup
[3.974s] [ext: omni.kit.manipulator.prim.core-107.0.8] startup
[3.978s] [ext: omni.kit.property.audio-1.0.16] startup
[3.979s] [ext: omni.kit.property.camera-1.0.10] startup
[3.980s] [ext: omni.kit.property.geometry-2.0.4] startup
[3.982s] [ext: omni.hydra.scene_api-0.1.2] startup
[3.985s] [ext: omni.kit.property.light-1.0.12] startup
[3.994s] [ext: omni.kit.manipulator.prim.fabric-107.0.4] startup
[3.995s] [ext: omni.kit.manipulator.prim.usd-107.0.3] startup
[3.997s] [ext: omni.kit.property.material-1.11.9] startup
[4.000s] [ext: omni.kit.property.render-1.2.1] startup
[4.001s] [ext: omni.kit.property.transform-1.5.13] startup
[4.004s] [ext: isaacsim.gui.property-1.1.3] startup
[4.005s] [ext: omni.kit.manipulator.camera-106.0.4] startup
[4.008s] [ext: omni.kit.manipulator.prim-107.0.0] startup
[4.008s] [ext: omni.isaac.surface_gripper-2.0.6] startup
2026-09-20T06:15:47Z [4,003ms] [Warning] [omni.isaac.surface_gripper] omni.isaac.surface_gripper has been deprecated in favor of isaacsim.robot.surface_gripper. Please update your code accordingly.
[4.009s] [ext: omni.kit.manipulator.selection-106.0.1] startup
[4.012s] [ext: omni.kit.property.bundle-1.4.1] startup
[4.012s] [ext: omni.kit.property.isaac-1.0.6] startup
2026-09-20T06:15:47Z [4,008ms] [Warning] [omni.kit.property.isaac] omni.kit.property.isaac has been deprecated in favor of isaacsim.gui.property. Please update your code accordingly.
2026-09-20T06:15:47Z [4,008ms] [Warning] [omni.kit.property.isaac.widgets] omni.kit.property.isaac.widgets has been deprecated in favor of isaacsim.gui.property.widgets. Please update your code accordingly.
[4.013s] [ext: omni.isaac.universal_robots-1.0.6] startup
2026-09-20T06:15:47Z [4,008ms] [Warning] [omni.isaac.universal_robots] omni.isaac.universal_robots has been deprecated in favor of isaacsim.robot.manipulators.examples.universal_robots. Please update your code accordingly.
2026-09-20T06:15:47Z [4,008ms] [Warning] [omni.isaac.universal_robots.kinematics_solver] omni.isaac.franka has been deprecated in favor of isaacsim.robot.manipulators.examples.universal_robots. Please update your code accordingly.
2026-09-20T06:15:47Z [4,009ms] [Warning] [omni.isaac.universal_robots.ur10] omni.isaac.franka has been deprecated in favor of isaacsim.robot.manipulators.examples.universal_robots. Please update your code accordingly.
[4.014s] [ext: omni.isaac.core_nodes-2.0.6] startup
2026-09-20T06:15:47Z [4,010ms] [Warning] [omni.isaac.core_nodes] omni.isaac.core_nodes has been deprecated in favor of isaacsim.core.nodes. Please update your code accordingly.
[4.016s] [ext: omni.kit.viewport.menubar.camera-107.0.6] startup
[4.021s] [ext: omni.kit.viewport.menubar.lighting-107.3.1] startup
[4.025s] [ext: isaacsim.replicator.writers-1.0.17] startup
[4.033s] [ext: omni.kit.viewport.menubar.render-107.0.10] startup
[4.036s] [ext: omni.kit.viewport.menubar.settings-107.0.3] startup
[4.040s] [ext: omni.kit.window.console-1.1.4] startup
[4.044s] [ext: isaacsim.replicator.domain_randomization-1.0.16] startup
[4.045s] [ext: isaacsim.replicator.examples-1.3.6] startup
[4.048s] [ext: omni.ocio-0.1.1] startup
[4.050s] [ext: omni.rtx.window.settings-0.6.19] startup
[4.057s] [ext: omni.kit.window.status_bar-0.1.9] startup
[4.061s] [ext: omni.kit.window.toolbar-2.0.0] startup
[4.066s] [ext: omni.replicator.isaac-2.0.8] startup
2026-09-20T06:15:47Z [4,061ms] [Warning] [omni.replicator.isaac] omni.replicator.isaac has been deprecated in favor of isaacsim.replicator.domain_randomization, isaacsim.replicator.examples, isaacsim.replicator.writers. Please update your code accordingly.
[4.066s] [ext: omni.replicator.replicator_yaml-2.0.11] startup
[4.077s] [ext: omni.rtx.settings.core-0.6.5] startup
[4.080s] [ext: omni.usd.metrics.assembler.ui-107.3.1] startup
[4.087s] [ext: omni.isaac.utils-2.0.6] startup
[4.087s] [ext: semantics.schema.editor-2.0.2] startup
[4.090s] [ext: omni.kit.ui.actions-1.0.5] startup
[4.091s] [ext: semantics.schema.property-2.0.1] startup
[4.093s] [ext: omni.isaac.version-2.0.7] startup
2026-09-20T06:15:47Z [4,088ms] [Warning] [omni.isaac.version] omni.isaac.version has been deprecated in favor of isaacsim.core.version. Please update your code accordingly.
[4.093s] [ext: omni.isaac.cortex-1.0.5] startup
[4.094s] [ext: omni.anim.curve.core-1.3.1] startup
[4.100s] [ext: isaacsim.core.throttling-2.2.2] startup
[4.101s] [ext: omni.kit.menu.common-2.0.1] startup
[4.102s] [ext: isaacsim.exp.base-5.1.0] startup
[4.103s] [ext: isaacsim.exp.base.python-5.1.0] startup
[4.104s] Simulation App Starting
2026-09-20T06:15:47Z [4,390ms] [Warning] [omni.fabric.plugin] Warning: attribute viewportHandle not found for bucket id 9

[4.419s] app ready
2026-09-20T06:15:48Z [4,666ms] [Warning] [carb.graphics-vulkan.plugin] NGX does not support feature SuperSamplingDenoising.Available.
2026-09-20T06:15:48Z [4,666ms] [Warning] [rtx.postprocessing.plugin] NGX cannot find DLSS-RR feature or it is not supported for the current hardware/driver.
2026-09-20T06:15:48Z [4,666ms] [Error] [rtx.postprocessing.plugin] createDLSSContext error: unable to initialize context. Optional DLSS feature is disabled.
Starting kit application with the following args:  ['/home/qy/ISAAC——SIM/.venv/lib/python3.11/site-packages/isaacsim/exts/isaacsim.simulation_app/isaacsim/simulation_app/simulation_app.py', '/home/qy/ISAAC——SIM/.venv/lib/python3.11/site-packages/isaacsim/apps/isaacsim.exp.base.python.kit', '--/app/tokens/exe-path=/home/qy/ISAAC——SIM/.venv/lib/python3.11/site-packages/isaacsim/kit', '--/persistent/app/viewport/displayOptions=3094', '--/rtx/materialDb/syncLoads=True', '--/rtx/hydra/materialSyncLoads=True', '--/omni.kit.plugin/syncUsdLoads=True', '--/app/renderer/resolution/width=640', '--/app/renderer/resolution/height=480', '--/app/window/width=1440', '--/app/window/height=900', '--/renderer/multiGpu/enabled=True', '--/app/fastShutdown=True', '--/app/installSignalHandlers=0', '--ext-folder', '/home/qy/ISAAC——SIM/.venv/lib/python3.11/site-packages/isaacsim/exts', '--ext-folder', '/home/qy/ISAAC——SIM/.venv/lib/python3.11/site-packages/isaacsim/apps', '--/app/settings/loadUserConfig=false', '--/app/settings/persistent=false', '--/physics/cudaDevice=0', '--/plugins/carb.tasking.plugin/threadCount=4', '--/plugins/omni.tbb.globalcontrol/maxThreadCount=4', '--portable', '--no-window', '--/app/window/hideUi=1']
Passing the following args to the base kit application:  ['--mode', 'free', '--duration', '4', '--output', '/home/qy/ISAAC——SIM/results/free_contact_smoke']
Warp 1.8.2 initialized:
   CUDA Toolkit 12.8, Driver 13.0
   Devices:
     "cpu"      : "x86_64"
     "cuda:0"   : "NVIDIA GeForce RTX 4090 D" (23 GiB, sm_89, mempool enabled)
   Kernel cache:
     /home/qy/ISAAC——SIM/cache/xdg/warp/1.8.2
Warp DeprecationWarning: The `warp.sim` module is deprecated and will be removed in v1.10. Please transition to using the forthcoming Newton library instead.
JOINT_NAMES ['rearwheel_joint', 'steering_joint', 'hip_joint', 'frontwheel_joint', 'knee_joint']
STEP 200 base [0.01982741 0.02109322 0.11620834] q [ 0.14465825  0.00432563 -1.2159673   0.35071206  2.5000002 ]
STEP 400 base [0.03822647 0.18713565 0.09015418] q [ 1.4241682e-01  1.3754224e-04 -1.1956331e+00  1.5994719e+00
  2.4999990e+00]
STEP 600 base [0.03801679 0.1864522  0.08702556] q [ 1.4244016e-01 -1.0962823e-07 -1.1993314e+00  3.1693902e+00
  2.4963119e+00]
STEP 800 base [0.03801668 0.18645221 0.08702514] q [ 1.4242706e-01 -1.7900447e-08 -1.1993322e+00  4.7418575e+00
  2.4963117e+00]
SMOKE_COMPLETE {"engine": "Isaac Sim / PhysX", "isaacsim_version": "5.1.0.0", "mode": "free", "source_sha256": "0b56d3672773ef05a2b5982117fa53a7fdffcaf2b7f3f04a7a7941233d6e9c8a", "joint_names": ["rearwheel_joint", "steering_joint", "hip_joint", "frontwheel_joint", "knee_joint"], "mass_audit_passed": true, "physics_dt_s": 0.005, "target_update_dt_s": 0.02, "servo": "PhysX implicit force drive with source SI gains and force limits", "effort_semantics": "PhysX projected measured joint effort; not isolated motor torque", "jit_control_dt_s": 0.02, "duration_s": 4.0, "frames": 100, "endpoint": "horizon", "wall_seconds": 1.576082468032837, "video_error": null, "physical_task_success": "not evaluated; no balance or learned policy", "root_displacement_m": [0.03530314564704895, 0.18645933270454407, -0.06635549664497375], "joint_range_observed_rad": [0.14640845358371735, 0.014463639818131924, 0.04864799976348877, 4.741857528686523, 0.047514915466308594], "limitations": ["explicit USD geometry, tessellated convex ellipsoid wheels; isotropic contact approximation not dynamically equivalent", "implicit PhysX servo integration differs from MuJoCo RK4; source gains/target/force caps retained", "fixed mode constrains root for joint diagnostics; free mode has no balance policy"]}
[6.461s] Simulation App Startup Complete
2026-09-20T06:15:50Z [7,187ms] [Warning] [isaacsim.sensors.camera.camera] 'verticalAperture' (1.5290800094604493) and 'horizontalAperture' (2.0954999923706055) are inconsistent with the pixel resolution aspect ratio (1.3333333333333333). Setting 'verticalAperture' to 1.571624994277954 to ensure square pixels.
2026-09-20T06:15:50Z [7,205ms] [Warning] [omni.fabric.plugin] USD->Fabric: Unhandled array type string[]
2026-09-20T06:15:50Z [7,209ms] [Warning] [usdrt.population.plugin] [UsdNoticeHandler] Unhandled attribute type VtArray<std::string> (prim attribute: omni:rtx:material:db:flattener:ior_constant)
2026-09-20T06:15:50Z [7,210ms] [Warning] [usdrt.population.plugin] [UsdNoticeHandler] Unhandled attribute type VtArray<std::string> (prim attribute: omni:rtx:material:db:flattener:transmittance_color)
2026-09-20T06:15:50Z [7,210ms] [Warning] [usdrt.population.plugin] [UsdNoticeHandler] Unhandled attribute type VtArray<std::string> (prim attribute: omni:rtx:material:db:flattener:reflection_roughness_constant)
2026-09-20T06:15:50Z [7,267ms] [Warning] [omni.syntheticdata.plugin] OgnSdPostRenderVarToHost : rendervar copy from texture directly to host buffer is counter-performant. Please use copy from texture to device buffer first.
2026-09-20T06:15:50Z [7,327ms] [Warning] [carb] Plugin interface for a client: omni.hydratexture.plugin was already released.
2026-09-20T06:15:50Z [7,489ms] [Warning] [omni.syntheticdata.plugin] SdRenderVarPtr missing valid input renderVar LdrColorSDhost
2026-09-20T06:15:50Z [7,510ms] [Warning] [isaacsim.core.simulation_manager.plugin] No adjacent samples found for interpolation at time 20/30
2026-09-20T06:15:50Z [7,521ms] [Warning] [isaacsim.core.simulation_manager.plugin] No adjacent samples found for interpolation at time 21/30
2026-09-20T06:15:50Z [7,532ms] [Warning] [isaacsim.core.simulation_manager.plugin] No adjacent samples found for interpolation at time 22/30
2026-09-20T06:15:50Z [7,540ms] [Warning] [isaacsim.core.simulation_manager.plugin] No adjacent samples found for interpolation at time 23/30
2026-09-20T06:15:50Z [7,549ms] [Warning] [isaacsim.core.simulation_manager.plugin] No adjacent samples found for interpolation at time 24/30
2026-09-20T06:15:50Z [7,559ms] [Warning] [isaacsim.core.simulation_manager.plugin] No adjacent samples found for interpolation at time 25/30
2026-09-20T06:15:50Z [7,569ms] [Warning] [isaacsim.core.simulation_manager.plugin] No adjacent samples found for interpolation at time 26/30
2026-09-20T06:15:50Z [7,578ms] [Warning] [isaacsim.core.simulation_manager.plugin] No adjacent samples found for interpolation at time 27/30
2026-09-20T06:15:50Z [7,588ms] [Warning] [isaacsim.core.simulation_manager.plugin] No adjacent samples found for interpolation at time 28/30
2026-09-20T06:15:53Z [10,302ms] [Warning] [carb] Plugin interface for a client: omni.hydratexture.plugin was already released.
[10.357s] Simulation App Shutting Down
