{
  "source": "/home/qy/DVGC/assets/orange_bike_4kg_horizontal.xml",
  "sha256": "0b56d3672773ef05a2b5982117fa53a7fdffcaf2b7f3f04a7a7941233d6e9c8a",
  "mujoco_version": "3.3.7",
  "total_mass_kg": 5.090999999999999,
  "xml_physics_dt_s": 0.001,
  "jit_physics_dt_s": 0.005,
  "jit_control_dt_s": 0.02,
  "bodies": [
    {
      "name": "base_link",
      "mass": 1.76,
      "com": [
        0.02772797727272728,
        -0.000700851875,
        0.05052942045454545
      ],
      "principal_inertia": [
        0.020962292039510787,
        0.017614920913719988,
        0.004905748867161521
      ],
      "inertia_quat_wxyz": [
        0.6477059188416672,
        0.2689656960344688,
        0.27590980165234047,
        0.6572733665730983
      ]
    },
    {
      "name": "rearwheel",
      "mass": 0.17,
      "com": [
        0.0,
        0.0,
        0.0
      ],
      "principal_inertia": [
        0.0002096666666666667,
        0.0002096666666666667,
        0.00041650000000000015
      ],
      "inertia_quat_wxyz": [
        1.0,
        0.0,
        0.0,
        0.0
      ]
    },
    {
      "name": "steer",
      "mass": 0.001,
      "com": [
        0.0,
        0.0,
        -0.03
      ],
      "principal_inertia": [
        2.9083333333333336e-06,
        2.7749999999999997e-06,
        2.8333333333333336e-07
      ],
      "inertia_quat_wxyz": [
        1.0,
        0.0,
        0.0,
        0.0
      ]
    },
    {
      "name": "frontwheel",
      "mass": 0.13,
      "com": [
        0.0,
        0.0,
        0.0
      ],
      "principal_inertia": [
        0.00016033333333333337,
        0.00016033333333333337,
        0.00031850000000000004
      ],
      "inertia_quat_wxyz": [
        1.0,
        0.0,
        0.0,
        0.0
      ]
    },
    {
      "name": "downarm",
      "mass": 0.72,
      "com": [
        7.80614761153499e-08,
        -0.015104719905965866,
        0.2552109481267508
      ],
      "principal_inertia": [
        0.005291960270325852,
        0.005170558880589957,
        0.0003556770723592142
      ],
      "inertia_quat_wxyz": [
        0.9944754541347035,
        0.10496938183216625,
        -1.1546814280362542e-06,
        -1.2187952473850698e-07
      ]
    },
    {
      "name": "uparm",
      "mass": 2.31,
      "com": [
        7.580342478103272e-08,
        0.03347395427226586,
        -0.18173979637357773
      ],
      "principal_inertia": [
        0.005954945528869052,
        0.005248398141832493,
        0.0015768076081977623
      ],
      "inertia_quat_wxyz": [
        0.7061091698529403,
        0.03752609773468134,
        -0.03752380002214491,
        0.706111603551661
      ]
    }
  ],
  "joints": [
    {
      "name": "floating_base_joint",
      "type": 0,
      "axis": [
        0.0,
        0.0,
        1.0
      ],
      "range": [
        0.0,
        0.0
      ]
    },
    {
      "name": "rearwheel_joint",
      "type": 3,
      "axis": [
        0.0,
        0.0,
        1.0
      ],
      "range": [
        0.0,
        0.0
      ]
    },
    {
      "name": "steering_joint",
      "type": 3,
      "axis": [
        0.0,
        0.0,
        1.0
      ],
      "range": [
        -0.8,
        0.8
      ]
    },
    {
      "name": "frontwheel_joint",
      "type": 3,
      "axis": [
        0.0,
        0.0,
        1.0
      ],
      "range": [
        0.0,
        0.0
      ]
    },
    {
      "name": "hip_joint",
      "type": 3,
      "axis": [
        0.0,
        1.0,
        0.0
      ],
      "range": [
        -1.3,
        0.5
      ]
    },
    {
      "name": "knee_joint",
      "type": 3,
      "axis": [
        0.0,
        1.0,
        0.0
      ],
      "range": [
        -1.5,
        2.5
      ]
    }
  ],
  "actuators": [
    {
      "name": "cmd_steering_v",
      "joint": "steering_joint",
      "gain": [
        10.0,
        0.0,
        0.0,
        0.0,
        0.0,
        0.0,
        0.0,
        0.0,
        0.0,
        0.0
      ],
      "bias": [
        0.0,
        -10.0,
        -0.1,
        0.0,
        0.0,
        0.0,
        0.0,
        0.0,
        0.0,
        0.0
      ],
      "ctrlrange": [
        -0.8,
        0.8
      ],
      "forcerange": [
        -5.0,
        5.0
      ]
    },
    {
      "name": "cmd_rearwheel_f",
      "joint": "rearwheel_joint",
      "gain": [
        5.0,
        0.0,
        0.0,
        0.0,
        0.0,
        0.0,
        0.0,
        0.0,
        0.0,
        0.0
      ],
      "bias": [
        0.0,
        0.0,
        -5.0,
        0.0,
        0.0,
        0.0,
        0.0,
        0.0,
        0.0,
        0.0
      ],
      "ctrlrange": [
        -5.0,
        40.0
      ],
      "forcerange": [
        -6.0,
        6.0
      ]
    },
    {
      "name": "cmd_hip_f",
      "joint": "hip_joint",
      "gain": [
        100.0,
        0.0,
        0.0,
        0.0,
        0.0,
        0.0,
        0.0,
        0.0,
        0.0,
        0.0
      ],
      "bias": [
        0.0,
        -100.0,
        -6.0,
        0.0,
        0.0,
        0.0,
        0.0,
        0.0,
        0.0,
        0.0
      ],
      "ctrlrange": [
        -1.3,
        0.5
      ],
      "forcerange": [
        -30.0,
        30.0
      ]
    },
    {
      "name": "cmd_knee_f",
      "joint": "knee_joint",
      "gain": [
        100.0,
        0.0,
        0.0,
        0.0,
        0.0,
        0.0,
        0.0,
        0.0,
        0.0,
        0.0
      ],
      "bias": [
        0.0,
        -100.0,
        -6.0,
        0.0,
        0.0,
        0.0,
        0.0,
        0.0,
        0.0,
        0.0
      ],
      "ctrlrange": [
        -1.5,
        2.5
      ],
      "forcerange": [
        -30.0,
        30.0
      ]
    }
  ],
  "compiled_equivalence_check": "passed; mass, COM, inertia, axes, anchors and actuator coefficients",
  "limitations": [
    "PhysX contact solver differs from MuJoCo",
    "condim6 anisotropy and solref/solimp require a separately declared contact approximation",
    "asset smoke does not transfer a learned controller"
  ]
}
