[Info] [carb] Logging to file: /home/qy/ISAAC——SIM/.venv/lib/python3.11/site-packages/isaacsim/kit/logs/Kit/Isaac-Sim Python/5.1/kit_20260920_164331.log
[0.035s] [ext: omni.kit.async_engine-0.0.3] startup
[0.083s] [ext: omni.metrics.core-0.0.3] startup
[0.083s] [ext: omni.client.lib-1.1.0] startup
[0.090s] [ext: omni.blobkey-1.1.2] startup
[0.091s] [ext: omni.stats-1.0.1] startup
[0.091s] [ext: omni.datastore-0.0.0] startup
[0.094s] [ext: omni.client-1.3.0] startup
[0.097s] [ext: omni.ujitso.default-1.0.0] startup
[0.098s] [ext: omni.hsscclient-1.1.2] startup
[0.099s] [ext: omni.gpu_foundation.shadercache.vulkan-1.0.0] startup
[0.100s] [ext: omni.assets.plugins-0.0.0] startup
[0.101s] [ext: omni.gpu_foundation-0.0.0] startup
[0.105s] [ext: carb.windowing.plugins-1.0.0] startup
[0.109s] [ext: omni.kit.renderer.init-0.0.0] startup

|---------------------------------------------------------------------------------------------|
| Driver Version: 580.159.03    | Graphics API: Vulkan
|=============================================================================================|
| GPU | Name                             | Active | LDA | GPU Memory | Vendor-ID | LUID       |
|     |                                  |        |     |            | Device-ID | UUID       |
|     |                                  |        |     |            | Bus-ID    |            |
|---------------------------------------------------------------------------------------------|
| 0   | NVIDIA GeForce RTX 4090 D        | Yes: 0 |     | 24564   MB | 10de      | 0          |
|     |                                  |        |     |            | 2685      | 23608a80.. |
|     |                                  |        |     |            | 1         |            |
|=============================================================================================|
| OS: 22.04.4 LTS (Jammy Jellyfish) ubuntu, Version: 22.04.4, Kernel: 6.8.0-111-generic
| XServer Vendor: The X.Org Foundation, XServer Version: 12101004 (1.21.1.4)
| Processor: Intel(R) Core(TM) i9-14900KF
| Cores: 24 | Logical Cores: 32
|---------------------------------------------------------------------------------------------|
| Total Memory (MB): 31931 | Free Memory: 17438
| Total Page/Swap (MB): 2047 | Free Page/Swap: 10
|---------------------------------------------------------------------------------------------|
2026-09-20T08:43:31Z [488ms] [Warning] [gpu.foundation.plugin] CPU performance profile is set to powersave. This profile sets the CPU to the lowest frequency reducing performance.
2026-09-20T08:43:31Z [496ms] [Warning] [gpu.foundation.plugin] IOMMU is enabled.
[0.620s] [ext: omni.materialx.libs-1.0.7] startup
[0.625s] [ext: omni.kit.telemetry-0.5.2] startup
[0.639s] [ext: omni.usd.config-1.0.6] startup
[0.641s] [ext: omni.gpucompute.plugins-0.0.0] startup
[0.641s] [ext: omni.usd.libs-1.0.1] startup
[0.690s] [ext: omni.kit.loop-isaac-1.3.7] startup
[0.691s] [ext: omni.kit.test-2.0.1] startup
[0.718s] [ext: omni.mdl-56.0.3] startup
[0.754s] [ext: omni.iray.libs-0.0.0] startup
[0.757s] [ext: omni.mdl.neuraylib-0.2.12] startup
[0.758s] [ext: omni.kit.usd.mdl-1.1.5] startup
[0.814s] [ext: omni.kit.pipapi-0.0.0] startup
[0.814s] [ext: omni.appwindow-1.1.10] startup
[0.815s] [ext: omni.kit.renderer.core-1.1.0] startup
[1.254s] [ext: omni.kit.renderer.capture-0.0.0] startup
[1.255s] [ext: omni.kit.renderer.imgui-2.0.5] startup
[1.495s] [ext: omni.ui-2.27.1] startup
[1.501s] [ext: omni.kit.mainwindow-1.0.3] startup
[1.501s] [ext: carb.audio-0.1.0] startup
[1.503s] [ext: omni.uiaudio-1.0.0] startup
[1.504s] [ext: omni.kit.uiapp-0.0.0] startup
[1.504s] [ext: omni.usd.schema.metrics.assembler-107.3.1] startup
[1.505s] [ext: omni.usd.schema.physx-107.3.26] startup
[1.524s] [ext: omni.usd.schema.geospatial-0.0.0] startup
[1.526s] [ext: omni.usd.schema.audio-0.0.0] startup
[1.527s] [ext: omni.usd.schema.anim-0.0.0] startup
[1.538s] [ext: omni.usd.schema.flow-107.1.1] startup
[1.538s] [ext: omni.usd_resolver-1.0.0] startup
[1.540s] [ext: omni.usd.core-1.5.3] startup
[1.542s] [ext: omni.usd.schema.omni_sensors-0.0.0] startup
[1.555s] [ext: omni.usd.schema.semantics-0.0.0] startup
[1.556s] [ext: omni.usd.schema.omniscripting-1.0.0] startup
[1.558s] [ext: omni.usd.schema.omni_lens_distortion-0.0.0] startup
[1.558s] [ext: omni.usd.schema.omnigraph-1.0.0] startup
[1.562s] [ext: omni.kit.window.popup_dialog-2.0.24] startup
[1.564s] [ext: omni.graph.exec-0.9.6] startup
[1.564s] [ext: omni.kit.widget.nucleus_connector-2.0.1] startup
[1.565s] [ext: omni.kit.usd_undo-0.1.8] startup
[1.566s] [ext: omni.kit.exec.core-0.13.4] startup
[1.566s] [ext: omni.kit.actions.core-1.0.0] startup
[1.568s] [ext: omni.resourcemonitor-107.0.1] startup
[1.569s] [ext: omni.activity.core-1.0.3] startup
[1.569s] [ext: omni.timeline-1.0.14] startup
[1.570s] [ext: omni.kit.commands-1.4.10] startup
[1.572s] [ext: usdrt.scenegraph-7.6.1] startup
[1.594s] [ext: omni.kit.audiodeviceenum-1.0.2] startup
[1.595s] [ext: omni.hydra.usdrt_delegate-7.5.1] startup
[1.598s] [ext: omni.hydra.scene_delegate-0.3.4] startup
[1.601s] [ext: omni.usd-1.13.10] startup
[1.613s] [ext: omni.inspect-1.0.2] startup
[1.613s] [ext: omni.kit.notification_manager-1.0.10] startup
[1.614s] [ext: omni.graph.core-2.184.5] startup
[1.616s] [ext: isaacsim.core.deprecation_manager-0.2.7] startup
[1.616s] [ext: omni.anim.graph.schema-107.3.3] startup
[1.620s] [ext: omni.usd.schema.isaac-3.0.5] startup
[1.620s] [ext: omni.anim.navigation.schema-107.3.3] startup
[1.621s] [ext: omni.kit.asset_converter-5.0.17] startup
[1.628s] [ext: isaacsim.robot.schema-3.6.0] startup
[1.632s] [ext: omni.usd.schema.render_settings.rtx-0.0.0] startup
[1.633s] [ext: omni.kit.menu.core-1.1.2] startup
[1.633s] [ext: omni.kit.widget.path_field-2.0.11] startup
[1.634s] [ext: omni.kit.widget.context_menu-1.2.5] startup
[1.634s] [ext: omni.kit.widget.browser_bar-2.0.10] startup
[1.635s] [ext: omni.kit.clipboard-1.0.5] startup
[1.635s] [ext: omni.kit.numpy.common-0.1.3] startup
[1.636s] [ext: omni.kit.widget.options_menu-1.1.6] startup
[1.638s] [ext: omni.kit.helper.file_utils-0.1.9] startup
[1.639s] [ext: omni.ui.scene-1.11.5] startup
[1.641s] [ext: omni.kit.widget.options_button-1.0.3] startup
[1.642s] [ext: omni.kit.widget.filebrowser-2.12.3] startup
[1.644s] [ext: omni.kit.usd.layers-2.2.11] startup
[1.649s] [ext: omni.kit.window.filepicker-2.13.4] startup
[1.656s] [ext: omni.kit.hotkeys.core-1.3.10] startup
[1.658s] [ext: omni.kit.context_menu-1.8.6] startup
[1.659s] [ext: omni.kit.property.adapter.core-1.0.2] startup
[1.660s] [ext: omni.kit.window.file_exporter-1.0.33] startup
[1.661s] [ext: omni.kit.widget.searchfield-1.1.8] startup
[1.662s] [ext: omni.kit.widget.filter-1.1.4] startup
[1.662s] [ext: omni.kit.widget.graph-2.0.0] startup
[1.665s] [ext: omni.kit.widget.stage-3.1.4] startup
[1.670s] [ext: omni.kit.property.adapter.usd-1.0.2] startup
[1.671s] [ext: omni.kit.property.adapter.fabric-1.0.3] startup
[1.671s] [ext: omni.kit.graph.delegate.default-1.2.3] startup
[1.672s] [ext: omni.kit.window.file_importer-1.1.18] startup
[1.672s] [ext: omni.kit.stage_template.core-1.1.22] startup
[1.672s] [ext: omni.kit.menu.utils-2.0.5] startup
[1.675s] [ext: omni.kit.window.file-2.0.5] startup
[1.676s] [ext: omni.kit.widget.highlight_label-1.0.3] startup
[1.677s] [ext: omni.kit.window.drop_support-1.0.5] startup
[1.677s] [ext: omni.kit.window.content_browser_registry-0.0.6] startup
[1.677s] [ext: omni.kit.window.property-1.12.1] startup
[1.679s] [ext: omni.kit.window.content_browser-3.1.3] startup
[1.685s] [ext: isaacsim.core.version-2.0.6] startup
[1.685s] [ext: omni.kit.property.usd-4.5.12] startup
[1.695s] [ext: omni.kit.graph.editor.core-1.5.3] startup
[1.696s] [ext: omni.kit.material.library-2.0.7] startup
[1.699s] [ext: omni.kit.graph.usd.commands-1.3.1] startup
[1.699s] [ext: omni.kvdb-107.3.26] startup
[1.700s] [ext: omni.usdphysics-107.3.26] startup
[1.702s] [ext: omni.physx.foundation-107.3.26] startup
[1.703s] [ext: omni.localcache-107.3.26] startup
[1.703s] [ext: omni.convexdecomposition-107.3.26] startup
[1.705s] [ext: omni.physics-107.3.26] startup
[1.707s] [ext: omni.physx.cooking-107.3.26] startup
[1.708s] [ext: omni.physics.stageupdate-107.3.26] startup
[1.709s] [ext: omni.physx-107.3.26] startup
[1.715s] [ext: omni.index.libs-380600.8087.0] startup
[1.715s] [ext: omni.physics.physx-107.3.26] startup
2026-09-20T08:43:33Z [1,710ms] [Warning] [carb] Acquiring non optional plugin interface which is not listed as dependency: [omni::physx::IPhysxBenchmarks v1.0] (plugin: <default plugin>), by client: omni.physics.physx.plugin. Add it to CARB_PLUGIN_IMPL_DEPS() macro of a client.
[1.716s] [ext: omni.index-1.0.1] startup
[1.716s] [ext: omni.volume-0.5.2] startup
[1.718s] [ext: omni.ujitso.client-0.0.0] startup
[1.718s] [ext: omni.hydra.rtx.shadercache.vulkan-1.0.0] startup
[1.718s] [ext: omni.kit.widget.searchable_combobox-1.0.6] startup
[1.719s] [ext: omni.hydra.rtx-1.0.0] startup
2026-09-20T08:43:33Z [1,724ms] [Warning] [omni.log] Source: omni.hydra was already registered.
[1.738s] [ext: omni.kit.widget.settings-1.2.6] startup
[1.739s] [ext: omni.kit.hydra_texture-1.4.6] startup
[1.741s] [ext: omni.graph.tools-1.79.2] startup
[1.754s] [ext: omni.kit.window.preferences-1.8.0] startup
[1.757s] [ext: omni.kit.widget.material_preview-1.0.16] startup
[1.757s] [ext: omni.graph-1.141.2] startup
[1.781s] [ext: omni.kit.window.material_graph-1.9.1] startup
[1.786s] [ext: omni.isaac.dynamic_control-2.0.7] startup
2026-09-20T08:43:33Z [1,783ms] [Warning] [omni.isaac.dynamic_control] omni.isaac.dynamic_control is deprecated as of Isaac Sim 4.5. No action is needed from end-users.
[1.789s] [ext: isaacsim.storage.native-1.5.1] startup
[1.790s] [ext: omni.graph.scriptnode-1.50.0] startup
[1.792s] [ext: omni.hydra.engine.stats-1.0.3] startup
[1.794s] [ext: omni.kit.viewport.legacy_gizmos-1.0.19] startup
[1.795s] [ext: omni.kit.raycast.query-1.1.0] startup
[1.798s] [ext: omni.graph.action_core-1.1.7] startup
[1.801s] [ext: omni.kit.viewport.scene_camera_model-1.0.6] startup
[1.804s] [ext: omni.graph.image.core-0.6.1] startup
[1.805s] [ext: omni.kit.widget.viewport-107.1.3] startup
[1.808s] [ext: omni.kit.viewport.registry-104.0.6] startup
[1.810s] [ext: omni.usd.metrics.assembler-107.3.1] startup
[1.814s] [ext: omni.kit.viewport.window-107.2.0] startup
[1.825s] [ext: omni.kit.viewport.menubar.core-107.2.1] startup
[1.833s] [ext: omni.graph.image.nodes-1.3.1] startup
[1.834s] [ext: omni.usd.metrics.assembler.physics-107.3.26] startup
[1.835s] [ext: omni.warp.core-1.8.2] startup
[1.942s] [ext: omni.kit.viewport.utility-1.1.2] startup
[1.943s] [ext: omni.physics.tensors-107.3.26] startup
[1.947s] [ext: omni.syntheticdata-0.6.13] startup
[1.961s] [ext: isaacsim.test.docstring-1.1.0] startup
[1.965s] [ext: isaacsim.core.utils-3.5.1] startup
[1.968s] [ext: omni.physx.tensors-107.3.26] startup
[2.005s] [ext: omni.graph.nodes-1.170.10] startup
[2.011s] [ext: omni.graph.action_nodes-1.50.4] startup
[2.012s] [ext: omni.kit.primitive.mesh-1.0.17] startup
[2.016s] [ext: isaacsim.core.simulation_manager-1.4.4] startup
[2.801s] [ext: omni.graph.ui_nodes-1.50.5] startup
[2.804s] [ext: omni.graph.action-1.130.0] startup
[2.804s] [ext: omni.kit.stage_templates-2.0.0] startup
[2.808s] [ext: isaacsim.core.prims-0.6.1] startup
[2.825s] [ext: omni.warp-1.8.2] startup
[2.830s] [ext: omni.videoencoding-0.1.2] startup
[2.833s] [ext: isaacsim.core.api-4.8.0] startup
[2.840s] [ext: isaacsim.core.experimental.utils-0.3.0] startup
[2.842s] [ext: omni.replicator.core-1.12.27] startup
2026-09-20T08:43:34Z [2,846ms] [Warning] [pxr.Semantics] pxr.Semantics is deprecated - please use Semantics instead
2026-09-20T08:43:34Z [2,934ms] [Warning] [omni.graph.core.plugin] Found duplicate of category 'Replicator' - was 'Annotators', adding 'Fabric Reader'
2026-09-20T08:43:34Z [2,934ms] [Warning] [omni.graph.core.plugin] Category 'Replicator' not accepted on node type 'omni.replicator.core.FabricReader' in extension 'omni.replicator.core'
2026-09-20T08:43:34Z [2,935ms] [Warning] [omni.replicator.core.scripts.extension] No material configuration file, adding configuration to material settings directly.
[2.944s] [ext: isaacsim.core.experimental.prims-0.8.1] startup
[2.969s] [ext: omni.kit.window.extensions-1.4.27] startup
[2.977s] [ext: isaacsim.core.experimental.objects-0.4.0] startup
[2.980s] [ext: omni.ui_query-1.1.8] startup
[2.982s] [ext: omni.kit.manipulator.viewport-107.0.1] startup
[2.983s] [ext: isaacsim.robot.surface_gripper-3.3.1] startup
[2.986s] [ext: omni.kit.ui_test-1.3.7] startup
[2.988s] [ext: omni.graph.visualization.nodes-2.1.3] startup
[2.997s] [ext: isaacsim.robot_motion.lula-4.0.8] startup
[3.003s] [ext: isaacsim.core.nodes-3.4.3] startup
[3.008s] [ext: isaacsim.gui.components-1.2.1] startup
[3.013s] [ext: isaacsim.robot_motion.motion_generation-8.0.26] startup
[3.024s] [ext: isaacsim.robot.manipulators-3.3.6] startup
[3.029s] [ext: isaacsim.core.experimental.materials-0.4.0] startup
[3.035s] [ext: isaacsim.robot.manipulators.examples-1.1.2] startup
[3.038s] [ext: isaacsim.cortex.framework-1.0.12] startup
[3.040s] [ext: isaacsim.cortex.behaviors-2.0.14] startup
[3.043s] [ext: omni.isaac.cortex.sample_behaviors-2.0.5] startup
2026-09-20T08:43:34Z [3,041ms] [Warning] [omni.isaac.cortex] omni.isaac.cortex has been deprecated in favor of isaacsim.cortex.framework. Please update your code accordingly.
2026-09-20T08:43:34Z [3,046ms] [Warning] [omni.isaac.cortex.sample_behaviors] omni.isaac.cortex.sample_behaviors has been deprecated in favor of isaacsim.cortex.behaviors. Please update your code accordingly.
[3.055s] [ext: omni.kit.widget.zoombar-1.0.6] startup
[3.061s] [ext: isaacsim.gui.content_browser-0.1.11] startup
[3.072s] [ext: omni.kit.browser.core-2.3.13] startup
[3.116s] [ext: omni.kit.widget.stage_icons-1.0.8] startup
[3.132s] [ext: omni.kit.widget.prompt-1.0.7] startup
[3.175s] [ext: omni.kit.usd.collect-2.4.5] startup
[3.214s] [ext: omni.kit.browser.folder.core-1.10.9] startup
[3.359s] [ext: omni.kit.window.stage-2.6.1] startup
[3.366s] [ext: omni.kit.usdz_export-1.0.9] startup
[3.371s] [ext: omni.kit.tool.collect-2.2.18] startup
[3.378s] [ext: omni.kit.menu.stage-1.2.7] startup
[3.380s] [ext: omni.kit.tool.asset_importer-4.3.2] startup
[3.389s] [ext: isaacsim.robot.wheeled_robots-4.0.24] startup
[3.397s] [ext: isaacsim.examples.browser-0.2.1] startup
[3.403s] [ext: isaacsim.asset.importer.urdf-2.4.30] startup
[3.462s] [ext: omni.isaac.wheeled_robots-3.0.7] startup
2026-09-20T08:43:34Z [3,457ms] [Warning] [omni.isaac.wheeled_robots] omni.isaac.wheeled_robots has been deprecated in favor of isaacsim.robot.wheeled_robots. Please update your code accordingly.
2026-09-20T08:43:34Z [3,458ms] [Warning] [omni.isaac.wheeled_robots.controllers] omni.isaac.wheeled_robots has been deprecated in favor of isaacsim.robot.wheeled_robots. Please update your code accordingly.
2026-09-20T08:43:34Z [3,458ms] [Warning] [omni.isaac.wheeled_robots.controllers.ackermann_controller] omni.isaac.wheeled_robots has been deprecated in favor of isaacsim.robot.wheeled_robots. Please update your code accordingly.
2026-09-20T08:43:34Z [3,459ms] [Warning] [omni.isaac.wheeled_robots.controllers.differential_controller] omni.isaac.wheeled_robots has been deprecated in favor of isaacsim.robot.wheeled_robots. Please update your code accordingly.
2026-09-20T08:43:34Z [3,460ms] [Warning] [omni.isaac.wheeled_robots.controllers.holonomic_controller] omni.isaac.wheeled_robots has been deprecated in favor of isaacsim.robot.wheeled_robots. Please update your code accordingly.
2026-09-20T08:43:34Z [3,461ms] [Warning] [omni.isaac.wheeled_robots.controllers.quintic_path_planner] omni.isaac.wheeled_robots has been deprecated in favor of isaacsim.robot.wheeled_robots. Please update your code accordingly.
2026-09-20T08:43:34Z [3,461ms] [Warning] [omni.isaac.wheeled_robots.controllers.stanley_control] omni.isaac.wheeled_robots has been deprecated in favor of isaacsim.robot.wheeled_robots. Please update your code accordingly.
2026-09-20T08:43:34Z [3,462ms] [Warning] [omni.isaac.wheeled_robots.controllers.wheel_base_pose_controller] omni.isaac.wheeled_robots has been deprecated in favor of isaacsim.robot.wheeled_robots. Please update your code accordingly.
2026-09-20T08:43:34Z [3,462ms] [Warning] [omni.isaac.wheeled_robots.impl] omni.isaac.wheeled_robots has been deprecated in favor of isaacsim.robot.wheeled_robots. Please update your code accordingly.
2026-09-20T08:43:34Z [3,463ms] [Warning] [omni.isaac.wheeled_robots.robots] omni.isaac.wheeled_robots has been deprecated in favor of isaacsim.robot.wheeled_robots. Please update your code accordingly.
2026-09-20T08:43:34Z [3,465ms] [Warning] [omni.isaac.wheeled_robots.robots.holonomic_robot_usd_setup] omni.isaac.wheeled_robots has been deprecated in favor of isaacsim.robot.wheeled_robots. Please update your code accordingly.
2026-09-20T08:43:34Z [3,467ms] [Warning] [omni.isaac.wheeled_robots.robots.wheeled_robot] omni.isaac.wheeled_robots has been deprecated in favor of isaacsim.robot.wheeled_robots. Please update your code accordingly.
[3.472s] [ext: isaacsim.simulation_app-2.12.2] startup
[3.472s] [ext: omni.isaac.franka-1.0.7] startup
2026-09-20T08:43:34Z [3,469ms] [Warning] [omni.isaac.franka] omni.isaac.franka has been deprecated in favor of isaacsim.robot.manipulators.examples.franka. Please update your code accordingly.
2026-09-20T08:43:34Z [3,469ms] [Warning] [omni.isaac.franka.franka] omni.isaac.franka has been deprecated in favor of isaacsim.robot.manipulators.examples.franka. Please update your code accordingly.
2026-09-20T08:43:34Z [3,480ms] [Warning] [omni.isaac.franka.kinematics_solver] omni.isaac.franka has been deprecated in favor of isaacsim.robot.manipulators.examples.franka. Please update your code accordingly.
[3.486s] [ext: omni.isaac.kit-2.0.6] startup
2026-09-20T08:43:34Z [3,481ms] [Warning] [omni.isaac.kit] omni.isaac.kit has been deprecated in favor of isaacsim.simulation_app. Please update your code accordingly.
[3.488s] [ext: omni.kit.selection-0.1.6] startup
[3.489s] [ext: omni.isaac.lula-4.0.6] startup
2026-09-20T08:43:34Z [3,484ms] [Warning] [omni.isaac.lula] omni.isaac.lula has been deprecated in favor of isaacsim.robot_motion.lula. Please update your code accordingly.
[3.491s] [ext: isaacsim.robot_motion.lula_test_widget-1.0.12] startup
[3.493s] [ext: isaacsim.asset.browser-1.3.23] startup
[3.528s] [ext: omni.kit.viewport.actions-107.0.2] startup
[3.532s] [ext: isaacsim.gui.menu-2.4.4] startup
[3.535s] [ext: omni.isaac.manipulators-3.0.7] startup
2026-09-20T08:43:35Z [3,530ms] [Warning] [omni.isaac.manipulators] omni.isaac.manipulators has been deprecated in favor of isaacsim.robot.manipulators. Please update your code accordingly.
2026-09-20T08:43:35Z [3,532ms] [Warning] [omni.isaac.manipulators.controllers] omni.isaac.manipulators has been deprecated in favor of isaacsim.robot.manipulators. Please update your code accordingly.
2026-09-20T08:43:35Z [3,532ms] [Warning] [omni.isaac.manipulators.controllers.pick_place_controller] omni.isaac.manipulators has been deprecated in favor of isaacsim.robot.manipulators. Please update your code accordingly.
2026-09-20T08:43:35Z [3,532ms] [Warning] [omni.isaac.manipulators.controllers.stacking_controller] omni.isaac.manipulators has been deprecated in favor of isaacsim.robot.manipulators. Please update your code accordingly.
2026-09-20T08:43:35Z [3,532ms] [Warning] [omni.isaac.manipulators.grippers] omni.isaac.manipulators has been deprecated in favor of isaacsim.robot.manipulators. Please update your code accordingly.
2026-09-20T08:43:35Z [3,532ms] [Warning] [omni.isaac.manipulators.grippers.gripper] omni.isaac.manipulators has been deprecated in favor of isaacsim.robot.manipulators. Please update your code accordingly.
2026-09-20T08:43:35Z [3,532ms] [Warning] [omni.isaac.manipulators.grippers.parallel_gripper] omni.isaac.manipulators has been deprecated in favor of isaacsim.robot.manipulators. Please update your code accordingly.
2026-09-20T08:43:35Z [3,533ms] [Warning] [omni.isaac.manipulators.grippers.surface_gripper] omni.isaac.manipulators has been deprecated in favor of isaacsim.robot.manipulators. Please update your code accordingly.
2026-09-20T08:43:35Z [3,533ms] [Warning] [omni.isaac.manipulators.manipulators] omni.isaac.manipulators has been deprecated in favor of isaacsim.robot.manipulators. Please update your code accordingly.
2026-09-20T08:43:35Z [3,533ms] [Warning] [omni.isaac.manipulators.manipulators.single_manipulator] omni.isaac.manipulators has been deprecated in favor of isaacsim.robot.manipulators. Please update your code accordingly.
[3.538s] [ext: omni.isaac.lula_test_widget-1.0.6] startup
2026-09-20T08:43:35Z [3,535ms] [Warning] [omni.isaac.lula_test_widget] omni.isaac.lula_test_widget has been deprecated in favor of isaacsim.robot_motion.lula_test_widget. Please update your code accordingly.
[3.540s] [ext: omni.isaac.asset_browser-1.0.6] startup
2026-09-20T08:43:35Z [3,536ms] [Warning] [omni.isaac.asset_browser] omni.isaac.asset_browser has been deprecated in favor of isaacsim.asset.browser. Please update your code accordingly.
[3.542s] [ext: omni.kit.viewport.menubar.display-107.0.3] startup
[3.546s] [ext: omni.isaac.menu-1.0.6] startup
2026-09-20T08:43:35Z [3,540ms] [Warning] [omni.isaac.menu] omni.isaac.menu has been deprecated in favor of isaacsim.gui.menu. Please update your code accordingly.
[3.547s] [ext: omni.isaac.motion_generation-8.0.7] startup
2026-09-20T08:43:35Z [3,542ms] [Warning] [omni.isaac.motion_generation] omni.isaac.motion_generation has been deprecated in favor of isaacsim.robot_motion.motion_generation. Please update your code accordingly.
2026-09-20T08:43:35Z [3,544ms] [Warning] [omni.isaac.motion_generation.articulation_kinematics_solver] omni.isaac.motion_generation has been deprecated in favor of isaacsim.robot_motion.motion_generation. Please update your code accordingly.
2026-09-20T08:43:35Z [3,544ms] [Warning] [omni.isaac.motion_generation.articulation_motion_policy] omni.isaac.motion_generation has been deprecated in favor of isaacsim.robot_motion.motion_generation. Please update your code accordingly.
2026-09-20T08:43:35Z [3,545ms] [Warning] [omni.isaac.motion_generation.articulation_trajectory] omni.isaac.motion_generation has been deprecated in favor of isaacsim.robot_motion.motion_generation. Please update your code accordingly.
2026-09-20T08:43:35Z [3,545ms] [Warning] [omni.isaac.motion_generation.kinematics_interface] omni.isaac.motion_generation has been deprecated in favor of isaacsim.robot_motion.motion_generation. Please update your code accordingly.
2026-09-20T08:43:35Z [3,545ms] [Warning] [omni.isaac.motion_generation.lula] omni.isaac.motion_generation has been deprecated in favor of isaacsim.robot_motion.motion_generation. Please update your code accordingly.
2026-09-20T08:43:35Z [3,545ms] [Warning] [omni.isaac.motion_generation.lula.kinematics] omni.isaac.motion_generation has been deprecated in favor of isaacsim.robot_motion.motion_generation. Please update your code accordingly.
2026-09-20T08:43:35Z [3,546ms] [Warning] [omni.isaac.motion_generation.lula.motion_policies] omni.isaac.motion_generation has been deprecated in favor of isaacsim.robot_motion.motion_generation. Please update your code accordingly.
2026-09-20T08:43:35Z [3,547ms] [Warning] [omni.isaac.motion_generation.lula.path_planners] omni.isaac.motion_generation has been deprecated in favor of isaacsim.robot_motion.motion_generation. Please update your code accordingly.
2026-09-20T08:43:35Z [3,547ms] [Warning] [omni.isaac.motion_generation.lula.trajectory_generator] omni.isaac.motion_generation has been deprecated in favor of isaacsim.robot_motion.motion_generation. Please update your code accordingly.
2026-09-20T08:43:35Z [3,547ms] [Warning] [omni.isaac.motion_generation.motion_policy_controller] omni.isaac.motion_generation has been deprecated in favor of isaacsim.robot_motion.motion_generation. Please update your code accordingly.
2026-09-20T08:43:35Z [3,547ms] [Warning] [omni.isaac.motion_generation.motion_policy_interface] omni.isaac.motion_generation has been deprecated in favor of isaacsim.robot_motion.motion_generation. Please update your code accordingly.
2026-09-20T08:43:35Z [3,547ms] [Warning] [omni.isaac.motion_generation.path_planner_visualizer] omni.isaac.motion_generation has been deprecated in favor of isaacsim.robot_motion.motion_generation. Please update your code accordingly.
2026-09-20T08:43:35Z [3,547ms] [Warning] [omni.isaac.motion_generation.path_planning_interface] omni.isaac.motion_generation has been deprecated in favor of isaacsim.robot_motion.motion_generation. Please update your code accordingly.
2026-09-20T08:43:35Z [3,547ms] [Warning] [omni.isaac.motion_generation.trajectory] omni.isaac.motion_generation has been deprecated in favor of isaacsim.robot_motion.motion_generation. Please update your code accordingly.
2026-09-20T08:43:35Z [3,547ms] [Warning] [omni.isaac.motion_generation.world_interface] omni.isaac.motion_generation has been deprecated in favor of isaacsim.robot_motion.motion_generation. Please update your code accordingly.
[3.553s] [ext: omni.isaac.assets_check-0.3.13] startup
2026-09-20T08:43:35Z [3,549ms] [Warning] [omni.isaac.assets_check] omni.isaac.assets_check has been deprecated in favor of isaacsim.asset.browser. Please update your code accordingly.
[3.554s] [ext: isaacsim.gui.sensors.icon-2.0.3] startup
[3.564s] [ext: isaacsim.asset.importer.mjcf-2.5.13] startup
[3.568s] [ext: omni.sensors.nv.common-3.0.0] startup
[3.574s] [ext: isaacsim.sensors.physics-0.4.3] startup
[3.577s] [ext: omni.sensors.net-1.0.0] startup
[3.580s] [ext: omni.isaac.nucleus-1.0.6] startup
2026-09-20T08:43:35Z [3,575ms] [Warning] [omni.isaac.nucleus] omni.isaac.nucleus has been deprecated in favor of isaacsim.storage.native. Please update your code accordingly.
2026-09-20T08:43:35Z [3,575ms] [Warning] [omni.isaac.nucleus.nucleus] omni.isaac.nucleus.nucleus has been deprecated in favor of isaacsim.storage.native. Please update your code accordingly.
[3.581s] [ext: omni.sensors.nv.materials-2.0.0] startup
[3.583s] [ext: isaacsim.robot.policy.examples-4.1.11] startup
[3.585s] [ext: omni.sensors.nv.wpm-3.0.0] startup
[3.587s] [ext: omni.sensors.nv.lidar-3.0.0] startup
[3.590s] [ext: isaacsim.util.debug_draw-3.1.0] startup
[3.594s] [ext: omni.sensors.nv.radar-3.0.0] startup
[3.597s] [ext: omni.sensors.nv.ids-2.0.0] startup
[3.599s] [ext: isaacsim.core.cloner-1.4.10] startup
[3.603s] [ext: isaacsim.sensors.physx-2.3.2] startup
[3.606s] [ext: isaacsim.sensors.rtx-15.8.4] startup
[3.611s] [ext: isaacsim.sensors.camera-1.3.6] startup
[3.617s] [ext: omni.isaac.quadruped-3.0.7] startup
2026-09-20T08:43:35Z [3,612ms] [Warning] [omni.isaac.quadruped] omni.isaac.quadruped has been deprecated in favor of isaacsim.robot.policy.examples. Please update your code accordingly.
[3.620s] [ext: omni.isaac.cloner-1.0.7] startup
2026-09-20T08:43:35Z [3,617ms] [Warning] [omni.isaac.cloner] omni.isaac.cloner has been deprecated in favor of isaacsim.core.cloner. Please update your code accordingly.
[3.623s] [ext: omni.isaac.range_sensor-4.0.6] startup
2026-09-20T08:43:35Z [3,619ms] [Warning] [omni.isaac.range_sensor] omni.isaac.range_sensor has been deprecated in favor of isaacsim.sensors.physx. Please update your code accordingly.
2026-09-20T08:43:35Z [3,619ms] [Warning] [omni.isaac.range_sensor.commands] omni.isaac.range_sensor.commands has been deprecated in favor of isaacsim.sensors.physx.commands. Please update your code accordingly.
[3.624s] [ext: omni.isaac.sensor-13.0.7] startup
2026-09-20T08:43:35Z [3,620ms] [Warning] [omni.isaac.sensor] omni.isaac.sensor has been deprecated in favor of isaacsim.sensors.camera, isaacsim.sensors.physics, isaacsim.sensors.physx, and isaacsim.sensors.rtx. Please update your code accordingly.
2026-09-20T08:43:35Z [3,620ms] [Warning] [omni.isaac.sensor.camera] omni.isaac.sensor.camera has been deprecated in favor of isaacsim.sensors.camera.camera. Please update your code accordingly.
2026-09-20T08:43:35Z [3,620ms] [Warning] [omni.isaac.sensor.camera_view] omni.isaac.sensor.camera_view has been deprecated in favor of isaacsim.sensors.camera.camera_view. Please update your code accordingly.
2026-09-20T08:43:35Z [3,620ms] [Warning] [omni.isaac.sensor.commands] omni.isaac.sensor.commands has been deprecated in favor of isaacsim.sensors.physics.commands, isaacsim.sensors.physx.commands, and isaacsim.sensors.rtx.commands. Please update your code accordingly.
2026-09-20T08:43:35Z [3,621ms] [Warning] [omni.isaac.sensor.contact_sensor] omni.isaac.sensor.contact_sensor has been deprecated in favor of isaacsim.sensors.physics.contact_sensor. Please update your code accordingly.
2026-09-20T08:43:35Z [3,621ms] [Warning] [omni.isaac.sensor.imu_sensor] omni.isaac.sensor.imu_sensor has been deprecated in favor of isaacsim.sensors.physics.imu_sensor. Please update your code accordingly.
2026-09-20T08:43:35Z [3,621ms] [Warning] [omni.isaac.sensor.lidar_rtx] omni.isaac.sensor.lidar_rtx has been deprecated in favor of isaacsim.sensors.rtx.lidar_rtx. Please update your code accordingly.
2026-09-20T08:43:35Z [3,622ms] [Warning] [omni.isaac.sensor.rotating_lidar_physX] omni.isaac.sensor.imu_sensor has been deprecated in favor of isaacsim.sensors.physix.rotating_lidar_physX. Please update your code accordingly.
2026-09-20T08:43:35Z [3,622ms] [Warning] [omni.isaac.sensor.scripts.samples.contact_sensor] omni.isaac.sensor.scripts.samples.contact_sensor has been deprecated in favor of isaacsim.sensors.physics.scripts.samples.contact_sensor. Please update your code accordingly.
2026-09-20T08:43:35Z [3,624ms] [Warning] [omni.isaac.sensor.scripts.samples.imu_sensor] omni.isaac.sensor.scripts.samples.imu_sensor has been deprecated in favor of isaacsim.sensors.physics.scripts.samples.imu_sensor. Please update your code accordingly.
2026-09-20T08:43:35Z [3,624ms] [Warning] [omni.isaac.sensor.scripts.samples.lightbeam_sensor] omni.isaac.sensor.scripts.samples.lightbeam_sensor has been deprecated in favor of isaacsim.sensors.physx.scripts.samples.lightbeam_sensor. Please update your code accordingly.
[3.629s] [ext: omni.kit.menu.create-2.0.1] startup
[3.632s] [ext: omni.kit.widget.toolbar-2.0.1] startup
[3.643s] [ext: omni.kit.manipulator.transform-107.0.0] startup
[3.646s] [ext: omni.isaac.core-4.0.7] startup
2026-09-20T08:43:35Z [3,642ms] [Warning] [omni.isaac.core.physics_context.physics_context] omni.isaac.core.physics_context.physics_context has been deprecated in favor of isaacsim.core.api.physics_context.physics_context. Please update your code accordingly.
2026-09-20T08:43:35Z [3,642ms] [Warning] [omni.isaac.core.simulation_context.simulation_context] omni.isaac.core.simulation_context.simulation_context has been deprecated in favor of isaacsim.core.api.simulation_context.simulation_context. Please update your code accordingly.
2026-09-20T08:43:35Z [3,642ms] [Warning] [omni.isaac.core.world.world] omni.isaac.core.world.world has been deprecated in favor of isaacsim.core.api.world.world. Please update your code accordingly.
2026-09-20T08:43:35Z [3,642ms] [Warning] [omni.isaac.core] omni.isaac.core has been deprecated in favor of isaacsim.core.api. Please update your code accordingly.
[3.647s] [ext: omni.kit.scripting-107.3.2] startup
[3.652s] [ext: omni.kit.manipulator.tool.snap-1.5.13] startup
[3.655s] [ext: omni.kit.manipulator.selector-1.1.3] startup
[3.656s] [ext: isaacsim.app.about-2.0.11] startup
[3.660s] [ext: isaacsim.replicator.behavior-1.1.16] startup
[3.661s] [ext: omni.kit.viewport.manipulator.transform-107.0.4] startup
[3.663s] [ext: omni.isaac.window.about-2.0.7] startup
2026-09-20T08:43:35Z [3,658ms] [Warning] [omni.isaac.window.about] omni.isaac.window.about has been deprecated in favor of isaacsim.app.about. Please update your code accordingly.
2026-09-20T08:43:35Z [3,658ms] [Warning] [omni.isaac.window.about.about] omni.isaac.window.about.about has been deprecated in favor of isaacsim.app.about.about. Please update your code accordingly.
[3.664s] [ext: omni.fabric.commands-1.1.6] startup
[3.666s] [ext: omni.kit.manipulator.prim.core-107.0.8] startup
[3.670s] [ext: omni.kit.property.audio-1.0.16] startup
[3.671s] [ext: omni.kit.property.camera-1.0.10] startup
[3.673s] [ext: omni.kit.property.geometry-2.0.4] startup
[3.675s] [ext: omni.hydra.scene_api-0.1.2] startup
[3.678s] [ext: omni.kit.property.light-1.0.12] startup
[3.688s] [ext: omni.kit.manipulator.prim.fabric-107.0.4] startup
[3.690s] [ext: omni.kit.manipulator.prim.usd-107.0.3] startup
[3.692s] [ext: omni.kit.property.material-1.11.9] startup
[3.697s] [ext: omni.kit.property.render-1.2.1] startup
[3.699s] [ext: omni.kit.property.transform-1.5.13] startup
[3.703s] [ext: isaacsim.gui.property-1.1.3] startup
[3.705s] [ext: omni.kit.manipulator.camera-106.0.4] startup
[3.709s] [ext: omni.kit.manipulator.prim-107.0.0] startup
[3.709s] [ext: omni.isaac.surface_gripper-2.0.6] startup
2026-09-20T08:43:35Z [3,704ms] [Warning] [omni.isaac.surface_gripper] omni.isaac.surface_gripper has been deprecated in favor of isaacsim.robot.surface_gripper. Please update your code accordingly.
[3.710s] [ext: omni.kit.manipulator.selection-106.0.1] startup
[3.713s] [ext: omni.kit.property.bundle-1.4.1] startup
[3.714s] [ext: omni.kit.property.isaac-1.0.6] startup
2026-09-20T08:43:35Z [3,709ms] [Warning] [omni.kit.property.isaac] omni.kit.property.isaac has been deprecated in favor of isaacsim.gui.property. Please update your code accordingly.
2026-09-20T08:43:35Z [3,709ms] [Warning] [omni.kit.property.isaac.widgets] omni.kit.property.isaac.widgets has been deprecated in favor of isaacsim.gui.property.widgets. Please update your code accordingly.
[3.715s] [ext: omni.isaac.universal_robots-1.0.6] startup
2026-09-20T08:43:35Z [3,710ms] [Warning] [omni.isaac.universal_robots] omni.isaac.universal_robots has been deprecated in favor of isaacsim.robot.manipulators.examples.universal_robots. Please update your code accordingly.
2026-09-20T08:43:35Z [3,710ms] [Warning] [omni.isaac.universal_robots.kinematics_solver] omni.isaac.franka has been deprecated in favor of isaacsim.robot.manipulators.examples.universal_robots. Please update your code accordingly.
2026-09-20T08:43:35Z [3,711ms] [Warning] [omni.isaac.universal_robots.ur10] omni.isaac.franka has been deprecated in favor of isaacsim.robot.manipulators.examples.universal_robots. Please update your code accordingly.
[3.717s] [ext: omni.isaac.core_nodes-2.0.6] startup
2026-09-20T08:43:35Z [3,713ms] [Warning] [omni.isaac.core_nodes] omni.isaac.core_nodes has been deprecated in favor of isaacsim.core.nodes. Please update your code accordingly.
[3.719s] [ext: omni.kit.viewport.menubar.camera-107.0.6] startup
[3.724s] [ext: omni.kit.viewport.menubar.lighting-107.3.1] startup
[3.726s] [ext: isaacsim.replicator.writers-1.0.17] startup
[3.734s] [ext: omni.kit.viewport.menubar.render-107.0.10] startup
[3.738s] [ext: omni.kit.viewport.menubar.settings-107.0.3] startup
[3.743s] [ext: omni.kit.window.console-1.1.4] startup
[3.746s] [ext: isaacsim.replicator.domain_randomization-1.0.16] startup
[3.747s] [ext: isaacsim.replicator.examples-1.3.6] startup
[3.749s] [ext: omni.ocio-0.1.1] startup
[3.752s] [ext: omni.rtx.window.settings-0.6.19] startup
[3.757s] [ext: omni.kit.window.status_bar-0.1.9] startup
[3.761s] [ext: omni.kit.window.toolbar-2.0.0] startup
[3.767s] [ext: omni.replicator.isaac-2.0.8] startup
2026-09-20T08:43:35Z [3,762ms] [Warning] [omni.replicator.isaac] omni.replicator.isaac has been deprecated in favor of isaacsim.replicator.domain_randomization, isaacsim.replicator.examples, isaacsim.replicator.writers. Please update your code accordingly.
[3.768s] [ext: omni.replicator.replicator_yaml-2.0.11] startup
[3.781s] [ext: omni.rtx.settings.core-0.6.5] startup
[3.784s] [ext: omni.usd.metrics.assembler.ui-107.3.1] startup
[3.794s] [ext: omni.isaac.utils-2.0.6] startup
[3.795s] [ext: semantics.schema.editor-2.0.2] startup
[3.798s] [ext: omni.kit.ui.actions-1.0.5] startup
[3.800s] [ext: semantics.schema.property-2.0.1] startup
[3.801s] [ext: omni.isaac.version-2.0.7] startup
2026-09-20T08:43:35Z [3,796ms] [Warning] [omni.isaac.version] omni.isaac.version has been deprecated in favor of isaacsim.core.version. Please update your code accordingly.
[3.801s] [ext: omni.isaac.cortex-1.0.5] startup
[3.802s] [ext: omni.anim.curve.core-1.3.1] startup
[3.809s] [ext: isaacsim.core.throttling-2.2.2] startup
[3.810s] [ext: omni.kit.menu.common-2.0.1] startup
[3.811s] [ext: isaacsim.exp.base-5.1.0] startup
[3.812s] [ext: isaacsim.exp.base.python-5.1.0] startup
[3.813s] Simulation App Starting
2026-09-20T08:43:35Z [3,909ms] [Warning] [omni.fabric.plugin] Warning: attribute viewportHandle not found for bucket id 9

[3.941s] app ready
2026-09-20T08:43:35Z [4,199ms] [Warning] [carb.graphics-vulkan.plugin] NGX does not support feature SuperSamplingDenoising.Available.
2026-09-20T08:43:35Z [4,199ms] [Warning] [rtx.postprocessing.plugin] NGX cannot find DLSS-RR feature or it is not supported for the current hardware/driver.
2026-09-20T08:43:35Z [4,199ms] [Error] [rtx.postprocessing.plugin] createDLSSContext error: unable to initialize context. Optional DLSS feature is disabled.
Starting kit application with the following args:  ['/home/qy/ISAAC——SIM/.venv/lib/python3.11/site-packages/isaacsim/exts/isaacsim.simulation_app/isaacsim/simulation_app/simulation_app.py', '/home/qy/ISAAC——SIM/.venv/lib/python3.11/site-packages/isaacsim/apps/isaacsim.exp.base.python.kit', '--/app/tokens/exe-path=/home/qy/ISAAC——SIM/.venv/lib/python3.11/site-packages/isaacsim/kit', '--/persistent/app/viewport/displayOptions=3094', '--/rtx/materialDb/syncLoads=True', '--/rtx/hydra/materialSyncLoads=True', '--/omni.kit.plugin/syncUsdLoads=True', '--/app/renderer/resolution/width=640', '--/app/renderer/resolution/height=480', '--/app/window/width=1440', '--/app/window/height=900', '--/renderer/multiGpu/enabled=True', '--/app/fastShutdown=True', '--/app/installSignalHandlers=0', '--ext-folder', '/home/qy/ISAAC——SIM/.venv/lib/python3.11/site-packages/isaacsim/exts', '--ext-folder', '/home/qy/ISAAC——SIM/.venv/lib/python3.11/site-packages/isaacsim/apps', '--/app/settings/loadUserConfig=false', '--/app/settings/persistent=false', '--/physics/cudaDevice=0', '--/plugins/carb.tasking.plugin/threadCount=4', '--/plugins/omni.tbb.globalcontrol/maxThreadCount=4', '--portable', '--no-window', '--/app/window/hideUi=1']
Passing the following args to the base kit application:  ['--mode', 'policy', '--duration', '8', '--output', '/home/qy/ISAAC——SIM/results/transition_4988928']
Warp 1.8.2 initialized:
   CUDA Toolkit 12.8, Driver 13.0
   Devices:
     "cpu"      : "x86_64"
     "cuda:0"   : "NVIDIA GeForce RTX 4090 D" (23 GiB, sm_89, mempool enabled)
   Kernel cache:
     /home/qy/ISAAC——SIM/cache/xdg/warp/1.8.2
Warp DeprecationWarning: The `warp.sim` module is deprecated and will be removed in v1.10. Please transition to using the forthcoming Newton library instead.
JOINT_NAMES ['rearwheel_joint', 'steering_joint', 'hip_joint', 'frontwheel_joint', 'knee_joint']
[6.188s] Simulation App Startup Complete
2026-09-20T08:43:38Z [7,042ms] [Warning] [isaacsim.sensors.camera.camera] 'verticalAperture' (1.5290800094604493) and 'horizontalAperture' (2.0954999923706055) are inconsistent with the pixel resolution aspect ratio (1.3333333333333333). Setting 'verticalAperture' to 1.571624994277954 to ensure square pixels.
2026-09-20T08:43:38Z [7,061ms] [Warning] [omni.fabric.plugin] USD->Fabric: Unhandled array type string[]
2026-09-20T08:43:38Z [7,065ms] [Warning] [usdrt.population.plugin] [UsdNoticeHandler] Unhandled attribute type VtArray<std::string> (prim attribute: omni:rtx:material:db:flattener:reflection_roughness_constant)
2026-09-20T08:43:38Z [7,066ms] [Warning] [usdrt.population.plugin] [UsdNoticeHandler] Unhandled attribute type VtArray<std::string> (prim attribute: omni:rtx:material:db:flattener:transmittance_color)
2026-09-20T08:43:38Z [7,066ms] [Warning] [usdrt.population.plugin] [UsdNoticeHandler] Unhandled attribute type VtArray<std::string> (prim attribute: omni:rtx:material:db:flattener:ior_constant)
2026-09-20T08:43:38Z [7,116ms] [Warning] [omni.syntheticdata.plugin] OgnSdPostRenderVarToHost : rendervar copy from texture directly to host buffer is counter-performant. Please use copy from texture to device buffer first.
2026-09-20T08:43:38Z [7,140ms] [Warning] [omni.physx.plugin] Per-joint collision setting is ignored for articulations. (/World/Bike/joints/rearwheel_joint)
2026-09-20T08:43:38Z [7,140ms] [Warning] [omni.physx.plugin] Per-joint collision setting is ignored for articulations. (/World/Bike/joints/steering_joint)
2026-09-20T08:43:38Z [7,140ms] [Warning] [omni.physx.plugin] Per-joint collision setting is ignored for articulations. (/World/Bike/joints/frontwheel_joint)
2026-09-20T08:43:38Z [7,140ms] [Warning] [omni.physx.plugin] Per-joint collision setting is ignored for articulations. (/World/Bike/joints/hip_joint)
2026-09-20T08:43:38Z [7,140ms] [Warning] [omni.physx.plugin] Per-joint collision setting is ignored for articulations. (/World/Bike/joints/knee_joint)
2026-09-20T08:43:38Z [7,140ms] [Warning] [omni.physx.plugin] Per-joint collision setting is ignored for articulations. (/World/Bike/joints/steering_joint)
2026-09-20T08:43:38Z [7,140ms] [Warning] [omni.physx.plugin] Per-joint collision setting is ignored for articulations. (/World/Bike/joints/frontwheel_joint)
2026-09-20T08:43:38Z [7,140ms] [Warning] [omni.physx.plugin] Per-joint collision setting is ignored for articulations. (/World/Bike/joints/hip_joint)
2026-09-20T08:43:38Z [7,140ms] [Warning] [omni.physx.plugin] Per-joint collision setting is ignored for articulations. (/World/Bike/joints/knee_joint)
2026-09-20T08:43:38Z [7,140ms] [Warning] [omni.physx.plugin] Per-joint collision setting is ignored for articulations. (/World/Bike/joints/hip_joint)
2026-09-20T08:43:38Z [7,140ms] [Warning] [omni.physx.plugin] Per-joint collision setting is ignored for articulations. (/World/Bike/joints/knee_joint)
2026-09-20T08:43:38Z [7,140ms] [Warning] [omni.physx.plugin] Per-joint collision setting is ignored for articulations. (/World/Bike/joints/hip_joint)
2026-09-20T08:43:38Z [7,140ms] [Warning] [omni.physx.plugin] Per-joint collision setting is ignored for articulations. (/World/Bike/joints/knee_joint)
2026-09-20T08:43:38Z [7,147ms] [Warning] [carb] Plugin interface for a client: omni.hydratexture.plugin was already released.
2026-09-20T08:43:38Z [7,327ms] [Warning] [omni.syntheticdata.plugin] SdRenderVarPtr missing valid input renderVar LdrColorSDhost
2026-09-20T08:43:38Z [7,340ms] [Warning] [isaacsim.core.simulation_manager.plugin] No adjacent samples found for interpolation at time 17/30
2026-09-20T08:43:38Z [7,346ms] [Warning] [isaacsim.core.simulation_manager.plugin] No adjacent samples found for interpolation at time 18/30
2026-09-20T08:43:38Z [7,352ms] [Warning] [isaacsim.core.simulation_manager.plugin] No adjacent samples found for interpolation at time 19/30
2026-09-20T08:43:38Z [7,361ms] [Warning] [isaacsim.core.simulation_manager.plugin] No adjacent samples found for interpolation at time 20/30
2026-09-20T08:43:38Z [7,367ms] [Warning] [isaacsim.core.simulation_manager.plugin] No adjacent samples found for interpolation at time 21/30
STEP 200 base [2.2884376  0.34205452 0.1358846 ] q [ 0.6653616  -0.47211242 -1.2028812  -1.3274974   2.4805768 ]
STEP 400 base [2.1725178  0.32531422 0.08624485] q [-1.4754558 -0.5682809 -0.9850062 -0.859313   2.4983966]
STEP 600 base [2.172444   0.32529685 0.08624786] q [-3.4381187  -0.56894463 -0.98552394 -0.15627667  2.4983966 ]
STEP 800 base [2.172451   0.32529837 0.08624774] q [-5.4008517  -0.56904215 -0.9854757   0.5472379   2.4983964 ]
2026-09-20T08:43:38Z [7,372ms] [Warning] [isaacsim.core.simulation_manager.plugin] No adjacent samples found for interpolation at time 22/30
2026-09-20T08:43:38Z [7,376ms] [Warning] [isaacsim.core.simulation_manager.plugin] No adjacent samples found for interpolation at time 23/30
2026-09-20T08:43:38Z [7,385ms] [Warning] [isaacsim.core.simulation_manager.plugin] No adjacent samples found for interpolation at time 24/30
2026-09-20T08:43:38Z [7,393ms] [Warning] [isaacsim.core.simulation_manager.plugin] No adjacent samples found for interpolation at time 25/30
2026-09-20T08:43:39Z [7,687ms] [Warning] [isaacsim.core.simulation_manager.plugin] No adjacent samples found for interpolation at time 42/30
2026-09-20T08:43:39Z [7,857ms] [Warning] [isaacsim.core.simulation_manager.plugin] No adjacent samples found for interpolation at time 60/30
2026-09-20T08:43:39Z [8,000ms] [Warning] [isaacsim.core.simulation_manager.plugin] No adjacent samples found for interpolation at time 72/30
2026-09-20T08:43:39Z [8,132ms] [Warning] [isaacsim.core.simulation_manager.plugin] No adjacent samples found for interpolation at time 84/30
2026-09-20T08:43:39Z [8,299ms] [Warning] [isaacsim.core.simulation_manager.plugin] No adjacent samples found for interpolation at time 99/30
2026-09-20T08:43:39Z [8,358ms] [Warning] [isaacsim.core.simulation_manager.plugin] No adjacent samples found for interpolation at time 105/30
2026-09-20T08:43:40Z [8,505ms] [Warning] [isaacsim.core.simulation_manager.plugin] No adjacent samples found for interpolation at time 120/30
2026-09-20T08:43:40Z [8,690ms] [Warning] [isaacsim.core.simulation_manager.plugin] No adjacent samples found for interpolation at time 141/30
2026-09-20T08:43:40Z [8,755ms] [Warning] [isaacsim.core.simulation_manager.plugin] No adjacent samples found for interpolation at time 147/30
2026-09-20T08:43:40Z [8,817ms] [Warning] [isaacsim.core.simulation_manager.plugin] No adjacent samples found for interpolation at time 153/30
2026-09-20T08:43:40Z [8,948ms] [Warning] [isaacsim.core.simulation_manager.plugin] No adjacent samples found for interpolation at time 165/30
2026-09-20T08:43:40Z [9,125ms] [Warning] [isaacsim.core.simulation_manager.plugin] No adjacent samples found for interpolation at time 183/30
2026-09-20T08:43:40Z [9,154ms] [Warning] [isaacsim.core.simulation_manager.plugin] No adjacent samples found for interpolation at time 186/30
2026-09-20T08:43:41Z [9,543ms] [Warning] [isaacsim.core.simulation_manager.plugin] No adjacent samples found for interpolation at time 228/30
2026-09-20T08:43:41Z [9,575ms] [Warning] [isaacsim.core.simulation_manager.plugin] No adjacent samples found for interpolation at time 231/30
2026-09-20T08:43:41Z [9,611ms] [Warning] [isaacsim.core.simulation_manager.plugin] No adjacent samples found for interpolation at time 234/30
2026-09-20T08:43:41Z [9,670ms] [Warning] [isaacsim.core.simulation_manager.plugin] No adjacent samples found for interpolation at time 240/30
2026-09-20T08:43:41Z [10,038ms] [Warning] [isaacsim.core.simulation_manager.plugin] No adjacent samples found for interpolation at time 282/30
2026-09-20T08:43:41Z [10,228ms] [Warning] [isaacsim.core.simulation_manager.plugin] No adjacent samples found for interpolation at time 303/30
2026-09-20T08:43:41Z [10,432ms] [Warning] [isaacsim.core.simulation_manager.plugin] No adjacent samples found for interpolation at time 327/30
2026-09-20T08:43:41Z [10,475ms] [Warning] [isaacsim.core.simulation_manager.plugin] No adjacent samples found for interpolation at time 330/30
2026-09-20T08:43:42Z [10,506ms] [Warning] [isaacsim.core.simulation_manager.plugin] No adjacent samples found for interpolation at time 333/30
2026-09-20T08:43:42Z [10,750ms] [Warning] [isaacsim.core.simulation_manager.plugin] No adjacent samples found for interpolation at time 360/30
2026-09-20T08:43:42Z [10,944ms] [Warning] [isaacsim.core.simulation_manager.plugin] No adjacent samples found for interpolation at time 381/30
2026-09-20T08:43:42Z [11,057ms] [Warning] [isaacsim.core.simulation_manager.plugin] No adjacent samples found for interpolation at time 393/30
STEP 1000 base [2.1724205  0.32529128 0.08624899] q [ 5.2027326  -0.56908774 -0.9856895   1.2505293   2.4983969 ]
STEP 1200 base [2.1724088  0.32528853 0.08624961] q [ 3.2400239  -0.56904435 -0.98577535  1.9539266   2.4983969 ]
STEP 1400 base [2.1724226  0.32529175 0.08624901] q [ 1.2772942 -0.5689343 -0.9856784  2.6574738  2.4983969]
STEP 1600 base [2.172465   0.3253017  0.08624726] q [-0.6854366  -0.569147   -0.98537976  3.3611948   2.4983966 ]
SMOKE_COMPLETE {"engine": "Isaac Sim / PhysX", "isaacsim_version": "5.1.0.0", "mode": "policy", "source_sha256": "0b56d3672773ef05a2b5982117fa53a7fdffcaf2b7f3f04a7a7941233d6e9c8a", "joint_names": ["rearwheel_joint", "steering_joint", "hip_joint", "frontwheel_joint", "knee_joint"], "mass_audit_passed": true, "physics_dt_s": 0.005, "target_update_dt_s": 0.02, "servo": "PhysX implicit force drive with source SI gains and force limits", "effort_semantics": "PhysX projected measured joint effort; not isolated motor torque", "jit_control_dt_s": 0.02, "duration_s": 8.0, "frames": 200, "endpoint": "horizon", "wall_seconds": 6.125648021697998, "video_error": null, "render_flushes_per_frame": 3, "max_render_body_position_error_m": 0.0, "max_fk_position_error_m": 1.525221011711153e-07, "physics_backend": "PhysX CPU; RTX GPU rendering", "physical_task_success": "not certified; frozen Phase U policy cross-engine diagnostic", "root_displacement_m": [0.6624729633331299, 0.32530146837234497, -0.06356117874383926], "joint_range_observed_rad": [12.538713455200195, 1.4266607761383057, 0.761285126209259, 12.52534294128418, 0.05211329460144043], "limitations": ["explicit USD geometry, tessellated convex ellipsoid wheels; isotropic contact approximation not dynamically equivalent", "implicit PhysX servo integration differs from MuJoCo RK4; source gains/target/force caps retained", "fixed mode constrains root; free mode has no balance policy; policy mode uses frozen actor with finite-difference accelerometer adapter"]}
2026-09-20T08:43:42Z [11,127ms] [Warning] [isaacsim.core.simulation_manager.plugin] No adjacent samples found for interpolation at time 399/30
2026-09-20T08:43:43Z [11,613ms] [Warning] [isaacsim.core.simulation_manager.plugin] No adjacent samples found for interpolation at time 447/30
2026-09-20T08:43:43Z [11,675ms] [Warning] [isaacsim.core.simulation_manager.plugin] No adjacent samples found for interpolation at time 453/30
2026-09-20T08:43:43Z [11,714ms] [Warning] [isaacsim.core.simulation_manager.plugin] No adjacent samples found for interpolation at time 456/30
2026-09-20T08:43:43Z [12,115ms] [Warning] [isaacsim.core.simulation_manager.plugin] No adjacent samples found for interpolation at time 501/30
2026-09-20T08:43:43Z [12,158ms] [Warning] [isaacsim.core.simulation_manager.plugin] No adjacent samples found for interpolation at time 504/30
2026-09-20T08:43:43Z [12,205ms] [Warning] [isaacsim.core.simulation_manager.plugin] No adjacent samples found for interpolation at time 507/30
2026-09-20T08:43:43Z [12,248ms] [Warning] [isaacsim.core.simulation_manager.plugin] No adjacent samples found for interpolation at time 510/30
2026-09-20T08:43:43Z [12,280ms] [Warning] [isaacsim.core.simulation_manager.plugin] No adjacent samples found for interpolation at time 513/30
2026-09-20T08:43:44Z [12,514ms] [Warning] [isaacsim.core.simulation_manager.plugin] No adjacent samples found for interpolation at time 537/30
2026-09-20T08:43:44Z [12,707ms] [Warning] [isaacsim.core.simulation_manager.plugin] No adjacent samples found for interpolation at time 558/30
2026-09-20T08:43:44Z [12,765ms] [Warning] [isaacsim.core.simulation_manager.plugin] No adjacent samples found for interpolation at time 564/30
2026-09-20T08:43:44Z [12,809ms] [Warning] [isaacsim.core.simulation_manager.plugin] No adjacent samples found for interpolation at time 567/30
2026-09-20T08:43:44Z [12,973ms] [Warning] [isaacsim.core.simulation_manager.plugin] No adjacent samples found for interpolation at time 582/30
2026-09-20T08:43:44Z [13,110ms] [Warning] [isaacsim.core.simulation_manager.plugin] No adjacent samples found for interpolation at time 597/30
2026-09-20T08:43:44Z [13,179ms] [Warning] [isaacsim.core.simulation_manager.plugin] No adjacent samples found for interpolation at time 603/30
2026-09-20T08:43:44Z [13,219ms] [Warning] [isaacsim.core.simulation_manager.plugin] No adjacent samples found for interpolation at time 606/30
2026-09-20T08:43:44Z [13,273ms] [Warning] [isaacsim.core.simulation_manager.plugin] No adjacent samples found for interpolation at time 609/30
2026-09-20T08:43:44Z [13,312ms] [Warning] [isaacsim.core.simulation_manager.plugin] No adjacent samples found for interpolation at time 612/30
2026-09-20T08:43:46Z [14,641ms] [Warning] [carb] Plugin interface for a client: omni.hydratexture.plugin was already released.
[14.694s] Simulation App Shutting Down
