actor {'params': {'hidden_0': {'bias': (256,), 'kernel': (76, 256)}, 'hidden_1': {'bias': (256,), 'kernel': (256, 256)}, 'hidden_2': {'bias': (256,), 'kernel': (256, 256)}, 'hidden_3': {'bias': (8,), 'kernel': (256, 8)}}}
norm RunningStatisticsState(mean={'privileged_state': Array([ 4.57030758e-02, -1.25716366e-02, -9.16686416e-01,  1.11456990e-01,
       -3.56580794e-01,  2.87897170e-01, -5.66615534e+00,  4.75071669e-01,
        1.88224506e+01,  7.17016384e-02, -1.13854587e+00,  2.12214422e+00,
       -4.87428829e-02, -5.26986904e-02, -6.23851717e-01,  1.78711262e+01,
        5.42026234e+00,  9.00825486e-02, -1.51235491e-01, -4.47849870e-01,
        2.88829714e-01,  1.59770894e+00, -2.24101603e-01,  2.51248688e-01,
        9.41862404e-01,  4.71138656e-02, -1.47394035e-02, -9.32754815e-01,
        1.16411529e-01, -3.40281665e-01,  3.37430000e-01, -5.70111847e+00,
        5.22175550e-01,  1.91539764e+01,  7.53608197e-02, -1.16095412e+00,
        2.15790510e+00, -5.32543138e-02, -4.69411388e-02, -7.18508959e-01,
        1.83116951e+01,  5.61037970e+00,  9.46606919e-02, -1.52928963e-01,
       -4.55548882e-01,  2.85563171e-01,  1.62884939e+00, -2.22488791e-01,
        2.55527347e-01,  9.61241245e-01,  4.85978201e-02, -1.69623457e-02,
       -9.48160827e-01,  1.15089409e-01, -3.20415437e-01,  3.92286092e-01,
       -5.77246428e+00,  5.63098371e-01,  1.95144863e+01,  7.87946656e-02,
       -1.18325567e+00,  2.19165015e+00, -5.77408969e-02, -4.18979600e-02,
       -8.24718773e-01,  1.87369308e+01,  5.79448509e+00,  9.89378244e-02,
       -1.54901564e-01, -4.63383734e-01,  2.82120883e-01,  1.65981627e+00,
       -2.21416503e-01,  2.59904385e-01,  9.80620265e-01,  3.06068838e-01,
        3.55835533e+00,  1.68031324e-02,  2.63226330e-01,  9.86378193e-01,
        7.92305823e-03,  2.72626206e-02,  2.49426328e-02,  1.04515638e+01,
        7.87946656e-02,  1.95336647e+01, -1.20651126e+00,  2.24009967e+00,
        1.69857621e+00,  6.79786131e-02,  6.43945634e-02,  1.11063667e-01,
        2.22223416e-01,  4.02489066e-01,  5.79448509e+00, -5.77408969e-02,
        1.87369308e+01, -4.18979600e-02, -8.24718773e-01,  1.77959744e-02,
        5.12183309e-02,  5.08424304e-02,  1.69857621e+00,  6.79786131e-02,
        6.43945634e-02,  2.65347562e-03], dtype=float32), 'state': Array([ 4.57030758e-02, -1.25716366e-02, -9.16686416e-01,  1.11456990e-01,
       -3.56580794e-01,  2.87897170e-01, -5.66615534e+00,  4.75071669e-01,
        1.88224506e+01,  7.17016384e-02, -1.13854587e+00,  2.12214422e+00,
       -4.87428829e-02, -5.26986904e-02, -6.23851717e-01,  1.78711262e+01,
        5.42026234e+00,  9.00825486e-02, -1.51235491e-01, -4.47849870e-01,
        2.88829714e-01,  1.59770894e+00, -2.24101603e-01,  2.51248688e-01,
        9.41862404e-01,  4.71138656e-02, -1.47394035e-02, -9.32754815e-01,
        1.16411529e-01, -3.40281665e-01,  3.37430000e-01, -5.70111847e+00,
        5.22175550e-01,  1.91539764e+01,  7.53608197e-02, -1.16095412e+00,
        2.15790510e+00, -5.32543138e-02, -4.69411388e-02, -7.18508959e-01,
        1.83116951e+01,  5.61037970e+00,  9.46606919e-02, -1.52928963e-01,
       -4.55548882e-01,  2.85563171e-01,  1.62884939e+00, -2.22488791e-01,
        2.55527347e-01,  9.61241245e-01,  4.85978201e-02, -1.69623457e-02,
       -9.48160827e-01,  1.15089409e-01, -3.20415437e-01,  3.92286092e-01,
       -5.77246428e+00,  5.63098371e-01,  1.95144863e+01,  7.87946656e-02,
       -1.18325567e+00,  2.19165015e+00, -5.77408969e-02, -4.18979600e-02,
       -8.24718773e-01,  1.87369308e+01,  5.79448509e+00,  9.89378244e-02,
       -1.54901564e-01, -4.63383734e-01,  2.82120883e-01,  1.65981627e+00,
       -2.21416503e-01,  2.59904385e-01,  9.80620265e-01,  3.06068838e-01],      dtype=float32)}, std={'privileged_state': Array([1.8921839e-01, 8.2405962e-02, 2.3813255e-01, 6.6262555e-01,
       2.7736802e+00, 1.2923038e+00, 2.2248983e+01, 1.4919845e+01,
       4.2309208e+01, 3.0153000e-01, 3.1271285e-01, 7.3267555e-01,
       3.3953249e+00, 2.7213216e+00, 5.6939154e+00, 1.1464550e+01,
       1.1539436e+01, 3.9520675e-01, 4.4768721e-01, 3.6752445e-01,
       5.1546979e-01, 5.2695972e-01, 1.8725548e+00, 1.9769064e-01,
       2.3400372e-01, 1.9885232e-01, 9.0012841e-02, 2.0280121e-01,
       7.0875365e-01, 2.8590784e+00, 1.4091862e+00, 2.2773733e+01,
       1.5111587e+01, 4.2913841e+01, 3.0748200e-01, 2.6937765e-01,
       6.7602885e-01, 3.5014160e+00, 2.7715178e+00, 5.8555632e+00,
       1.1399749e+01, 1.1661521e+01, 4.0278763e-01, 4.5315161e-01,
       3.6717245e-01, 5.2364427e-01, 4.8338807e-01, 1.8926810e+00,
       1.9525795e-01, 1.9301963e-01, 2.0927444e-01, 9.8195441e-02,
       1.5976129e-01, 7.6867521e-01, 2.9611657e+00, 1.5416107e+00,
       2.3296022e+01, 1.5302761e+01, 4.3506660e+01, 3.1323957e-01,
       2.1532834e-01, 6.1447710e-01, 3.6083975e+00, 2.8248503e+00,
       6.0505557e+00, 1.1342328e+01, 1.1781440e+01, 4.1017604e-01,
       4.5870608e-01, 3.6659706e-01, 5.3196025e-01, 4.3445504e-01,
       1.9125515e+00, 1.9267027e-01, 1.3785481e-01, 4.6085870e-01,
       1.9284558e+00, 2.2409062e-01, 1.8988232e-01, 2.7470579e-02,
       4.9338043e-02, 1.1397145e-01, 9.7221069e-02, 1.1225867e+01,
       3.1323957e-01, 2.3377413e+01, 1.3673994e-01, 5.3290808e-01,
       3.6894742e-01, 2.9152927e-01, 8.8134313e-01, 7.5179708e-01,
       2.8006554e+00, 1.5258378e+00, 1.1781440e+01, 3.6083975e+00,
       1.1342328e+01, 2.8248503e+00, 6.0505557e+00, 1.1031063e-01,
       2.3279892e-01, 2.0479879e-01, 3.6894742e-01, 2.9152927e-01,
       8.8134313e-01, 5.1443510e-02], dtype=float32), 'state': Array([ 0.18921839,  0.08240596,  0.23813255,  0.66262555,  2.7736802 ,
        1.2923038 , 22.248983  , 14.919845  , 42.309208  ,  0.30153   ,
        0.31271285,  0.73267555,  3.395325  ,  2.7213216 ,  5.6939154 ,
       11.46455   , 11.539436  ,  0.39520675,  0.4476872 ,  0.36752445,
        0.5154698 ,  0.5269597 ,  1.8725548 ,  0.19769064,  0.23400372,
        0.19885232,  0.09001284,  0.20280121,  0.70875365,  2.8590784 ,
        1.4091862 , 22.773733  , 15.111587  , 42.91384   ,  0.307482  ,
        0.26937765,  0.67602885,  3.501416  ,  2.7715178 ,  5.855563  ,
       11.399749  , 11.661521  ,  0.40278763,  0.4531516 ,  0.36717245,
        0.52364427,  0.48338807,  1.892681  ,  0.19525795,  0.19301963,
        0.20927444,  0.09819544,  0.1597613 ,  0.7686752 ,  2.9611657 ,
        1.5416107 , 23.296022  , 15.302761  , 43.50666   ,  0.31323957,
        0.21532834,  0.6144771 ,  3.6083975 ,  2.8248503 ,  6.0505557 ,
       11.342328  , 11.78144   ,  0.41017604,  0.45870608,  0.36659706,
        0.53196025,  0.43445504,  1.9125515 ,  0.19267027,  0.13785481,
        0.4608587 ], dtype=float32)}, count=UInt64(hi=0, lo=4988928), summed_variance={'privileged_state': Array([1.78621562e+05, 3.38785234e+04, 2.82907719e+05, 2.19050175e+06,
       3.83813320e+07, 8.33175500e+06, 2.46960538e+09, 1.11054426e+09,
       8.93052518e+09, 4.53595031e+05, 4.87863938e+05, 2.67812350e+06,
       5.75135160e+07, 3.69459640e+07, 1.61744384e+08, 6.55724288e+08,
       6.64318592e+08, 7.79212625e+05, 9.99900188e+05, 6.73875562e+05,
       1.32560362e+06, 1.38535812e+06, 1.74934840e+07, 1.94975234e+05,
       2.73182438e+05, 1.97273406e+05, 4.04218516e+04, 2.05186297e+05,
       2.50609725e+06, 4.07811400e+07, 9.90704200e+06, 2.58747187e+09,
       1.13927194e+09, 9.18759936e+09, 4.71679156e+05, 3.62018156e+05,
       2.28001475e+06, 6.11638320e+07, 3.83215040e+07, 1.71058464e+08,
       6.48332480e+08, 6.78449664e+08, 8.09393062e+05, 1.02445825e+06,
       6.72585375e+05, 1.36798075e+06, 1.16573300e+06, 1.78715440e+07,
       1.90206219e+05, 1.85870375e+05, 2.18494047e+05, 4.81049609e+04,
       1.27335758e+05, 2.94776575e+06, 4.37454320e+07, 1.18565050e+07,
       2.70751437e+09, 1.16827968e+09, 9.44318976e+09, 4.89508750e+05,
       2.31318094e+05, 1.88372988e+06, 6.49585000e+07, 3.98105440e+07,
       1.82640784e+08, 6.41817664e+08, 6.92474816e+08, 8.39359062e+05,
       1.04972675e+06, 6.70478938e+05, 1.41177538e+06, 9.41666125e+05,
       1.82487680e+07, 1.85198156e+05, 9.48093359e+04, 1.05960212e+06,
       1.85535340e+07, 2.50527016e+05, 1.79877266e+05, 3.76480835e+03,
       1.21442607e+04, 6.48036406e+04, 4.71550312e+04, 6.28705216e+08,
       4.89508750e+05, 2.72646605e+09, 9.32820312e+04, 1.41681088e+06,
       6.79103812e+05, 4.24005562e+05, 3.87522825e+06, 2.81973650e+06,
       3.91315120e+07, 1.16151280e+07, 6.92474816e+08, 6.49585000e+07,
       6.41817664e+08, 3.98105440e+07, 1.82640784e+08, 6.07074414e+04,
       2.70376625e+05, 2.09248328e+05, 6.79103812e+05, 4.24005562e+05,
       3.87522825e+06, 1.32028721e+04], dtype=float32), 'state': Array([1.78621562e+05, 3.38785234e+04, 2.82907719e+05, 2.19050175e+06,
       3.83813320e+07, 8.33175500e+06, 2.46960538e+09, 1.11054426e+09,
       8.93052518e+09, 4.53595031e+05, 4.87863938e+05, 2.67812350e+06,
       5.75135160e+07, 3.69459640e+07, 1.61744384e+08, 6.55724288e+08,
       6.64318592e+08, 7.79212625e+05, 9.99900188e+05, 6.73875562e+05,
       1.32560362e+06, 1.38535812e+06, 1.74934840e+07, 1.94975234e+05,
       2.73182438e+05, 1.97273406e+05, 4.04218516e+04, 2.05186297e+05,
       2.50609725e+06, 4.07811400e+07, 9.90704200e+06, 2.58747187e+09,
       1.13927194e+09, 9.18759936e+09, 4.71679156e+05, 3.62018156e+05,
       2.28001475e+06, 6.11638320e+07, 3.83215040e+07, 1.71058464e+08,
       6.48332480e+08, 6.78449664e+08, 8.09393062e+05, 1.02445825e+06,
       6.72585375e+05, 1.36798075e+06, 1.16573300e+06, 1.78715440e+07,
       1.90206219e+05, 1.85870375e+05, 2.18494047e+05, 4.81049609e+04,
       1.27335758e+05, 2.94776575e+06, 4.37454320e+07, 1.18565050e+07,
       2.70751437e+09, 1.16827968e+09, 9.44318976e+09, 4.89508750e+05,
       2.31318094e+05, 1.88372988e+06, 6.49585000e+07, 3.98105440e+07,
       1.82640784e+08, 6.41817664e+08, 6.92474816e+08, 8.39359062e+05,
       1.04972675e+06, 6.70478938e+05, 1.41177538e+06, 9.41666125e+05,
       1.82487680e+07, 1.85198156e+05, 9.48093359e+04, 1.05960212e+06],      dtype=float32)}, std_eps=Array(0., dtype=float32), mode=<NormalizationMode.WELFORD: 0>)
EXPORT_DONE dict_keys(['hidden_0_bias', 'hidden_0_kernel', 'hidden_1_bias', 'hidden_1_kernel', 'hidden_2_bias', 'hidden_2_kernel', 'hidden_3_bias', 'hidden_3_kernel', 'mean', 'std'])
